[Info] [carb] Logging to file: /home/hoyunkim/isaacsim/kit/logs/Kit/Isaac-Sim Python/5.1/kit_20260909_204551.log
2026-09-09T11:45:51Z [0ms] [Warning] [carb.crashreporter-breakpad.plugin] [previous crash] preventing upload of minidump due to user opt-out: '/home/hoyunkim/isaacsim/kit/data/Kit/Isaac-Sim Python/5.1/ef177824-28cb-456c-1d8886ab-7c3f4e6e.dmp'
2026-09-09T11:45:51Z [0ms] [Warning] [carb.crashreporter-breakpad.plugin] [previous crash] preventing upload of minidump due to user opt-out: '/home/hoyunkim/isaacsim/kit/data/Kit/Isaac-Sim Python/5.1/67ac068b-f638-41b4-e07d74b2-b78a46a3.dmp'
2026-09-09T11:45:51Z [0ms] [Warning] [carb.crashreporter-breakpad.plugin] [previous crash] preventing upload of minidump due to user opt-out: '/home/hoyunkim/isaacsim/kit/data/Kit/Isaac-Sim Python/5.1/a8b25471-f584-485e-b0f73096-3091a0e7.dmp'
2026-09-09T11:45:51Z [0ms] [Warning] [carb.crashreporter-breakpad.plugin] [previous crash] preventing upload of minidump due to user opt-out: '/home/hoyunkim/isaacsim/kit/data/Kit/Isaac-Sim Python/5.1/4ff91514-3cce-482b-3d7a418d-975ff533.dmp'
2026-09-09T11:45:51Z [1ms] [Warning] [carb.crashreporter-breakpad.plugin] [previous crash] preventing upload of minidump due to user opt-out: '/home/hoyunkim/isaacsim/kit/data/Kit/Isaac-Sim Python/5.1/a14f1e83-9105-4cc3-8f136382-2f7f62ed.dmp'
[0.023s] [ext: omni.kit.async_engine-0.0.3] startup
[0.195s] [ext: omni.metrics.core-0.0.3] startup
[0.195s] [ext: omni.client.lib-1.1.0] startup
[0.203s] [ext: omni.blobkey-1.1.2] startup
[0.203s] [ext: omni.stats-1.0.1] startup
[0.203s] [ext: omni.datastore-0.0.0] startup
[0.207s] [ext: omni.client-1.3.0] startup
[0.259s] [ext: omni.ujitso.default-1.0.0] startup
[0.261s] [ext: omni.hsscclient-1.1.2] startup
[0.264s] [ext: omni.gpu_foundation.shadercache.vulkan-1.0.0] startup
[0.265s] [ext: omni.assets.plugins-0.0.0] startup
[0.266s] [ext: omni.gpu_foundation-0.0.0] startup
[0.270s] [ext: carb.windowing.plugins-1.0.0] startup
[0.273s] [ext: omni.kit.renderer.init-0.0.0] startup
2026-09-09T11:45:52Z [450ms] [Warning] [gpu.foundation.plugin] Skipping unsupported non-NVIDIA GPU: AMD Ryzen 7 9700X 8-Core Processor (RADV RAPHAEL_MENDOCINO)
2026-09-09T11:45:52Z [450ms] [Warning] [gpu.foundation.plugin] Skipping unsupported non-NVIDIA GPU: AMD Ryzen 7 9700X 8-Core Processor (RADV RAPHAEL_MENDOCINO)

|---------------------------------------------------------------------------------------------|
| Driver Version: 580.142       | Graphics API: Vulkan
|=============================================================================================|
| GPU | Name                             | Active | LDA | GPU Memory | Vendor-ID | LUID       |
|     |                                  |        |     |            | Device-ID | UUID       |
|     |                                  |        |     |            | Bus-ID    |            |
|---------------------------------------------------------------------------------------------|
| 0   | NVIDIA GeForce RTX 5070 Ti       | Yes: 0 |     | 16303   MB | 10de      | 0          |
|     |                                  |        |     |            | 2c05      | 0789213c.. |
|     |                                  |        |     |            | 1         |            |
|---------------------------------------------------------------------------------------------|
| 1   | AMD Ryzen 7 9700X 8-Core Proce.. |        |     | 21992   MB | 1002      | 0          |
|     |                                  |        |     |            | 13c0      | 00000000.. |
|     |                                  |        |     |            | 10        |            |
|=============================================================================================|
| OS: 24.04.4 LTS (Noble Numbat) ubuntu, Version: 24.04.4, Kernel: 6.8.0-110-generic
| XServer Vendor: The X.Org Foundation, XServer Version: 12101011 (1.21.1.11)
| Processor: AMD Ryzen 7 9700X 8-Core Processor
| Cores: 8 | Logical Cores: 16
|---------------------------------------------------------------------------------------------|
| Total Memory (MB): 61882 | Free Memory: 43153
| Total Page/Swap (MB): 2047 | Free Page/Swap: 4
|---------------------------------------------------------------------------------------------|
2026-09-09T11:45:52Z [654ms] [Warning] [gpu.foundation.plugin] IOMMU is enabled.
2026-09-09T11:45:52Z [654ms] [Warning] [gpu.foundation.plugin] Detected IOMMU is enabled. Running CUDA peer-to-peer bandwidth and latency validation.
Unidirectional P2P=Enabled Bandwidth (P2P Writes) Matrix (GB/s)
   D\D     0 
     0 775.43 
P2P=Enabled Latency (P2P Writes) Matrix (us)
   GPU     0 
     0   2.07 

   CPU     0 
     0   1.81 
[0.739s] [ext: omni.kit.pipapi-0.0.0] startup
[0.740s] [ext: omni.kit.pip_archive-0.0.0] startup
[0.740s] [ext: omni.pip.compute-1.6.3] startup
[0.740s] [ext: omni.materialx.libs-1.0.7] startup
[0.745s] [ext: omni.pip.cloud-1.4.3] startup
[0.747s] [ext: omni.isaac.core_archive-3.0.0] startup
[0.747s] [ext: omni.usd.config-1.0.6] startup
[0.749s] [ext: omni.gpucompute.plugins-0.0.0] startup
[0.749s] [ext: omni.usd.libs-1.0.1] startup
[0.793s] [ext: omni.kit.telemetry-0.5.2] startup
[0.807s] [ext: omni.mdl-56.0.3] startup
[0.874s] [ext: omni.iray.libs-0.0.0] startup
[0.878s] [ext: omni.mdl.neuraylib-0.2.12] startup
[0.880s] [ext: omni.kit.usd.mdl-1.1.5] startup
[0.941s] [ext: omni.isaac.ml_archive-3.0.4] startup
[0.942s] [ext: omni.kit.loop-isaac-1.3.7] startup
[0.942s] [ext: omni.kit.test-2.0.1] startup
[0.969s] [ext: omni.appwindow-1.1.10] startup
[1.130s] [ext: omni.kit.renderer.core-1.1.0] startup
[3.712s] [ext: omni.kit.renderer.capture-0.0.0] startup
[3.713s] [ext: omni.kit.renderer.imgui-2.0.5] startup
[3.749s] [ext: omni.ui-2.27.1] startup
[3.754s] [ext: omni.kit.mainwindow-1.0.3] startup
[3.755s] [ext: carb.audio-0.1.0] startup
[3.757s] [ext: omni.uiaudio-1.0.0] startup
[3.758s] [ext: omni.kit.uiapp-0.0.0] startup
[3.758s] [ext: omni.usd.schema.metrics.assembler-107.3.1] startup
[3.759s] [ext: omni.usd.schema.audio-0.0.0] startup
[3.761s] [ext: omni.anim.graph.schema-107.3.3] startup
[3.767s] [ext: omni.usd_resolver-1.0.0] startup
[3.769s] [ext: omni.usd.core-1.5.3] startup
[3.770s] [ext: omni.usd.schema.render_settings.rtx-0.0.0] startup
[3.779s] [ext: omni.usd.schema.semantics-0.0.0] startup
[3.780s] [ext: isaacsim.robot.schema-3.6.0] startup
[3.785s] [ext: omni.usd.schema.geospatial-0.0.0] startup
[3.786s] [ext: omni.usd.schema.anim-0.0.0] startup
[3.794s] [ext: omni.kit.window.popup_dialog-2.0.24] startup
[3.796s] [ext: usdrt.scenegraph-7.6.1] startup
[3.820s] [ext: omni.timeline-1.0.14] startup
[3.821s] [ext: omni.resourcemonitor-107.0.1] startup
[3.822s] [ext: omni.activity.core-1.0.3] startup
[3.823s] [ext: omni.kit.widget.nucleus_connector-2.0.1] startup
[3.824s] [ext: omni.hydra.usdrt_delegate-7.5.1] startup
[3.828s] [ext: omni.kit.actions.core-1.0.0] startup
[3.829s] [ext: omni.graph.exec-0.9.6] startup
[3.829s] [ext: omni.kit.commands-1.4.10] startup
[3.831s] [ext: omni.kit.usd_undo-0.1.8] startup
[3.832s] [ext: omni.kit.exec.core-0.13.4] startup
[3.832s] [ext: omni.kit.audiodeviceenum-1.0.2] startup
[3.833s] [ext: omni.hydra.scene_delegate-0.3.4] startup
[3.835s] [ext: omni.usd-1.13.10] startup
[3.852s] [ext: omni.kit.asset_converter-5.0.17] startup
[3.859s] [ext: omni.usd.schema.flow-107.1.1] startup
[3.859s] [ext: omni.usd.schema.omnigraph-1.0.0] startup
[3.862s] [ext: omni.usd.schema.omni_sensors-0.0.0] startup
[3.862s] [ext: omni.anim.navigation.schema-107.3.3] startup
[3.864s] [ext: omni.inspect-1.0.2] startup
[3.865s] [ext: omni.kit.notification_manager-1.0.10] startup
[3.866s] [ext: omni.graph.core-2.184.5] startup
[3.867s] [ext: isaacsim.core.deprecation_manager-0.2.7] startup
[3.867s] [ext: omni.usd.schema.physx-107.3.26] startup
[3.887s] [ext: omni.usd.schema.isaac-3.0.5] startup
[3.887s] [ext: omni.usd.schema.omniscripting-1.0.0] startup
[3.890s] [ext: omni.usd.schema.omni_lens_distortion-0.0.0] startup
[3.890s] [ext: omni.kvdb-107.3.26] startup
[3.891s] [ext: omni.usdphysics-107.3.26] startup
[3.892s] [ext: omni.physx.foundation-107.3.26] startup
[3.893s] [ext: omni.localcache-107.3.26] startup
[3.894s] [ext: omni.convexdecomposition-107.3.26] startup
[3.895s] [ext: omni.physx.cooking-107.3.26] startup
[3.897s] [ext: omni.physx-107.3.26] startup
[3.903s] [ext: omni.physics-107.3.26] startup
[3.905s] [ext: omni.kit.usd.layers-2.2.11] startup
[3.909s] [ext: omni.physics.physx-107.3.26] startup
2026-09-09T11:45:55Z [3,904ms] [Warning] [carb] Acquiring non optional plugin interface which is not listed as dependency: [omni::physx::IPhysxBenchmarks v1.0] (plugin: <default plugin>), by client: omni.physics.physx.plugin. Add it to CARB_PLUGIN_IMPL_DEPS() macro of a client.
[3.910s] [ext: omni.physics.stageupdate-107.3.26] startup
[3.911s] [ext: omni.kit.numpy.common-0.1.3] startup
[3.912s] [ext: isaacsim.core.version-2.0.6] startup
[3.912s] [ext: omni.isaac.dynamic_control-2.0.7] startup
2026-09-09T11:45:55Z [3,909ms] [Warning] [omni.isaac.dynamic_control] omni.isaac.dynamic_control is deprecated as of Isaac Sim 4.5. No action is needed from end-users.
[3.915s] [ext: isaacsim.storage.native-1.5.1] startup
[3.916s] [ext: omni.kit.menu.core-1.1.2] startup
[3.917s] [ext: omni.kit.helper.file_utils-0.1.9] startup
[3.917s] [ext: omni.usd.metrics.assembler-107.3.1] startup
[3.920s] [ext: omni.kit.widget.context_menu-1.2.5] startup
[3.921s] [ext: omni.warp.core-1.8.2] startup
[4.037s] [ext: omni.usd.metrics.assembler.physics-107.3.26] startup
[4.039s] [ext: omni.physics.tensors-107.3.26] startup
[4.042s] [ext: omni.kit.context_menu-1.8.6] startup
[4.043s] [ext: omni.kit.clipboard-1.0.5] startup
[4.043s] [ext: isaacsim.core.utils-3.5.1] startup
[4.045s] [ext: omni.kit.widget.filebrowser-2.12.3] startup
[4.048s] [ext: omni.kit.widget.options_menu-1.1.6] startup
[4.049s] [ext: omni.kit.widget.path_field-2.0.11] startup
[4.049s] [ext: omni.index.libs-380600.8087.0] startup
[4.049s] [ext: omni.ui.scene-1.11.5] startup
[4.052s] [ext: omni.kit.widget.options_button-1.0.3] startup
[4.052s] [ext: omni.kit.widget.browser_bar-2.0.10] startup
[4.053s] [ext: omni.index-1.0.1] startup
[4.053s] [ext: omni.hydra.rtx.shadercache.vulkan-1.0.0] startup
[4.054s] [ext: omni.kit.window.filepicker-2.13.4] startup
[4.061s] [ext: omni.volume-0.5.2] startup
[4.062s] [ext: omni.ujitso.client-0.0.0] startup
[4.063s] [ext: omni.graph.tools-1.79.2] startup
[4.075s] [ext: omni.graph.image.core-0.6.1] startup
[4.075s] [ext: omni.hydra.rtx-1.0.0] startup
2026-09-09T11:45:55Z [4,080ms] [Warning] [omni.log] Source: omni.hydra was already registered.
[4.093s] [ext: omni.kit.window.file_importer-1.1.18] startup
[4.095s] [ext: omni.kit.menu.utils-2.0.5] startup
[4.099s] [ext: omni.graph.image.nodes-1.3.1] startup
[4.100s] [ext: omni.kit.widget.searchable_combobox-1.0.6] startup
[4.100s] [ext: omni.kit.hydra_texture-1.4.6] startup
[4.102s] [ext: omni.kit.material.library-2.0.7] startup
[4.105s] [ext: omni.hydra.engine.stats-1.0.3] startup
[4.106s] [ext: omni.kit.viewport.scene_camera_model-1.0.6] startup
[4.108s] [ext: omni.kit.widget.settings-1.2.6] startup
[4.109s] [ext: omni.kit.viewport.legacy_gizmos-1.0.19] startup
[4.110s] [ext: omni.kit.widget.viewport-107.1.3] startup
[4.112s] [ext: omni.kit.viewport.registry-104.0.6] startup
[4.112s] [ext: omni.kit.raycast.query-1.1.0] startup
[4.115s] [ext: omni.physx.tensors-107.3.26] startup
[4.117s] [ext: omni.kit.window.drop_support-1.0.5] startup
[4.118s] [ext: omni.kit.primitive.mesh-1.0.17] startup
[4.119s] [ext: omni.kit.viewport.window-107.2.0] startup
[4.130s] [ext: omni.kit.window.preferences-1.8.0] startup
[4.133s] [ext: isaacsim.core.simulation_manager-1.4.4] startup
[4.874s] [ext: omni.graph.action_core-1.1.7] startup
[4.875s] [ext: omni.graph-1.141.2] startup
[4.899s] [ext: omni.kit.viewport.utility-1.1.2] startup
[4.899s] [ext: omni.kit.viewport.menubar.core-107.2.1] startup
[4.907s] [ext: isaacsim.core.prims-0.6.1] startup
[4.923s] [ext: omni.graph.action_nodes-1.50.4] startup
[4.925s] [ext: omni.kit.stage_template.core-1.1.22] startup
[4.926s] [ext: omni.syntheticdata-0.6.13] startup
[4.943s] [ext: omni.graph.nodes-1.170.10] startup
[4.950s] [ext: omni.graph.action-1.130.0] startup
[4.953s] [ext: omni.kit.stage_templates-2.0.0] startup
[4.963s] [ext: omni.kit.widget.filter-1.1.4] startup
[4.965s] [ext: omni.kit.widget.graph-2.0.0] startup
[4.970s] [ext: omni.kit.property.adapter.core-1.0.2] startup
[4.971s] [ext: omni.kit.window.file_exporter-1.0.33] startup
[4.972s] [ext: omni.kit.widget.searchfield-1.1.8] startup
[4.973s] [ext: omni.kit.hotkeys.core-1.3.10] startup
[4.974s] [ext: omni.kit.graph.delegate.default-1.2.3] startup
[4.974s] [ext: omni.kit.property.adapter.fabric-1.0.3] startup
[4.975s] [ext: omni.kit.widget.stage-3.1.4] startup
[4.982s] [ext: omni.kit.property.adapter.usd-1.0.2] startup
[4.983s] [ext: omni.kit.graph.editor.core-1.5.3] startup
[4.984s] [ext: omni.kit.widget.material_preview-1.0.16] startup
[4.985s] [ext: omni.kit.widget.highlight_label-1.0.3] startup
[4.986s] [ext: omni.kit.window.file-2.0.5] startup
[4.988s] [ext: omni.kit.window.content_browser_registry-0.0.6] startup
[4.988s] [ext: omni.kit.window.property-1.12.1] startup
[4.990s] [ext: omni.kit.window.content_browser-3.1.3] startup
[4.996s] [ext: omni.kit.graph.usd.commands-1.3.1] startup
[4.997s] [ext: omni.kit.property.usd-4.5.12] startup
[5.003s] [ext: omni.graph.ui_nodes-1.50.5] startup
[5.005s] [ext: omni.videoencoding-0.1.2] startup
[5.006s] [ext: omni.kit.window.material_graph-1.9.1] startup
[5.014s] [ext: omni.warp-1.8.2] startup
[5.017s] [ext: isaacsim.core.api-4.8.0] startup
[5.042s] [ext: omni.graph.scriptnode-1.50.0] startup
[5.046s] [ext: isaacsim.test.docstring-1.1.0] startup
[5.057s] [ext: isaacsim.core.experimental.utils-0.3.0] startup
[5.060s] [ext: omni.replicator.core-1.12.27] startup
2026-09-09T11:45:56Z [5,067ms] [Warning] [pxr.Semantics] pxr.Semantics is deprecated - please use Semantics instead
2026-09-09T11:45:57Z [5,136ms] [Warning] [omni.graph.core.plugin] Found duplicate of category 'Replicator' - was 'Annotators', adding 'Fabric Reader'
2026-09-09T11:45:57Z [5,136ms] [Warning] [omni.graph.core.plugin] Category 'Replicator' not accepted on node type 'omni.replicator.core.FabricReader' in extension 'omni.replicator.core'
2026-09-09T11:45:57Z [5,137ms] [Warning] [omni.replicator.core.scripts.extension] No material configuration file, adding configuration to material settings directly.
[5.145s] [ext: isaacsim.core.experimental.prims-0.8.1] startup
[5.174s] [ext: omni.kit.window.extensions-1.4.27] startup
[5.181s] [ext: isaacsim.core.experimental.objects-0.4.0] startup
[5.189s] [ext: omni.ui_query-1.1.8] startup
[5.193s] [ext: omni.kit.manipulator.viewport-107.0.1] startup
[5.195s] [ext: isaacsim.robot.surface_gripper-3.3.1] startup
[5.198s] [ext: omni.kit.ui_test-1.3.7] startup
[5.201s] [ext: omni.graph.visualization.nodes-2.1.3] startup
[5.226s] [ext: isaacsim.robot_motion.lula-4.0.8] startup
[5.246s] [ext: isaacsim.core.nodes-3.4.3] startup
[5.257s] [ext: isaacsim.gui.components-1.2.1] startup
[5.325s] [ext: isaacsim.robot_motion.motion_generation-8.0.26] startup
[5.465s] [ext: isaacsim.robot.manipulators-3.3.6] startup
[5.539s] [ext: isaacsim.core.experimental.materials-0.4.0] startup
[5.549s] [ext: isaacsim.robot.manipulators.examples-1.1.2] startup
[5.553s] [ext: isaacsim.cortex.framework-1.0.12] startup
[5.560s] [ext: isaacsim.cortex.behaviors-2.0.14] startup
[5.562s] [ext: omni.isaac.cortex.sample_behaviors-2.0.5] startup
2026-09-09T11:45:57Z [5,558ms] [Warning] [omni.isaac.cortex] omni.isaac.cortex has been deprecated in favor of isaacsim.cortex.framework. Please update your code accordingly.
2026-09-09T11:45:57Z [5,558ms] [Warning] [omni.isaac.cortex.sample_behaviors] omni.isaac.cortex.sample_behaviors has been deprecated in favor of isaacsim.cortex.behaviors. Please update your code accordingly.
[5.564s] [ext: omni.kit.widget.zoombar-1.0.6] startup
[5.569s] [ext: isaacsim.gui.content_browser-0.1.11] startup
[5.573s] [ext: omni.kit.browser.core-2.3.13] startup
[5.579s] [ext: omni.kit.widget.stage_icons-1.0.8] startup
[5.581s] [ext: omni.kit.widget.prompt-1.0.7] startup
[5.582s] [ext: omni.kit.usd.collect-2.4.5] startup
[5.584s] [ext: omni.kit.browser.folder.core-1.10.9] startup
[5.589s] [ext: omni.kit.window.stage-2.6.1] startup
[5.596s] [ext: omni.kit.usdz_export-1.0.9] startup
[5.601s] [ext: omni.kit.tool.collect-2.2.18] startup
[5.606s] [ext: omni.kit.menu.stage-1.2.7] startup
[5.606s] [ext: omni.kit.tool.asset_importer-4.3.2] startup
[5.609s] [ext: isaacsim.robot.wheeled_robots-4.0.24] startup
[5.612s] [ext: isaacsim.examples.browser-0.2.1] startup
[5.615s] [ext: isaacsim.asset.importer.urdf-2.4.30] startup
[5.654s] [ext: omni.isaac.wheeled_robots-3.0.7] startup
2026-09-09T11:45:57Z [5,649ms] [Warning] [omni.isaac.wheeled_robots] omni.isaac.wheeled_robots has been deprecated in favor of isaacsim.robot.wheeled_robots. Please update your code accordingly.
2026-09-09T11:45:57Z [5,649ms] [Warning] [omni.isaac.wheeled_robots.controllers] omni.isaac.wheeled_robots has been deprecated in favor of isaacsim.robot.wheeled_robots. Please update your code accordingly.
2026-09-09T11:45:57Z [5,649ms] [Warning] [omni.isaac.wheeled_robots.controllers.ackermann_controller] omni.isaac.wheeled_robots has been deprecated in favor of isaacsim.robot.wheeled_robots. Please update your code accordingly.
2026-09-09T11:45:57Z [5,649ms] [Warning] [omni.isaac.wheeled_robots.controllers.differential_controller] omni.isaac.wheeled_robots has been deprecated in favor of isaacsim.robot.wheeled_robots. Please update your code accordingly.
2026-09-09T11:45:57Z [5,649ms] [Warning] [omni.isaac.wheeled_robots.controllers.holonomic_controller] omni.isaac.wheeled_robots has been deprecated in favor of isaacsim.robot.wheeled_robots. Please update your code accordingly.
2026-09-09T11:45:57Z [5,649ms] [Warning] [omni.isaac.wheeled_robots.controllers.quintic_path_planner] omni.isaac.wheeled_robots has been deprecated in favor of isaacsim.robot.wheeled_robots. Please update your code accordingly.
2026-09-09T11:45:57Z [5,650ms] [Warning] [omni.isaac.wheeled_robots.controllers.stanley_control] omni.isaac.wheeled_robots has been deprecated in favor of isaacsim.robot.wheeled_robots. Please update your code accordingly.
2026-09-09T11:45:57Z [5,651ms] [Warning] [omni.isaac.wheeled_robots.controllers.wheel_base_pose_controller] omni.isaac.wheeled_robots has been deprecated in favor of isaacsim.robot.wheeled_robots. Please update your code accordingly.
2026-09-09T11:45:57Z [5,651ms] [Warning] [omni.isaac.wheeled_robots.impl] omni.isaac.wheeled_robots has been deprecated in favor of isaacsim.robot.wheeled_robots. Please update your code accordingly.
2026-09-09T11:45:57Z [5,652ms] [Warning] [omni.isaac.wheeled_robots.robots] omni.isaac.wheeled_robots has been deprecated in favor of isaacsim.robot.wheeled_robots. Please update your code accordingly.
2026-09-09T11:45:57Z [5,653ms] [Warning] [omni.isaac.wheeled_robots.robots.holonomic_robot_usd_setup] omni.isaac.wheeled_robots has been deprecated in favor of isaacsim.robot.wheeled_robots. Please update your code accordingly.
2026-09-09T11:45:57Z [5,653ms] [Warning] [omni.isaac.wheeled_robots.robots.wheeled_robot] omni.isaac.wheeled_robots has been deprecated in favor of isaacsim.robot.wheeled_robots. Please update your code accordingly.
[5.659s] [ext: isaacsim.simulation_app-2.12.2] startup
[5.660s] [ext: omni.isaac.franka-1.0.7] startup
2026-09-09T11:45:57Z [5,655ms] [Warning] [omni.isaac.franka] omni.isaac.franka has been deprecated in favor of isaacsim.robot.manipulators.examples.franka. Please update your code accordingly.
2026-09-09T11:45:57Z [5,655ms] [Warning] [omni.isaac.franka.franka] omni.isaac.franka has been deprecated in favor of isaacsim.robot.manipulators.examples.franka. Please update your code accordingly.
2026-09-09T11:45:57Z [5,668ms] [Warning] [omni.isaac.franka.kinematics_solver] omni.isaac.franka has been deprecated in favor of isaacsim.robot.manipulators.examples.franka. Please update your code accordingly.
[5.674s] [ext: omni.isaac.kit-2.0.6] startup
2026-09-09T11:45:57Z [5,669ms] [Warning] [omni.isaac.kit] omni.isaac.kit has been deprecated in favor of isaacsim.simulation_app. Please update your code accordingly.
[5.676s] [ext: omni.kit.selection-0.1.6] startup
[5.676s] [ext: omni.isaac.lula-4.0.6] startup
2026-09-09T11:45:57Z [5,671ms] [Warning] [omni.isaac.lula] omni.isaac.lula has been deprecated in favor of isaacsim.robot_motion.lula. Please update your code accordingly.
[5.677s] [ext: isaacsim.robot_motion.lula_test_widget-1.0.12] startup
[5.678s] [ext: isaacsim.asset.browser-1.3.23] startup
[5.718s] [ext: omni.kit.viewport.actions-107.0.2] startup
[5.721s] [ext: isaacsim.gui.menu-2.4.4] startup
[5.725s] [ext: omni.isaac.manipulators-3.0.7] startup
2026-09-09T11:45:57Z [5,719ms] [Warning] [omni.isaac.manipulators] omni.isaac.manipulators has been deprecated in favor of isaacsim.robot.manipulators. Please update your code accordingly.
2026-09-09T11:45:57Z [5,720ms] [Warning] [omni.isaac.manipulators.controllers] omni.isaac.manipulators has been deprecated in favor of isaacsim.robot.manipulators. Please update your code accordingly.
2026-09-09T11:45:57Z [5,720ms] [Warning] [omni.isaac.manipulators.controllers.pick_place_controller] omni.isaac.manipulators has been deprecated in favor of isaacsim.robot.manipulators. Please update your code accordingly.
2026-09-09T11:45:57Z [5,721ms] [Warning] [omni.isaac.manipulators.controllers.stacking_controller] omni.isaac.manipulators has been deprecated in favor of isaacsim.robot.manipulators. Please update your code accordingly.
2026-09-09T11:45:57Z [5,721ms] [Warning] [omni.isaac.manipulators.grippers] omni.isaac.manipulators has been deprecated in favor of isaacsim.robot.manipulators. Please update your code accordingly.
2026-09-09T11:45:57Z [5,721ms] [Warning] [omni.isaac.manipulators.grippers.gripper] omni.isaac.manipulators has been deprecated in favor of isaacsim.robot.manipulators. Please update your code accordingly.
2026-09-09T11:45:57Z [5,721ms] [Warning] [omni.isaac.manipulators.grippers.parallel_gripper] omni.isaac.manipulators has been deprecated in favor of isaacsim.robot.manipulators. Please update your code accordingly.
2026-09-09T11:45:57Z [5,721ms] [Warning] [omni.isaac.manipulators.grippers.surface_gripper] omni.isaac.manipulators has been deprecated in favor of isaacsim.robot.manipulators. Please update your code accordingly.
2026-09-09T11:45:57Z [5,721ms] [Warning] [omni.isaac.manipulators.manipulators] omni.isaac.manipulators has been deprecated in favor of isaacsim.robot.manipulators. Please update your code accordingly.
2026-09-09T11:45:57Z [5,721ms] [Warning] [omni.isaac.manipulators.manipulators.single_manipulator] omni.isaac.manipulators has been deprecated in favor of isaacsim.robot.manipulators. Please update your code accordingly.
[5.727s] [ext: omni.isaac.lula_test_widget-1.0.6] startup
2026-09-09T11:45:57Z [5,722ms] [Warning] [omni.isaac.lula_test_widget] omni.isaac.lula_test_widget has been deprecated in favor of isaacsim.robot_motion.lula_test_widget. Please update your code accordingly.
[5.729s] [ext: omni.isaac.asset_browser-1.0.6] startup
2026-09-09T11:45:57Z [5,723ms] [Warning] [omni.isaac.asset_browser] omni.isaac.asset_browser has been deprecated in favor of isaacsim.asset.browser. Please update your code accordingly.
[5.730s] [ext: omni.kit.viewport.menubar.display-107.0.3] startup
[5.733s] [ext: omni.isaac.menu-1.0.6] startup
2026-09-09T11:45:57Z [5,728ms] [Warning] [omni.isaac.menu] omni.isaac.menu has been deprecated in favor of isaacsim.gui.menu. Please update your code accordingly.
[5.734s] [ext: omni.isaac.motion_generation-8.0.7] startup
2026-09-09T11:45:57Z [5,729ms] [Warning] [omni.isaac.motion_generation] omni.isaac.motion_generation has been deprecated in favor of isaacsim.robot_motion.motion_generation. Please update your code accordingly.
2026-09-09T11:45:57Z [5,729ms] [Warning] [omni.isaac.motion_generation.articulation_kinematics_solver] omni.isaac.motion_generation has been deprecated in favor of isaacsim.robot_motion.motion_generation. Please update your code accordingly.
2026-09-09T11:45:57Z [5,730ms] [Warning] [omni.isaac.motion_generation.articulation_motion_policy] omni.isaac.motion_generation has been deprecated in favor of isaacsim.robot_motion.motion_generation. Please update your code accordingly.
2026-09-09T11:45:57Z [5,730ms] [Warning] [omni.isaac.motion_generation.articulation_trajectory] omni.isaac.motion_generation has been deprecated in favor of isaacsim.robot_motion.motion_generation. Please update your code accordingly.
2026-09-09T11:45:57Z [5,730ms] [Warning] [omni.isaac.motion_generation.kinematics_interface] omni.isaac.motion_generation has been deprecated in favor of isaacsim.robot_motion.motion_generation. Please update your code accordingly.
2026-09-09T11:45:57Z [5,730ms] [Warning] [omni.isaac.motion_generation.lula] omni.isaac.motion_generation has been deprecated in favor of isaacsim.robot_motion.motion_generation. Please update your code accordingly.
2026-09-09T11:45:57Z [5,730ms] [Warning] [omni.isaac.motion_generation.lula.kinematics] omni.isaac.motion_generation has been deprecated in favor of isaacsim.robot_motion.motion_generation. Please update your code accordingly.
2026-09-09T11:45:57Z [5,730ms] [Warning] [omni.isaac.motion_generation.lula.motion_policies] omni.isaac.motion_generation has been deprecated in favor of isaacsim.robot_motion.motion_generation. Please update your code accordingly.
2026-09-09T11:45:57Z [5,730ms] [Warning] [omni.isaac.motion_generation.lula.path_planners] omni.isaac.motion_generation has been deprecated in favor of isaacsim.robot_motion.motion_generation. Please update your code accordingly.
2026-09-09T11:45:57Z [5,730ms] [Warning] [omni.isaac.motion_generation.lula.trajectory_generator] omni.isaac.motion_generation has been deprecated in favor of isaacsim.robot_motion.motion_generation. Please update your code accordingly.
2026-09-09T11:45:57Z [5,730ms] [Warning] [omni.isaac.motion_generation.motion_policy_controller] omni.isaac.motion_generation has been deprecated in favor of isaacsim.robot_motion.motion_generation. Please update your code accordingly.
2026-09-09T11:45:57Z [5,730ms] [Warning] [omni.isaac.motion_generation.motion_policy_interface] omni.isaac.motion_generation has been deprecated in favor of isaacsim.robot_motion.motion_generation. Please update your code accordingly.
2026-09-09T11:45:57Z [5,730ms] [Warning] [omni.isaac.motion_generation.path_planner_visualizer] omni.isaac.motion_generation has been deprecated in favor of isaacsim.robot_motion.motion_generation. Please update your code accordingly.
2026-09-09T11:45:57Z [5,730ms] [Warning] [omni.isaac.motion_generation.path_planning_interface] omni.isaac.motion_generation has been deprecated in favor of isaacsim.robot_motion.motion_generation. Please update your code accordingly.
2026-09-09T11:45:57Z [5,730ms] [Warning] [omni.isaac.motion_generation.trajectory] omni.isaac.motion_generation has been deprecated in favor of isaacsim.robot_motion.motion_generation. Please update your code accordingly.
2026-09-09T11:45:57Z [5,730ms] [Warning] [omni.isaac.motion_generation.world_interface] omni.isaac.motion_generation has been deprecated in favor of isaacsim.robot_motion.motion_generation. Please update your code accordingly.
[5.736s] [ext: omni.isaac.assets_check-0.3.13] startup
2026-09-09T11:45:57Z [5,731ms] [Warning] [omni.isaac.assets_check] omni.isaac.assets_check has been deprecated in favor of isaacsim.asset.browser. Please update your code accordingly.
[5.737s] [ext: isaacsim.gui.sensors.icon-2.0.3] startup
[5.745s] [ext: isaacsim.asset.importer.mjcf-2.5.13] startup
[5.748s] [ext: omni.sensors.nv.common-3.0.0] startup
[5.754s] [ext: isaacsim.sensors.physics-0.4.3] startup
[5.758s] [ext: omni.sensors.net-1.0.0] startup
[5.760s] [ext: omni.isaac.nucleus-1.0.6] startup
2026-09-09T11:45:57Z [5,754ms] [Warning] [omni.isaac.nucleus] omni.isaac.nucleus has been deprecated in favor of isaacsim.storage.native. Please update your code accordingly.
2026-09-09T11:45:57Z [5,754ms] [Warning] [omni.isaac.nucleus.nucleus] omni.isaac.nucleus.nucleus has been deprecated in favor of isaacsim.storage.native. Please update your code accordingly.
[5.760s] [ext: omni.sensors.nv.materials-2.0.0] startup
[5.763s] [ext: isaacsim.robot.policy.examples-4.1.11] startup
[5.765s] [ext: omni.sensors.nv.wpm-3.0.0] startup
[5.766s] [ext: omni.sensors.nv.lidar-3.0.0] startup
[5.771s] [ext: isaacsim.util.debug_draw-3.1.0] startup
[5.773s] [ext: omni.sensors.nv.radar-3.0.0] startup
[5.775s] [ext: omni.sensors.nv.ids-2.0.0] startup
[5.785s] [ext: isaacsim.core.cloner-1.4.10] startup
[5.786s] [ext: isaacsim.sensors.physx-2.3.2] startup
[5.788s] [ext: isaacsim.sensors.rtx-15.8.4] startup
[5.794s] [ext: isaacsim.sensors.camera-1.3.6] startup
[5.800s] [ext: omni.isaac.quadruped-3.0.7] startup
2026-09-09T11:45:57Z [5,795ms] [Warning] [omni.isaac.quadruped] omni.isaac.quadruped has been deprecated in favor of isaacsim.robot.policy.examples. Please update your code accordingly.
[5.802s] [ext: omni.isaac.cloner-1.0.7] startup
2026-09-09T11:45:57Z [5,798ms] [Warning] [omni.isaac.cloner] omni.isaac.cloner has been deprecated in favor of isaacsim.core.cloner. Please update your code accordingly.
[5.805s] [ext: omni.isaac.range_sensor-4.0.6] startup
2026-09-09T11:45:57Z [5,800ms] [Warning] [omni.isaac.range_sensor] omni.isaac.range_sensor has been deprecated in favor of isaacsim.sensors.physx. Please update your code accordingly.
2026-09-09T11:45:57Z [5,800ms] [Warning] [omni.isaac.range_sensor.commands] omni.isaac.range_sensor.commands has been deprecated in favor of isaacsim.sensors.physx.commands. Please update your code accordingly.
[5.807s] [ext: omni.isaac.sensor-13.0.7] startup
2026-09-09T11:45:57Z [5,802ms] [Warning] [omni.isaac.sensor] omni.isaac.sensor has been deprecated in favor of isaacsim.sensors.camera, isaacsim.sensors.physics, isaacsim.sensors.physx, and isaacsim.sensors.rtx. Please update your code accordingly.
2026-09-09T11:45:57Z [5,802ms] [Warning] [omni.isaac.sensor.camera] omni.isaac.sensor.camera has been deprecated in favor of isaacsim.sensors.camera.camera. Please update your code accordingly.
2026-09-09T11:45:57Z [5,802ms] [Warning] [omni.isaac.sensor.camera_view] omni.isaac.sensor.camera_view has been deprecated in favor of isaacsim.sensors.camera.camera_view. Please update your code accordingly.
2026-09-09T11:45:57Z [5,802ms] [Warning] [omni.isaac.sensor.commands] omni.isaac.sensor.commands has been deprecated in favor of isaacsim.sensors.physics.commands, isaacsim.sensors.physx.commands, and isaacsim.sensors.rtx.commands. Please update your code accordingly.
2026-09-09T11:45:57Z [5,802ms] [Warning] [omni.isaac.sensor.contact_sensor] omni.isaac.sensor.contact_sensor has been deprecated in favor of isaacsim.sensors.physics.contact_sensor. Please update your code accordingly.
2026-09-09T11:45:57Z [5,802ms] [Warning] [omni.isaac.sensor.imu_sensor] omni.isaac.sensor.imu_sensor has been deprecated in favor of isaacsim.sensors.physics.imu_sensor. Please update your code accordingly.
2026-09-09T11:45:57Z [5,803ms] [Warning] [omni.isaac.sensor.lidar_rtx] omni.isaac.sensor.lidar_rtx has been deprecated in favor of isaacsim.sensors.rtx.lidar_rtx. Please update your code accordingly.
2026-09-09T11:45:57Z [5,803ms] [Warning] [omni.isaac.sensor.rotating_lidar_physX] omni.isaac.sensor.imu_sensor has been deprecated in favor of isaacsim.sensors.physix.rotating_lidar_physX. Please update your code accordingly.
2026-09-09T11:45:57Z [5,803ms] [Warning] [omni.isaac.sensor.scripts.samples.contact_sensor] omni.isaac.sensor.scripts.samples.contact_sensor has been deprecated in favor of isaacsim.sensors.physics.scripts.samples.contact_sensor. Please update your code accordingly.
2026-09-09T11:45:57Z [5,803ms] [Warning] [omni.isaac.sensor.scripts.samples.imu_sensor] omni.isaac.sensor.scripts.samples.imu_sensor has been deprecated in favor of isaacsim.sensors.physics.scripts.samples.imu_sensor. Please update your code accordingly.
2026-09-09T11:45:57Z [5,803ms] [Warning] [omni.isaac.sensor.scripts.samples.lightbeam_sensor] omni.isaac.sensor.scripts.samples.lightbeam_sensor has been deprecated in favor of isaacsim.sensors.physx.scripts.samples.lightbeam_sensor. Please update your code accordingly.
[5.809s] [ext: omni.kit.menu.create-2.0.1] startup
[5.811s] [ext: omni.kit.widget.toolbar-2.0.1] startup
[5.819s] [ext: omni.kit.manipulator.transform-107.0.0] startup
[5.822s] [ext: omni.isaac.core-4.0.7] startup
2026-09-09T11:45:57Z [5,816ms] [Warning] [omni.isaac.core.physics_context.physics_context] omni.isaac.core.physics_context.physics_context has been deprecated in favor of isaacsim.core.api.physics_context.physics_context. Please update your code accordingly.
2026-09-09T11:45:57Z [5,816ms] [Warning] [omni.isaac.core.simulation_context.simulation_context] omni.isaac.core.simulation_context.simulation_context has been deprecated in favor of isaacsim.core.api.simulation_context.simulation_context. Please update your code accordingly.
2026-09-09T11:45:57Z [5,816ms] [Warning] [omni.isaac.core.world.world] omni.isaac.core.world.world has been deprecated in favor of isaacsim.core.api.world.world. Please update your code accordingly.
2026-09-09T11:45:57Z [5,816ms] [Warning] [omni.isaac.core] omni.isaac.core has been deprecated in favor of isaacsim.core.api. Please update your code accordingly.
[5.822s] [ext: omni.kit.scripting-107.3.2] startup
[5.826s] [ext: omni.kit.manipulator.tool.snap-1.5.13] startup
[5.829s] [ext: omni.kit.manipulator.selector-1.1.3] startup
[5.830s] [ext: isaacsim.app.about-2.0.11] startup
[5.833s] [ext: isaacsim.replicator.behavior-1.1.16] startup
[5.834s] [ext: omni.kit.viewport.manipulator.transform-107.0.4] startup
[5.835s] [ext: omni.isaac.window.about-2.0.7] startup
2026-09-09T11:45:57Z [5,830ms] [Warning] [omni.isaac.window.about] omni.isaac.window.about has been deprecated in favor of isaacsim.app.about. Please update your code accordingly.
2026-09-09T11:45:57Z [5,830ms] [Warning] [omni.isaac.window.about.about] omni.isaac.window.about.about has been deprecated in favor of isaacsim.app.about.about. Please update your code accordingly.
[5.837s] [ext: omni.fabric.commands-1.1.6] startup
[5.839s] [ext: omni.kit.manipulator.prim.core-107.0.8] startup
[5.843s] [ext: omni.kit.property.audio-1.0.16] startup
[5.844s] [ext: omni.kit.property.camera-1.0.10] startup
[5.845s] [ext: omni.kit.property.geometry-2.0.4] startup
[5.847s] [ext: omni.hydra.scene_api-0.1.2] startup
[5.849s] [ext: omni.kit.property.light-1.0.12] startup
[5.855s] [ext: omni.kit.manipulator.prim.fabric-107.0.4] startup
[5.857s] [ext: omni.kit.manipulator.prim.usd-107.0.3] startup
[5.858s] [ext: omni.kit.property.material-1.11.9] startup
[5.861s] [ext: omni.kit.property.render-1.2.1] startup
[5.862s] [ext: omni.kit.property.transform-1.5.13] startup
[5.864s] [ext: isaacsim.gui.property-1.1.3] startup
[5.866s] [ext: omni.kit.manipulator.camera-106.0.4] startup
[5.868s] [ext: omni.kit.manipulator.prim-107.0.0] startup
[5.868s] [ext: omni.isaac.surface_gripper-2.0.6] startup
2026-09-09T11:45:57Z [5,862ms] [Warning] [omni.isaac.surface_gripper] omni.isaac.surface_gripper has been deprecated in favor of isaacsim.robot.surface_gripper. Please update your code accordingly.
[5.868s] [ext: omni.kit.manipulator.selection-106.0.1] startup
[5.871s] [ext: omni.kit.property.bundle-1.4.1] startup
[5.871s] [ext: omni.kit.property.isaac-1.0.6] startup
2026-09-09T11:45:57Z [5,866ms] [Warning] [omni.kit.property.isaac] omni.kit.property.isaac has been deprecated in favor of isaacsim.gui.property. Please update your code accordingly.
2026-09-09T11:45:57Z [5,866ms] [Warning] [omni.kit.property.isaac.widgets] omni.kit.property.isaac.widgets has been deprecated in favor of isaacsim.gui.property.widgets. Please update your code accordingly.
[5.872s] [ext: omni.isaac.universal_robots-1.0.6] startup
2026-09-09T11:45:57Z [5,867ms] [Warning] [omni.isaac.universal_robots] omni.isaac.universal_robots has been deprecated in favor of isaacsim.robot.manipulators.examples.universal_robots. Please update your code accordingly.
2026-09-09T11:45:57Z [5,867ms] [Warning] [omni.isaac.universal_robots.kinematics_solver] omni.isaac.franka has been deprecated in favor of isaacsim.robot.manipulators.examples.universal_robots. Please update your code accordingly.
2026-09-09T11:45:57Z [5,867ms] [Warning] [omni.isaac.universal_robots.ur10] omni.isaac.franka has been deprecated in favor of isaacsim.robot.manipulators.examples.universal_robots. Please update your code accordingly.
[5.873s] [ext: omni.isaac.core_nodes-2.0.6] startup
2026-09-09T11:45:57Z [5,869ms] [Warning] [omni.isaac.core_nodes] omni.isaac.core_nodes has been deprecated in favor of isaacsim.core.nodes. Please update your code accordingly.
[5.875s] [ext: omni.kit.viewport.menubar.camera-107.0.6] startup
[5.880s] [ext: omni.kit.viewport.menubar.lighting-107.3.1] startup
[5.881s] [ext: isaacsim.replicator.writers-1.0.17] startup
[5.889s] [ext: omni.kit.viewport.menubar.render-107.0.10] startup
[5.894s] [ext: omni.kit.viewport.menubar.settings-107.0.3] startup
[5.899s] [ext: omni.kit.window.console-1.1.4] startup
[5.901s] [ext: isaacsim.replicator.domain_randomization-1.0.16] startup
[5.903s] [ext: isaacsim.replicator.examples-1.3.6] startup
[5.904s] [ext: omni.ocio-0.1.1] startup
[5.907s] [ext: omni.rtx.window.settings-0.6.19] startup
[5.917s] [ext: omni.kit.window.status_bar-0.1.9] startup
[5.921s] [ext: omni.kit.window.toolbar-2.0.0] startup
[5.923s] [ext: omni.replicator.isaac-2.0.8] startup
2026-09-09T11:45:57Z [5,918ms] [Warning] [omni.replicator.isaac] omni.replicator.isaac has been deprecated in favor of isaacsim.replicator.domain_randomization, isaacsim.replicator.examples, isaacsim.replicator.writers. Please update your code accordingly.
[5.924s] [ext: omni.replicator.replicator_yaml-2.0.11] startup
[5.935s] [ext: omni.rtx.settings.core-0.6.5] startup
[5.939s] [ext: omni.usd.metrics.assembler.ui-107.3.1] startup
[5.946s] [ext: omni.isaac.utils-2.0.6] startup
[5.947s] [ext: semantics.schema.editor-2.0.2] startup
[5.949s] [ext: omni.kit.ui.actions-1.0.5] startup
[5.951s] [ext: semantics.schema.property-2.0.1] startup
[5.952s] [ext: omni.isaac.version-2.0.7] startup
2026-09-09T11:45:57Z [5,946ms] [Warning] [omni.isaac.version] omni.isaac.version has been deprecated in favor of isaacsim.core.version. Please update your code accordingly.
[5.952s] [ext: omni.isaac.cortex-1.0.5] startup
[5.953s] [ext: omni.anim.curve.core-1.3.1] startup
[5.959s] [ext: isaacsim.core.throttling-2.2.2] startup
[5.960s] [ext: omni.kit.menu.common-2.0.1] startup
[5.962s] [ext: isaacsim.exp.base-5.1.0] startup
[5.962s] [ext: isaacsim.exp.base.python-5.1.0] startup
[5.963s] Simulation App Starting
2026-09-09T11:45:58Z [6,167ms] [Warning] [omni.fabric.plugin] Warning: attribute viewPickingId not found for bucket id 9

[6.249s] app ready
[7.899s] Simulation App Startup Complete
[7.908s] [ext: isaacsim.ros2.bridge-4.12.4] startup
[8.175s] Attempting to load system rclpy
[8.175s] Could not import system rclpy: No module named 'rclpy'
[8.175s] Attempting to load internal rclpy for ROS Distro: jazzy
[8.187s] rclpy loaded
2026-09-09T11:46:00Z [8,648ms] [Warning] [omni.physx.plugin] Detected an articulation at /World/Robot with more than 4 velocity iterations being added to a TGS scene.The related behavior changed recently, please consult the changelog. This warning will only print once.
2026-09-09T11:46:00Z [8,876ms] [Warning] [rtx.postprocessing.plugin] DLSS increasing input dimensions: Render resolution of (320, 180) is below minimal input resolution of 300.
2026-09-09T11:46:00Z [8,948ms] [Warning] [omni.syntheticdata.plugin] OgnSdPostRenderVarToHost : rendervar copy from texture directly to host buffer is counter-performant. Please use copy from texture to device buffer first.
Starting kit application with the following args:  ['/home/hoyunkim/isaacsim/exts/isaacsim.simulation_app/isaacsim/simulation_app/simulation_app.py', '/home/hoyunkim/isaacsim/apps/isaacsim.exp.base.python.kit', '--/app/tokens/exe-path=/home/hoyunkim/isaacsim/kit', '--/persistent/app/viewport/displayOptions=3094', '--/rtx/materialDb/syncLoads=True', '--/rtx/hydra/materialSyncLoads=True', '--/omni.kit.plugin/syncUsdLoads=True', '--/app/renderer/resolution/width=1280', '--/app/renderer/resolution/height=720', '--/app/window/width=1440', '--/app/window/height=900', '--/renderer/multiGpu/enabled=True', '--/app/fastShutdown=True', '--/app/installSignalHandlers=0', '--ext-folder', '/home/hoyunkim/isaacsim/exts', '--ext-folder', '/home/hoyunkim/isaacsim/apps', '--/physics/cudaDevice=0', '--/plugins/carb.tasking.plugin/threadCount=16', '--/plugins/omni.tbb.globalcontrol/maxThreadCount=16', '--portable']
Passing the following args to the base kit application:  ['--duration', '20', '--report', 'verification/runtime_fix_20260909/baseline_runtime.json']
Warp 1.8.2 initialized:
   CUDA Toolkit 12.8, Driver 13.0
   Devices:
     "cpu"      : "x86_64"
     "cuda:0"   : "NVIDIA GeForce RTX 5070 Ti" (15 GiB, sm_120, mempool enabled)
   Kernel cache:
     /home/hoyunkim/.cache/warp/1.8.2
Warp DeprecationWarning: The `warp.sim` module is deprecated and will be removed in v1.10. Please transition to using the forthcoming Newton library instead.
AMR sim=10.0s ready=False cmd_count=0 camera_frames=[0, 0] scans={'front_right': 100, 'rear_left': 100}
[23.924s] Simulation App Shutting Down
