[Info] [carb] Logging to file: /home/hoyunkim/isaacsim/kit/logs/Kit/Isaac-Sim Python/5.1/kit_20260909_204746.log
2026-09-09T11:47:46Z [0ms] [Warning] [carb.crashreporter-breakpad.plugin] [previous crash] preventing upload of minidump due to user opt-out: '/home/hoyunkim/isaacsim/kit/data/Kit/Isaac-Sim Python/5.1/ef177824-28cb-456c-1d8886ab-7c3f4e6e.dmp'
2026-09-09T11:47:46Z [0ms] [Warning] [carb.crashreporter-breakpad.plugin] [previous crash] preventing upload of minidump due to user opt-out: '/home/hoyunkim/isaacsim/kit/data/Kit/Isaac-Sim Python/5.1/67ac068b-f638-41b4-e07d74b2-b78a46a3.dmp'
2026-09-09T11:47:46Z [0ms] [Warning] [carb.crashreporter-breakpad.plugin] [previous crash] preventing upload of minidump due to user opt-out: '/home/hoyunkim/isaacsim/kit/data/Kit/Isaac-Sim Python/5.1/a8b25471-f584-485e-b0f73096-3091a0e7.dmp'
2026-09-09T11:47:46Z [0ms] [Warning] [carb.crashreporter-breakpad.plugin] [previous crash] preventing upload of minidump due to user opt-out: '/home/hoyunkim/isaacsim/kit/data/Kit/Isaac-Sim Python/5.1/4ff91514-3cce-482b-3d7a418d-975ff533.dmp'
2026-09-09T11:47:46Z [0ms] [Warning] [carb.crashreporter-breakpad.plugin] [previous crash] preventing upload of minidump due to user opt-out: '/home/hoyunkim/isaacsim/kit/data/Kit/Isaac-Sim Python/5.1/a14f1e83-9105-4cc3-8f136382-2f7f62ed.dmp'
[0.023s] [ext: omni.kit.async_engine-0.0.3] startup
[0.195s] [ext: omni.metrics.core-0.0.3] startup
[0.195s] [ext: omni.client.lib-1.1.0] startup
[0.202s] [ext: omni.blobkey-1.1.2] startup
[0.202s] [ext: omni.stats-1.0.1] startup
[0.203s] [ext: omni.datastore-0.0.0] startup
[0.206s] [ext: omni.client-1.3.0] startup
[0.259s] [ext: omni.ujitso.default-1.0.0] startup
[0.260s] [ext: omni.hsscclient-1.1.2] startup
[0.263s] [ext: omni.gpu_foundation.shadercache.vulkan-1.0.0] startup
[0.264s] [ext: omni.assets.plugins-0.0.0] startup
[0.265s] [ext: omni.gpu_foundation-0.0.0] startup
[0.269s] [ext: carb.windowing.plugins-1.0.0] startup
[0.272s] [ext: omni.kit.renderer.init-0.0.0] startup
2026-09-09T11:47:47Z [452ms] [Warning] [gpu.foundation.plugin] Skipping unsupported non-NVIDIA GPU: AMD Ryzen 7 9700X 8-Core Processor (RADV RAPHAEL_MENDOCINO)
2026-09-09T11:47:47Z [452ms] [Warning] [gpu.foundation.plugin] Skipping unsupported non-NVIDIA GPU: AMD Ryzen 7 9700X 8-Core Processor (RADV RAPHAEL_MENDOCINO)

|---------------------------------------------------------------------------------------------|
| Driver Version: 580.142       | Graphics API: Vulkan
|=============================================================================================|
| GPU | Name                             | Active | LDA | GPU Memory | Vendor-ID | LUID       |
|     |                                  |        |     |            | Device-ID | UUID       |
|     |                                  |        |     |            | Bus-ID    |            |
|---------------------------------------------------------------------------------------------|
| 0   | NVIDIA GeForce RTX 5070 Ti       | Yes: 0 |     | 16303   MB | 10de      | 0          |
|     |                                  |        |     |            | 2c05      | 0789213c.. |
|     |                                  |        |     |            | 1         |            |
|---------------------------------------------------------------------------------------------|
| 1   | AMD Ryzen 7 9700X 8-Core Proce.. |        |     | 21992   MB | 1002      | 0          |
|     |                                  |        |     |            | 13c0      | 00000000.. |
|     |                                  |        |     |            | 10        |            |
|=============================================================================================|
| OS: 24.04.4 LTS (Noble Numbat) ubuntu, Version: 24.04.4, Kernel: 6.8.0-110-generic
| XServer Vendor: The X.Org Foundation, XServer Version: 12101011 (1.21.1.11)
| Processor: AMD Ryzen 7 9700X 8-Core Processor
| Cores: 8 | Logical Cores: 16
|---------------------------------------------------------------------------------------------|
| Total Memory (MB): 61882 | Free Memory: 42252
| Total Page/Swap (MB): 2047 | Free Page/Swap: 4
|---------------------------------------------------------------------------------------------|
2026-09-09T11:47:47Z [667ms] [Warning] [gpu.foundation.plugin] IOMMU is enabled.
2026-09-09T11:47:47Z [667ms] [Warning] [gpu.foundation.plugin] Detected IOMMU is enabled. Running CUDA peer-to-peer bandwidth and latency validation.
Unidirectional P2P=Enabled Bandwidth (P2P Writes) Matrix (GB/s)
   D\D     0 
     0 775.05 
P2P=Enabled Latency (P2P Writes) Matrix (us)
   GPU     0 
     0   2.07 

   CPU     0 
     0   1.96 
[0.754s] [ext: omni.kit.pipapi-0.0.0] startup
[0.755s] [ext: omni.kit.pip_archive-0.0.0] startup
[0.755s] [ext: omni.pip.compute-1.6.3] startup
[0.755s] [ext: omni.materialx.libs-1.0.7] startup
[0.760s] [ext: omni.pip.cloud-1.4.3] startup
[0.763s] [ext: omni.isaac.core_archive-3.0.0] startup
[0.763s] [ext: omni.usd.config-1.0.6] startup
[0.765s] [ext: omni.gpucompute.plugins-0.0.0] startup
[0.765s] [ext: omni.usd.libs-1.0.1] startup
[0.813s] [ext: omni.kit.telemetry-0.5.2] startup
[0.826s] [ext: omni.mdl-56.0.3] startup
[0.894s] [ext: omni.iray.libs-0.0.0] startup
[0.899s] [ext: omni.mdl.neuraylib-0.2.12] startup
[0.900s] [ext: omni.kit.usd.mdl-1.1.5] startup
[0.966s] [ext: omni.isaac.ml_archive-3.0.4] startup
[0.966s] [ext: omni.kit.loop-isaac-1.3.7] startup
[0.967s] [ext: omni.kit.test-2.0.1] startup
[0.996s] [ext: omni.appwindow-1.1.10] startup
[1.162s] [ext: omni.kit.renderer.core-1.1.0] startup
[3.767s] [ext: omni.kit.renderer.capture-0.0.0] startup
[3.768s] [ext: omni.kit.renderer.imgui-2.0.5] startup
[3.809s] [ext: omni.ui-2.27.1] startup
[3.816s] [ext: omni.kit.mainwindow-1.0.3] startup
[3.817s] [ext: carb.audio-0.1.0] startup
[3.819s] [ext: omni.uiaudio-1.0.0] startup
[3.820s] [ext: omni.kit.uiapp-0.0.0] startup
[3.820s] [ext: omni.usd.schema.metrics.assembler-107.3.1] startup
[3.821s] [ext: omni.usd.schema.audio-0.0.0] startup
[3.823s] [ext: omni.anim.graph.schema-107.3.3] startup
[3.829s] [ext: omni.usd_resolver-1.0.0] startup
[3.830s] [ext: omni.usd.core-1.5.3] startup
[3.832s] [ext: omni.usd.schema.render_settings.rtx-0.0.0] startup
[3.842s] [ext: omni.usd.schema.semantics-0.0.0] startup
[3.844s] [ext: isaacsim.robot.schema-3.6.0] startup
[3.848s] [ext: omni.usd.schema.geospatial-0.0.0] startup
[3.849s] [ext: omni.usd.schema.anim-0.0.0] startup
[3.857s] [ext: omni.kit.window.popup_dialog-2.0.24] startup
[3.859s] [ext: usdrt.scenegraph-7.6.1] startup
[3.882s] [ext: omni.timeline-1.0.14] startup
[3.883s] [ext: omni.resourcemonitor-107.0.1] startup
[3.885s] [ext: omni.activity.core-1.0.3] startup
[3.885s] [ext: omni.kit.widget.nucleus_connector-2.0.1] startup
[3.886s] [ext: omni.hydra.usdrt_delegate-7.5.1] startup
[3.890s] [ext: omni.kit.actions.core-1.0.0] startup
[3.891s] [ext: omni.graph.exec-0.9.6] startup
[3.891s] [ext: omni.kit.commands-1.4.10] startup
[3.893s] [ext: omni.kit.usd_undo-0.1.8] startup
[3.894s] [ext: omni.kit.exec.core-0.13.4] startup
[3.894s] [ext: omni.kit.audiodeviceenum-1.0.2] startup
[3.895s] [ext: omni.hydra.scene_delegate-0.3.4] startup
[3.897s] [ext: omni.usd-1.13.10] startup
[3.915s] [ext: omni.kit.asset_converter-5.0.17] startup
[3.922s] [ext: omni.usd.schema.flow-107.1.1] startup
[3.922s] [ext: omni.usd.schema.omnigraph-1.0.0] startup
[3.926s] [ext: omni.usd.schema.omni_sensors-0.0.0] startup
[3.926s] [ext: omni.anim.navigation.schema-107.3.3] startup
[3.928s] [ext: omni.inspect-1.0.2] startup
[3.929s] [ext: omni.kit.notification_manager-1.0.10] startup
[3.930s] [ext: omni.graph.core-2.184.5] startup
[3.931s] [ext: isaacsim.core.deprecation_manager-0.2.7] startup
[3.932s] [ext: omni.usd.schema.physx-107.3.26] startup
[3.953s] [ext: omni.usd.schema.isaac-3.0.5] startup
[3.953s] [ext: omni.usd.schema.omniscripting-1.0.0] startup
[3.955s] [ext: omni.usd.schema.omni_lens_distortion-0.0.0] startup
[3.956s] [ext: omni.kvdb-107.3.26] startup
[3.957s] [ext: omni.usdphysics-107.3.26] startup
[3.958s] [ext: omni.physx.foundation-107.3.26] startup
[3.959s] [ext: omni.localcache-107.3.26] startup
[3.960s] [ext: omni.convexdecomposition-107.3.26] startup
[3.961s] [ext: omni.physx.cooking-107.3.26] startup
[3.963s] [ext: omni.physx-107.3.26] startup
[3.968s] [ext: omni.physics-107.3.26] startup
[3.970s] [ext: omni.kit.usd.layers-2.2.11] startup
[3.974s] [ext: omni.physics.physx-107.3.26] startup
2026-09-09T11:47:50Z [3,969ms] [Warning] [carb] Acquiring non optional plugin interface which is not listed as dependency: [omni::physx::IPhysxBenchmarks v1.0] (plugin: <default plugin>), by client: omni.physics.physx.plugin. Add it to CARB_PLUGIN_IMPL_DEPS() macro of a client.
[3.975s] [ext: omni.physics.stageupdate-107.3.26] startup
[3.977s] [ext: omni.kit.numpy.common-0.1.3] startup
[3.977s] [ext: isaacsim.core.version-2.0.6] startup
[3.978s] [ext: omni.isaac.dynamic_control-2.0.7] startup
2026-09-09T11:47:50Z [3,974ms] [Warning] [omni.isaac.dynamic_control] omni.isaac.dynamic_control is deprecated as of Isaac Sim 4.5. No action is needed from end-users.
[3.981s] [ext: isaacsim.storage.native-1.5.1] startup
[3.981s] [ext: omni.kit.menu.core-1.1.2] startup
[3.982s] [ext: omni.kit.helper.file_utils-0.1.9] startup
[3.983s] [ext: omni.usd.metrics.assembler-107.3.1] startup
[3.986s] [ext: omni.kit.widget.context_menu-1.2.5] startup
[3.987s] [ext: omni.warp.core-1.8.2] startup
[4.106s] [ext: omni.usd.metrics.assembler.physics-107.3.26] startup
[4.107s] [ext: omni.physics.tensors-107.3.26] startup
[4.110s] [ext: omni.kit.context_menu-1.8.6] startup
[4.111s] [ext: omni.kit.clipboard-1.0.5] startup
[4.112s] [ext: isaacsim.core.utils-3.5.1] startup
[4.113s] [ext: omni.kit.widget.filebrowser-2.12.3] startup
[4.116s] [ext: omni.kit.widget.options_menu-1.1.6] startup
[4.118s] [ext: omni.kit.widget.path_field-2.0.11] startup
[4.118s] [ext: omni.index.libs-380600.8087.0] startup
[4.118s] [ext: omni.ui.scene-1.11.5] startup
[4.120s] [ext: omni.kit.widget.options_button-1.0.3] startup
[4.121s] [ext: omni.kit.widget.browser_bar-2.0.10] startup
[4.121s] [ext: omni.index-1.0.1] startup
[4.121s] [ext: omni.hydra.rtx.shadercache.vulkan-1.0.0] startup
[4.122s] [ext: omni.kit.window.filepicker-2.13.4] startup
[4.129s] [ext: omni.volume-0.5.2] startup
[4.131s] [ext: omni.ujitso.client-0.0.0] startup
[4.131s] [ext: omni.graph.tools-1.79.2] startup
[4.144s] [ext: omni.graph.image.core-0.6.1] startup
[4.144s] [ext: omni.hydra.rtx-1.0.0] startup
2026-09-09T11:47:51Z [4,149ms] [Warning] [omni.log] Source: omni.hydra was already registered.
[4.162s] [ext: omni.kit.window.file_importer-1.1.18] startup
[4.163s] [ext: omni.kit.menu.utils-2.0.5] startup
[4.168s] [ext: omni.graph.image.nodes-1.3.1] startup
[4.169s] [ext: omni.kit.widget.searchable_combobox-1.0.6] startup
[4.169s] [ext: omni.kit.hydra_texture-1.4.6] startup
[4.171s] [ext: omni.kit.material.library-2.0.7] startup
[4.174s] [ext: omni.hydra.engine.stats-1.0.3] startup
[4.175s] [ext: omni.kit.viewport.scene_camera_model-1.0.6] startup
[4.177s] [ext: omni.kit.widget.settings-1.2.6] startup
[4.178s] [ext: omni.kit.viewport.legacy_gizmos-1.0.19] startup
[4.179s] [ext: omni.kit.widget.viewport-107.1.3] startup
[4.181s] [ext: omni.kit.viewport.registry-104.0.6] startup
[4.182s] [ext: omni.kit.raycast.query-1.1.0] startup
[4.184s] [ext: omni.physx.tensors-107.3.26] startup
[4.187s] [ext: omni.kit.window.drop_support-1.0.5] startup
[4.187s] [ext: omni.kit.primitive.mesh-1.0.17] startup
[4.189s] [ext: omni.kit.viewport.window-107.2.0] startup
[4.199s] [ext: omni.kit.window.preferences-1.8.0] startup
[4.202s] [ext: isaacsim.core.simulation_manager-1.4.4] startup
[4.943s] [ext: omni.graph.action_core-1.1.7] startup
[4.944s] [ext: omni.graph-1.141.2] startup
[4.969s] [ext: omni.kit.viewport.utility-1.1.2] startup
[4.969s] [ext: omni.kit.viewport.menubar.core-107.2.1] startup
[4.977s] [ext: isaacsim.core.prims-0.6.1] startup
[4.994s] [ext: omni.graph.action_nodes-1.50.4] startup
[4.996s] [ext: omni.kit.stage_template.core-1.1.22] startup
[4.998s] [ext: omni.syntheticdata-0.6.13] startup
[5.015s] [ext: omni.graph.nodes-1.170.10] startup
[5.022s] [ext: omni.graph.action-1.130.0] startup
[5.023s] [ext: omni.kit.stage_templates-2.0.0] startup
[5.029s] [ext: omni.kit.widget.filter-1.1.4] startup
[5.032s] [ext: omni.kit.widget.graph-2.0.0] startup
[5.045s] [ext: omni.kit.property.adapter.core-1.0.2] startup
[5.046s] [ext: omni.kit.window.file_exporter-1.0.33] startup
[5.047s] [ext: omni.kit.widget.searchfield-1.1.8] startup
[5.048s] [ext: omni.kit.hotkeys.core-1.3.10] startup
[5.049s] [ext: omni.kit.graph.delegate.default-1.2.3] startup
[5.050s] [ext: omni.kit.property.adapter.fabric-1.0.3] startup
[5.050s] [ext: omni.kit.widget.stage-3.1.4] startup
[5.057s] [ext: omni.kit.property.adapter.usd-1.0.2] startup
[5.058s] [ext: omni.kit.graph.editor.core-1.5.3] startup
[5.059s] [ext: omni.kit.widget.material_preview-1.0.16] startup
[5.060s] [ext: omni.kit.widget.highlight_label-1.0.3] startup
[5.061s] [ext: omni.kit.window.file-2.0.5] startup
[5.063s] [ext: omni.kit.window.content_browser_registry-0.0.6] startup
[5.063s] [ext: omni.kit.window.property-1.12.1] startup
[5.065s] [ext: omni.kit.window.content_browser-3.1.3] startup
[5.072s] [ext: omni.kit.graph.usd.commands-1.3.1] startup
[5.073s] [ext: omni.kit.property.usd-4.5.12] startup
[5.079s] [ext: omni.graph.ui_nodes-1.50.5] startup
[5.082s] [ext: omni.videoencoding-0.1.2] startup
[5.084s] [ext: omni.kit.window.material_graph-1.9.1] startup
[5.092s] [ext: omni.warp-1.8.2] startup
[5.096s] [ext: isaacsim.core.api-4.8.0] startup
[5.131s] [ext: omni.graph.scriptnode-1.50.0] startup
[5.135s] [ext: isaacsim.test.docstring-1.1.0] startup
[5.144s] [ext: isaacsim.core.experimental.utils-0.3.0] startup
[5.146s] [ext: omni.replicator.core-1.12.27] startup
2026-09-09T11:47:52Z [5,155ms] [Warning] [pxr.Semantics] pxr.Semantics is deprecated - please use Semantics instead
2026-09-09T11:47:52Z [5,218ms] [Warning] [omni.graph.core.plugin] Found duplicate of category 'Replicator' - was 'Annotators', adding 'Fabric Reader'
2026-09-09T11:47:52Z [5,218ms] [Warning] [omni.graph.core.plugin] Category 'Replicator' not accepted on node type 'omni.replicator.core.FabricReader' in extension 'omni.replicator.core'
2026-09-09T11:47:52Z [5,218ms] [Warning] [omni.replicator.core.scripts.extension] No material configuration file, adding configuration to material settings directly.
[5.226s] [ext: isaacsim.core.experimental.prims-0.8.1] startup
[5.259s] [ext: omni.kit.window.extensions-1.4.27] startup
[5.270s] [ext: isaacsim.core.experimental.objects-0.4.0] startup
[5.278s] [ext: omni.ui_query-1.1.8] startup
[5.280s] [ext: omni.kit.manipulator.viewport-107.0.1] startup
[5.282s] [ext: isaacsim.robot.surface_gripper-3.3.1] startup
[5.291s] [ext: omni.kit.ui_test-1.3.7] startup
[5.295s] [ext: omni.graph.visualization.nodes-2.1.3] startup
[5.315s] [ext: isaacsim.robot_motion.lula-4.0.8] startup
[5.322s] [ext: isaacsim.core.nodes-3.4.3] startup
[5.330s] [ext: isaacsim.gui.components-1.2.1] startup
[5.336s] [ext: isaacsim.robot_motion.motion_generation-8.0.26] startup
[5.350s] [ext: isaacsim.robot.manipulators-3.3.6] startup
[5.356s] [ext: isaacsim.core.experimental.materials-0.4.0] startup
[5.370s] [ext: isaacsim.robot.manipulators.examples-1.1.2] startup
[5.371s] [ext: isaacsim.cortex.framework-1.0.12] startup
[5.375s] [ext: isaacsim.cortex.behaviors-2.0.14] startup
[5.377s] [ext: omni.isaac.cortex.sample_behaviors-2.0.5] startup
2026-09-09T11:47:52Z [5,373ms] [Warning] [omni.isaac.cortex] omni.isaac.cortex has been deprecated in favor of isaacsim.cortex.framework. Please update your code accordingly.
2026-09-09T11:47:52Z [5,373ms] [Warning] [omni.isaac.cortex.sample_behaviors] omni.isaac.cortex.sample_behaviors has been deprecated in favor of isaacsim.cortex.behaviors. Please update your code accordingly.
[5.379s] [ext: omni.kit.widget.zoombar-1.0.6] startup
[5.383s] [ext: isaacsim.gui.content_browser-0.1.11] startup
[5.386s] [ext: omni.kit.browser.core-2.3.13] startup
[5.422s] [ext: omni.kit.widget.stage_icons-1.0.8] startup
[5.426s] [ext: omni.kit.widget.prompt-1.0.7] startup
[5.434s] [ext: omni.kit.usd.collect-2.4.5] startup
[5.473s] [ext: omni.kit.browser.folder.core-1.10.9] startup
[5.526s] [ext: omni.kit.window.stage-2.6.1] startup
[5.592s] [ext: omni.kit.usdz_export-1.0.9] startup
[5.623s] [ext: omni.kit.tool.collect-2.2.18] startup
[5.648s] [ext: omni.kit.menu.stage-1.2.7] startup
[5.685s] [ext: omni.kit.tool.asset_importer-4.3.2] startup
[5.700s] [ext: isaacsim.robot.wheeled_robots-4.0.24] startup
[5.708s] [ext: isaacsim.examples.browser-0.2.1] startup
[5.711s] [ext: isaacsim.asset.importer.urdf-2.4.30] startup
[5.751s] [ext: omni.isaac.wheeled_robots-3.0.7] startup
2026-09-09T11:47:52Z [5,747ms] [Warning] [omni.isaac.wheeled_robots] omni.isaac.wheeled_robots has been deprecated in favor of isaacsim.robot.wheeled_robots. Please update your code accordingly.
2026-09-09T11:47:52Z [5,747ms] [Warning] [omni.isaac.wheeled_robots.controllers] omni.isaac.wheeled_robots has been deprecated in favor of isaacsim.robot.wheeled_robots. Please update your code accordingly.
2026-09-09T11:47:52Z [5,747ms] [Warning] [omni.isaac.wheeled_robots.controllers.ackermann_controller] omni.isaac.wheeled_robots has been deprecated in favor of isaacsim.robot.wheeled_robots. Please update your code accordingly.
2026-09-09T11:47:52Z [5,747ms] [Warning] [omni.isaac.wheeled_robots.controllers.differential_controller] omni.isaac.wheeled_robots has been deprecated in favor of isaacsim.robot.wheeled_robots. Please update your code accordingly.
2026-09-09T11:47:52Z [5,747ms] [Warning] [omni.isaac.wheeled_robots.controllers.holonomic_controller] omni.isaac.wheeled_robots has been deprecated in favor of isaacsim.robot.wheeled_robots. Please update your code accordingly.
2026-09-09T11:47:52Z [5,748ms] [Warning] [omni.isaac.wheeled_robots.controllers.quintic_path_planner] omni.isaac.wheeled_robots has been deprecated in favor of isaacsim.robot.wheeled_robots. Please update your code accordingly.
2026-09-09T11:47:52Z [5,748ms] [Warning] [omni.isaac.wheeled_robots.controllers.stanley_control] omni.isaac.wheeled_robots has been deprecated in favor of isaacsim.robot.wheeled_robots. Please update your code accordingly.
2026-09-09T11:47:52Z [5,750ms] [Warning] [omni.isaac.wheeled_robots.controllers.wheel_base_pose_controller] omni.isaac.wheeled_robots has been deprecated in favor of isaacsim.robot.wheeled_robots. Please update your code accordingly.
2026-09-09T11:47:52Z [5,751ms] [Warning] [omni.isaac.wheeled_robots.impl] omni.isaac.wheeled_robots has been deprecated in favor of isaacsim.robot.wheeled_robots. Please update your code accordingly.
2026-09-09T11:47:52Z [5,751ms] [Warning] [omni.isaac.wheeled_robots.robots] omni.isaac.wheeled_robots has been deprecated in favor of isaacsim.robot.wheeled_robots. Please update your code accordingly.
2026-09-09T11:47:52Z [5,751ms] [Warning] [omni.isaac.wheeled_robots.robots.holonomic_robot_usd_setup] omni.isaac.wheeled_robots has been deprecated in favor of isaacsim.robot.wheeled_robots. Please update your code accordingly.
2026-09-09T11:47:52Z [5,751ms] [Warning] [omni.isaac.wheeled_robots.robots.wheeled_robot] omni.isaac.wheeled_robots has been deprecated in favor of isaacsim.robot.wheeled_robots. Please update your code accordingly.
[5.757s] [ext: isaacsim.simulation_app-2.12.2] startup
[5.759s] [ext: omni.isaac.franka-1.0.7] startup
2026-09-09T11:47:52Z [5,753ms] [Warning] [omni.isaac.franka] omni.isaac.franka has been deprecated in favor of isaacsim.robot.manipulators.examples.franka. Please update your code accordingly.
2026-09-09T11:47:52Z [5,753ms] [Warning] [omni.isaac.franka.franka] omni.isaac.franka has been deprecated in favor of isaacsim.robot.manipulators.examples.franka. Please update your code accordingly.
2026-09-09T11:47:52Z [5,766ms] [Warning] [omni.isaac.franka.kinematics_solver] omni.isaac.franka has been deprecated in favor of isaacsim.robot.manipulators.examples.franka. Please update your code accordingly.
[5.772s] [ext: omni.isaac.kit-2.0.6] startup
2026-09-09T11:47:52Z [5,767ms] [Warning] [omni.isaac.kit] omni.isaac.kit has been deprecated in favor of isaacsim.simulation_app. Please update your code accordingly.
[5.773s] [ext: omni.kit.selection-0.1.6] startup
[5.774s] [ext: omni.isaac.lula-4.0.6] startup
2026-09-09T11:47:52Z [5,769ms] [Warning] [omni.isaac.lula] omni.isaac.lula has been deprecated in favor of isaacsim.robot_motion.lula. Please update your code accordingly.
[5.775s] [ext: isaacsim.robot_motion.lula_test_widget-1.0.12] startup
[5.776s] [ext: isaacsim.asset.browser-1.3.23] startup
[5.817s] [ext: omni.kit.viewport.actions-107.0.2] startup
[5.820s] [ext: isaacsim.gui.menu-2.4.4] startup
[5.824s] [ext: omni.isaac.manipulators-3.0.7] startup
2026-09-09T11:47:52Z [5,819ms] [Warning] [omni.isaac.manipulators] omni.isaac.manipulators has been deprecated in favor of isaacsim.robot.manipulators. Please update your code accordingly.
2026-09-09T11:47:52Z [5,819ms] [Warning] [omni.isaac.manipulators.controllers] omni.isaac.manipulators has been deprecated in favor of isaacsim.robot.manipulators. Please update your code accordingly.
2026-09-09T11:47:52Z [5,819ms] [Warning] [omni.isaac.manipulators.controllers.pick_place_controller] omni.isaac.manipulators has been deprecated in favor of isaacsim.robot.manipulators. Please update your code accordingly.
2026-09-09T11:47:52Z [5,820ms] [Warning] [omni.isaac.manipulators.controllers.stacking_controller] omni.isaac.manipulators has been deprecated in favor of isaacsim.robot.manipulators. Please update your code accordingly.
2026-09-09T11:47:52Z [5,820ms] [Warning] [omni.isaac.manipulators.grippers] omni.isaac.manipulators has been deprecated in favor of isaacsim.robot.manipulators. Please update your code accordingly.
2026-09-09T11:47:52Z [5,821ms] [Warning] [omni.isaac.manipulators.grippers.gripper] omni.isaac.manipulators has been deprecated in favor of isaacsim.robot.manipulators. Please update your code accordingly.
2026-09-09T11:47:52Z [5,821ms] [Warning] [omni.isaac.manipulators.grippers.parallel_gripper] omni.isaac.manipulators has been deprecated in favor of isaacsim.robot.manipulators. Please update your code accordingly.
2026-09-09T11:47:52Z [5,821ms] [Warning] [omni.isaac.manipulators.grippers.surface_gripper] omni.isaac.manipulators has been deprecated in favor of isaacsim.robot.manipulators. Please update your code accordingly.
2026-09-09T11:47:52Z [5,821ms] [Warning] [omni.isaac.manipulators.manipulators] omni.isaac.manipulators has been deprecated in favor of isaacsim.robot.manipulators. Please update your code accordingly.
2026-09-09T11:47:52Z [5,821ms] [Warning] [omni.isaac.manipulators.manipulators.single_manipulator] omni.isaac.manipulators has been deprecated in favor of isaacsim.robot.manipulators. Please update your code accordingly.
[5.827s] [ext: omni.isaac.lula_test_widget-1.0.6] startup
2026-09-09T11:47:52Z [5,822ms] [Warning] [omni.isaac.lula_test_widget] omni.isaac.lula_test_widget has been deprecated in favor of isaacsim.robot_motion.lula_test_widget. Please update your code accordingly.
[5.828s] [ext: omni.isaac.asset_browser-1.0.6] startup
2026-09-09T11:47:52Z [5,824ms] [Warning] [omni.isaac.asset_browser] omni.isaac.asset_browser has been deprecated in favor of isaacsim.asset.browser. Please update your code accordingly.
[5.831s] [ext: omni.kit.viewport.menubar.display-107.0.3] startup
[5.833s] [ext: omni.isaac.menu-1.0.6] startup
2026-09-09T11:47:52Z [5,828ms] [Warning] [omni.isaac.menu] omni.isaac.menu has been deprecated in favor of isaacsim.gui.menu. Please update your code accordingly.
[5.834s] [ext: omni.isaac.motion_generation-8.0.7] startup
2026-09-09T11:47:52Z [5,829ms] [Warning] [omni.isaac.motion_generation] omni.isaac.motion_generation has been deprecated in favor of isaacsim.robot_motion.motion_generation. Please update your code accordingly.
2026-09-09T11:47:52Z [5,829ms] [Warning] [omni.isaac.motion_generation.articulation_kinematics_solver] omni.isaac.motion_generation has been deprecated in favor of isaacsim.robot_motion.motion_generation. Please update your code accordingly.
2026-09-09T11:47:52Z [5,830ms] [Warning] [omni.isaac.motion_generation.articulation_motion_policy] omni.isaac.motion_generation has been deprecated in favor of isaacsim.robot_motion.motion_generation. Please update your code accordingly.
2026-09-09T11:47:52Z [5,830ms] [Warning] [omni.isaac.motion_generation.articulation_trajectory] omni.isaac.motion_generation has been deprecated in favor of isaacsim.robot_motion.motion_generation. Please update your code accordingly.
2026-09-09T11:47:52Z [5,830ms] [Warning] [omni.isaac.motion_generation.kinematics_interface] omni.isaac.motion_generation has been deprecated in favor of isaacsim.robot_motion.motion_generation. Please update your code accordingly.
2026-09-09T11:47:52Z [5,830ms] [Warning] [omni.isaac.motion_generation.lula] omni.isaac.motion_generation has been deprecated in favor of isaacsim.robot_motion.motion_generation. Please update your code accordingly.
2026-09-09T11:47:52Z [5,830ms] [Warning] [omni.isaac.motion_generation.lula.kinematics] omni.isaac.motion_generation has been deprecated in favor of isaacsim.robot_motion.motion_generation. Please update your code accordingly.
2026-09-09T11:47:52Z [5,830ms] [Warning] [omni.isaac.motion_generation.lula.motion_policies] omni.isaac.motion_generation has been deprecated in favor of isaacsim.robot_motion.motion_generation. Please update your code accordingly.
2026-09-09T11:47:52Z [5,830ms] [Warning] [omni.isaac.motion_generation.lula.path_planners] omni.isaac.motion_generation has been deprecated in favor of isaacsim.robot_motion.motion_generation. Please update your code accordingly.
2026-09-09T11:47:52Z [5,830ms] [Warning] [omni.isaac.motion_generation.lula.trajectory_generator] omni.isaac.motion_generation has been deprecated in favor of isaacsim.robot_motion.motion_generation. Please update your code accordingly.
2026-09-09T11:47:52Z [5,830ms] [Warning] [omni.isaac.motion_generation.motion_policy_controller] omni.isaac.motion_generation has been deprecated in favor of isaacsim.robot_motion.motion_generation. Please update your code accordingly.
2026-09-09T11:47:52Z [5,830ms] [Warning] [omni.isaac.motion_generation.motion_policy_interface] omni.isaac.motion_generation has been deprecated in favor of isaacsim.robot_motion.motion_generation. Please update your code accordingly.
2026-09-09T11:47:52Z [5,830ms] [Warning] [omni.isaac.motion_generation.path_planner_visualizer] omni.isaac.motion_generation has been deprecated in favor of isaacsim.robot_motion.motion_generation. Please update your code accordingly.
2026-09-09T11:47:52Z [5,830ms] [Warning] [omni.isaac.motion_generation.path_planning_interface] omni.isaac.motion_generation has been deprecated in favor of isaacsim.robot_motion.motion_generation. Please update your code accordingly.
2026-09-09T11:47:52Z [5,830ms] [Warning] [omni.isaac.motion_generation.trajectory] omni.isaac.motion_generation has been deprecated in favor of isaacsim.robot_motion.motion_generation. Please update your code accordingly.
2026-09-09T11:47:52Z [5,830ms] [Warning] [omni.isaac.motion_generation.world_interface] omni.isaac.motion_generation has been deprecated in favor of isaacsim.robot_motion.motion_generation. Please update your code accordingly.
[5.837s] [ext: omni.isaac.assets_check-0.3.13] startup
2026-09-09T11:47:52Z [5,831ms] [Warning] [omni.isaac.assets_check] omni.isaac.assets_check has been deprecated in favor of isaacsim.asset.browser. Please update your code accordingly.
[5.837s] [ext: isaacsim.gui.sensors.icon-2.0.3] startup
[5.845s] [ext: isaacsim.asset.importer.mjcf-2.5.13] startup
[5.848s] [ext: omni.sensors.nv.common-3.0.0] startup
[5.855s] [ext: isaacsim.sensors.physics-0.4.3] startup
[5.858s] [ext: omni.sensors.net-1.0.0] startup
[5.860s] [ext: omni.isaac.nucleus-1.0.6] startup
2026-09-09T11:47:52Z [5,855ms] [Warning] [omni.isaac.nucleus] omni.isaac.nucleus has been deprecated in favor of isaacsim.storage.native. Please update your code accordingly.
2026-09-09T11:47:52Z [5,855ms] [Warning] [omni.isaac.nucleus.nucleus] omni.isaac.nucleus.nucleus has been deprecated in favor of isaacsim.storage.native. Please update your code accordingly.
[5.861s] [ext: omni.sensors.nv.materials-2.0.0] startup
[5.863s] [ext: isaacsim.robot.policy.examples-4.1.11] startup
[5.865s] [ext: omni.sensors.nv.wpm-3.0.0] startup
[5.867s] [ext: omni.sensors.nv.lidar-3.0.0] startup
[5.871s] [ext: isaacsim.util.debug_draw-3.1.0] startup
[5.873s] [ext: omni.sensors.nv.radar-3.0.0] startup
[5.875s] [ext: omni.sensors.nv.ids-2.0.0] startup
[5.884s] [ext: isaacsim.core.cloner-1.4.10] startup
[5.886s] [ext: isaacsim.sensors.physx-2.3.2] startup
[5.888s] [ext: isaacsim.sensors.rtx-15.8.4] startup
[5.893s] [ext: isaacsim.sensors.camera-1.3.6] startup
[5.900s] [ext: omni.isaac.quadruped-3.0.7] startup
2026-09-09T11:47:52Z [5,895ms] [Warning] [omni.isaac.quadruped] omni.isaac.quadruped has been deprecated in favor of isaacsim.robot.policy.examples. Please update your code accordingly.
[5.902s] [ext: omni.isaac.cloner-1.0.7] startup
2026-09-09T11:47:52Z [5,897ms] [Warning] [omni.isaac.cloner] omni.isaac.cloner has been deprecated in favor of isaacsim.core.cloner. Please update your code accordingly.
[5.905s] [ext: omni.isaac.range_sensor-4.0.6] startup
2026-09-09T11:47:52Z [5,900ms] [Warning] [omni.isaac.range_sensor] omni.isaac.range_sensor has been deprecated in favor of isaacsim.sensors.physx. Please update your code accordingly.
2026-09-09T11:47:52Z [5,900ms] [Warning] [omni.isaac.range_sensor.commands] omni.isaac.range_sensor.commands has been deprecated in favor of isaacsim.sensors.physx.commands. Please update your code accordingly.
[5.906s] [ext: omni.isaac.sensor-13.0.7] startup
2026-09-09T11:47:52Z [5,901ms] [Warning] [omni.isaac.sensor] omni.isaac.sensor has been deprecated in favor of isaacsim.sensors.camera, isaacsim.sensors.physics, isaacsim.sensors.physx, and isaacsim.sensors.rtx. Please update your code accordingly.
2026-09-09T11:47:52Z [5,902ms] [Warning] [omni.isaac.sensor.camera] omni.isaac.sensor.camera has been deprecated in favor of isaacsim.sensors.camera.camera. Please update your code accordingly.
2026-09-09T11:47:52Z [5,902ms] [Warning] [omni.isaac.sensor.camera_view] omni.isaac.sensor.camera_view has been deprecated in favor of isaacsim.sensors.camera.camera_view. Please update your code accordingly.
2026-09-09T11:47:52Z [5,902ms] [Warning] [omni.isaac.sensor.commands] omni.isaac.sensor.commands has been deprecated in favor of isaacsim.sensors.physics.commands, isaacsim.sensors.physx.commands, and isaacsim.sensors.rtx.commands. Please update your code accordingly.
2026-09-09T11:47:52Z [5,902ms] [Warning] [omni.isaac.sensor.contact_sensor] omni.isaac.sensor.contact_sensor has been deprecated in favor of isaacsim.sensors.physics.contact_sensor. Please update your code accordingly.
2026-09-09T11:47:52Z [5,902ms] [Warning] [omni.isaac.sensor.imu_sensor] omni.isaac.sensor.imu_sensor has been deprecated in favor of isaacsim.sensors.physics.imu_sensor. Please update your code accordingly.
2026-09-09T11:47:52Z [5,902ms] [Warning] [omni.isaac.sensor.lidar_rtx] omni.isaac.sensor.lidar_rtx has been deprecated in favor of isaacsim.sensors.rtx.lidar_rtx. Please update your code accordingly.
2026-09-09T11:47:52Z [5,902ms] [Warning] [omni.isaac.sensor.rotating_lidar_physX] omni.isaac.sensor.imu_sensor has been deprecated in favor of isaacsim.sensors.physix.rotating_lidar_physX. Please update your code accordingly.
2026-09-09T11:47:52Z [5,903ms] [Warning] [omni.isaac.sensor.scripts.samples.contact_sensor] omni.isaac.sensor.scripts.samples.contact_sensor has been deprecated in favor of isaacsim.sensors.physics.scripts.samples.contact_sensor. Please update your code accordingly.
2026-09-09T11:47:52Z [5,903ms] [Warning] [omni.isaac.sensor.scripts.samples.imu_sensor] omni.isaac.sensor.scripts.samples.imu_sensor has been deprecated in favor of isaacsim.sensors.physics.scripts.samples.imu_sensor. Please update your code accordingly.
2026-09-09T11:47:52Z [5,903ms] [Warning] [omni.isaac.sensor.scripts.samples.lightbeam_sensor] omni.isaac.sensor.scripts.samples.lightbeam_sensor has been deprecated in favor of isaacsim.sensors.physx.scripts.samples.lightbeam_sensor. Please update your code accordingly.
[5.909s] [ext: omni.kit.menu.create-2.0.1] startup
[5.911s] [ext: omni.kit.widget.toolbar-2.0.1] startup
[5.919s] [ext: omni.kit.manipulator.transform-107.0.0] startup
[5.922s] [ext: omni.isaac.core-4.0.7] startup
2026-09-09T11:47:52Z [5,916ms] [Warning] [omni.isaac.core.physics_context.physics_context] omni.isaac.core.physics_context.physics_context has been deprecated in favor of isaacsim.core.api.physics_context.physics_context. Please update your code accordingly.
2026-09-09T11:47:52Z [5,916ms] [Warning] [omni.isaac.core.simulation_context.simulation_context] omni.isaac.core.simulation_context.simulation_context has been deprecated in favor of isaacsim.core.api.simulation_context.simulation_context. Please update your code accordingly.
2026-09-09T11:47:52Z [5,916ms] [Warning] [omni.isaac.core.world.world] omni.isaac.core.world.world has been deprecated in favor of isaacsim.core.api.world.world. Please update your code accordingly.
2026-09-09T11:47:52Z [5,917ms] [Warning] [omni.isaac.core] omni.isaac.core has been deprecated in favor of isaacsim.core.api. Please update your code accordingly.
[5.923s] [ext: omni.kit.scripting-107.3.2] startup
[5.926s] [ext: omni.kit.manipulator.tool.snap-1.5.13] startup
[5.929s] [ext: omni.kit.manipulator.selector-1.1.3] startup
[5.930s] [ext: isaacsim.app.about-2.0.11] startup
[5.934s] [ext: isaacsim.replicator.behavior-1.1.16] startup
[5.935s] [ext: omni.kit.viewport.manipulator.transform-107.0.4] startup
[5.936s] [ext: omni.isaac.window.about-2.0.7] startup
2026-09-09T11:47:52Z [5,931ms] [Warning] [omni.isaac.window.about] omni.isaac.window.about has been deprecated in favor of isaacsim.app.about. Please update your code accordingly.
2026-09-09T11:47:52Z [5,931ms] [Warning] [omni.isaac.window.about.about] omni.isaac.window.about.about has been deprecated in favor of isaacsim.app.about.about. Please update your code accordingly.
[5.937s] [ext: omni.fabric.commands-1.1.6] startup
[5.939s] [ext: omni.kit.manipulator.prim.core-107.0.8] startup
[5.943s] [ext: omni.kit.property.audio-1.0.16] startup
[5.944s] [ext: omni.kit.property.camera-1.0.10] startup
[5.945s] [ext: omni.kit.property.geometry-2.0.4] startup
[5.947s] [ext: omni.hydra.scene_api-0.1.2] startup
[5.950s] [ext: omni.kit.property.light-1.0.12] startup
[5.957s] [ext: omni.kit.manipulator.prim.fabric-107.0.4] startup
[5.958s] [ext: omni.kit.manipulator.prim.usd-107.0.3] startup
[5.959s] [ext: omni.kit.property.material-1.11.9] startup
[5.962s] [ext: omni.kit.property.render-1.2.1] startup
[5.963s] [ext: omni.kit.property.transform-1.5.13] startup
[5.966s] [ext: isaacsim.gui.property-1.1.3] startup
[5.968s] [ext: omni.kit.manipulator.camera-106.0.4] startup
[5.970s] [ext: omni.kit.manipulator.prim-107.0.0] startup
[5.970s] [ext: omni.isaac.surface_gripper-2.0.6] startup
2026-09-09T11:47:52Z [5,965ms] [Warning] [omni.isaac.surface_gripper] omni.isaac.surface_gripper has been deprecated in favor of isaacsim.robot.surface_gripper. Please update your code accordingly.
[5.971s] [ext: omni.kit.manipulator.selection-106.0.1] startup
[5.973s] [ext: omni.kit.property.bundle-1.4.1] startup
[5.974s] [ext: omni.kit.property.isaac-1.0.6] startup
2026-09-09T11:47:52Z [5,968ms] [Warning] [omni.kit.property.isaac] omni.kit.property.isaac has been deprecated in favor of isaacsim.gui.property. Please update your code accordingly.
2026-09-09T11:47:52Z [5,968ms] [Warning] [omni.kit.property.isaac.widgets] omni.kit.property.isaac.widgets has been deprecated in favor of isaacsim.gui.property.widgets. Please update your code accordingly.
[5.974s] [ext: omni.isaac.universal_robots-1.0.6] startup
2026-09-09T11:47:52Z [5,969ms] [Warning] [omni.isaac.universal_robots] omni.isaac.universal_robots has been deprecated in favor of isaacsim.robot.manipulators.examples.universal_robots. Please update your code accordingly.
2026-09-09T11:47:52Z [5,969ms] [Warning] [omni.isaac.universal_robots.kinematics_solver] omni.isaac.franka has been deprecated in favor of isaacsim.robot.manipulators.examples.universal_robots. Please update your code accordingly.
2026-09-09T11:47:52Z [5,969ms] [Warning] [omni.isaac.universal_robots.ur10] omni.isaac.franka has been deprecated in favor of isaacsim.robot.manipulators.examples.universal_robots. Please update your code accordingly.
[5.975s] [ext: omni.isaac.core_nodes-2.0.6] startup
2026-09-09T11:47:52Z [5,971ms] [Warning] [omni.isaac.core_nodes] omni.isaac.core_nodes has been deprecated in favor of isaacsim.core.nodes. Please update your code accordingly.
[5.977s] [ext: omni.kit.viewport.menubar.camera-107.0.6] startup
[5.982s] [ext: omni.kit.viewport.menubar.lighting-107.3.1] startup
[5.984s] [ext: isaacsim.replicator.writers-1.0.17] startup
[5.992s] [ext: omni.kit.viewport.menubar.render-107.0.10] startup
[5.997s] [ext: omni.kit.viewport.menubar.settings-107.0.3] startup
[6.001s] [ext: omni.kit.window.console-1.1.4] startup
[6.004s] [ext: isaacsim.replicator.domain_randomization-1.0.16] startup
[6.005s] [ext: isaacsim.replicator.examples-1.3.6] startup
[6.006s] [ext: omni.ocio-0.1.1] startup
[6.008s] [ext: omni.rtx.window.settings-0.6.19] startup
[6.015s] [ext: omni.kit.window.status_bar-0.1.9] startup
[6.021s] [ext: omni.kit.window.toolbar-2.0.0] startup
[6.023s] [ext: omni.replicator.isaac-2.0.8] startup
2026-09-09T11:47:52Z [6,018ms] [Warning] [omni.replicator.isaac] omni.replicator.isaac has been deprecated in favor of isaacsim.replicator.domain_randomization, isaacsim.replicator.examples, isaacsim.replicator.writers. Please update your code accordingly.
[6.024s] [ext: omni.replicator.replicator_yaml-2.0.11] startup
[6.035s] [ext: omni.rtx.settings.core-0.6.5] startup
[6.039s] [ext: omni.usd.metrics.assembler.ui-107.3.1] startup
[6.045s] [ext: omni.isaac.utils-2.0.6] startup
[6.046s] [ext: semantics.schema.editor-2.0.2] startup
[6.049s] [ext: omni.kit.ui.actions-1.0.5] startup
[6.050s] [ext: semantics.schema.property-2.0.1] startup
[6.051s] [ext: omni.isaac.version-2.0.7] startup
2026-09-09T11:47:52Z [6,046ms] [Warning] [omni.isaac.version] omni.isaac.version has been deprecated in favor of isaacsim.core.version. Please update your code accordingly.
[6.052s] [ext: omni.isaac.cortex-1.0.5] startup
[6.052s] [ext: omni.anim.curve.core-1.3.1] startup
[6.058s] [ext: isaacsim.core.throttling-2.2.2] startup
[6.060s] [ext: omni.kit.menu.common-2.0.1] startup
[6.061s] [ext: isaacsim.exp.base-5.1.0] startup
[6.062s] [ext: isaacsim.exp.base.python-5.1.0] startup
[6.062s] Simulation App Starting
2026-09-09T11:47:53Z [6,406ms] [Warning] [omni.fabric.plugin] Warning: attribute viewportHandle not found for bucket id 9

[6.482s] app ready
[8.104s] Simulation App Startup Complete
[8.111s] [ext: isaacsim.ros2.bridge-4.12.4] startup
[8.371s] Attempting to load system rclpy
[8.371s] Could not import system rclpy: No module named 'rclpy'
[8.371s] Attempting to load internal rclpy for ROS Distro: jazzy
[8.382s] rclpy loaded
2026-09-09T11:47:55Z [8,840ms] [Warning] [omni.physx.plugin] Detected an articulation at /World/Robot with more than 4 velocity iterations being added to a TGS scene.The related behavior changed recently, please consult the changelog. This warning will only print once.
2026-09-09T11:47:55Z [8,900ms] [Error] [omni.physx.tensors.plugin] Size of the filter pattern list must match the size of the sensor pattern list
2026-09-09T11:47:55Z [8,900ms] [Error] [omni.physx.tensors.plugin] Provided patterns for sensor and filters did not match any rigid contact entries

2026-09-09T11:47:55Z [8,905ms] [Error] [omni.kit.app._impl] [py stderr]: Traceback (most recent call last):
2026-09-09T11:47:55Z [8,905ms] [Error] [omni.kit.app._impl] [py stderr]:   File "/home/hoyunkim/amr_isaac51/sim/run_sim.py", line 133, in run
    wheel_view = RigidPrim([f"{root}/{name}" for name in wheel_names], name="wheel_contacts",
                 ^^^^^^^^^^^^^^^^^^^^^^^^^^^^^^^^^^^^^^^^^^^^^^^^^^^^^^^^^^^^^^^^^^^^^^^^^^^^
2026-09-09T11:47:55Z [8,905ms] [Error] [omni.kit.app._impl] [py stderr]:   File "/home/hoyunkim/isaacsim/exts/isaacsim.core.prims/isaacsim/core/prims/impl/rigid_prim.py", line 202, in __init__
    RigidPrim._on_physics_ready(self, None)
2026-09-09T11:47:55Z [8,905ms] [Error] [omni.kit.app._impl] [py stderr]:   File "/home/hoyunkim/isaacsim/exts/isaacsim.core.prims/isaacsim/core/prims/impl/rigid_prim.py", line 2279, in _on_physics_ready
    self._contact_view.initialize(simulation_view)
2026-09-09T11:47:55Z [8,905ms] [Error] [omni.kit.app._impl] [py stderr]:   File "/home/hoyunkim/isaacsim/exts/isaacsim.core.api/isaacsim/core/api/sensors/rigid_contact_view.py", line 245, in initialize
    self._num_shapes = self._physics_view.sensor_count
                       ^^^^^^^^^^^^^^^^^^^^^^^^^^^^^^^
2026-09-09T11:47:55Z [8,905ms] [Error] [omni.kit.app._impl] [py stderr]:   File "/home/hoyunkim/isaacsim/extscache/omni.physics.tensors-107.3.26+107.3.3.lx64.r.cp311.u353/omni/physics/tensors/impl/api.py", line 5762, in sensor_count
    return self._backend.sensor_count
           ^^^^^^^^^^^^^^^^^^^^^^^^^^
2026-09-09T11:47:55Z [8,905ms] [Error] [omni.kit.app._impl] [py stderr]: AttributeError: 'NoneType' object has no attribute 'sensor_count'
Starting kit application with the following args:  ['/home/hoyunkim/isaacsim/exts/isaacsim.simulation_app/isaacsim/simulation_app/simulation_app.py', '/home/hoyunkim/isaacsim/apps/isaacsim.exp.base.python.kit', '--/app/tokens/exe-path=/home/hoyunkim/isaacsim/kit', '--/persistent/app/viewport/displayOptions=3094', '--/rtx/materialDb/syncLoads=True', '--/rtx/hydra/materialSyncLoads=True', '--/omni.kit.plugin/syncUsdLoads=True', '--/app/renderer/resolution/width=1280', '--/app/renderer/resolution/height=720', '--/app/window/width=1440', '--/app/window/height=900', '--/renderer/multiGpu/enabled=True', '--/app/fastShutdown=False', '--/app/installSignalHandlers=0', '--ext-folder', '/home/hoyunkim/isaacsim/exts', '--ext-folder', '/home/hoyunkim/isaacsim/apps', '--/physics/cudaDevice=0', '--/plugins/carb.tasking.plugin/threadCount=16', '--/plugins/omni.tbb.globalcontrol/maxThreadCount=16', '--portable']
Passing the following args to the base kit application:  ['--duration', '35', '--physics-trace', '--report', 'verification/runtime_fix_20260909/camera_fix_physics_baseline.json']
Warp 1.8.2 initialized:
   CUDA Toolkit 12.8, Driver 13.0
   Devices:
     "cpu"      : "x86_64"
     "cuda:0"   : "NVIDIA GeForce RTX 5070 Ti" (15 GiB, sm_120, mempool enabled)
   Kernel cache:
     /home/hoyunkim/.cache/warp/1.8.2
Warp DeprecationWarning: The `warp.sim` module is deprecated and will be removed in v1.10. Please transition to using the forthcoming Newton library instead.
Runtime report: verification/runtime_fix_20260909/camera_fix_physics_baseline.json
[9.011s] Simulation App Shutting Down
[9.012s] [ext: isaacsim.exp.base.python-5.1.0] shutdown
[9.012s] [ext: isaacsim.exp.base-5.1.0] shutdown
[9.012s] [ext: omni.isaac.window.about-2.0.7] shutdown
[9.142s] [ext: isaacsim.app.about-2.0.11] shutdown
[9.307s] [ext: omni.isaac.asset_browser-1.0.6] shutdown
[9.432s] [ext: omni.isaac.assets_check-0.3.13] shutdown
[9.559s] [ext: isaacsim.asset.browser-1.3.23] shutdown
[9.747s] [ext: isaacsim.asset.importer.mjcf-2.5.13] shutdown
[10.097s] [ext: isaacsim.asset.importer.urdf-2.4.30] shutdown
[10.445s] [ext: omni.isaac.cortex.sample_behaviors-2.0.5] shutdown
[10.574s] [ext: isaacsim.cortex.behaviors-2.0.14] shutdown
[10.702s] [ext: omni.isaac.cortex-1.0.5] shutdown
[10.828s] [ext: isaacsim.cortex.framework-1.0.12] shutdown
[10.955s] [ext: omni.isaac.franka-1.0.7] shutdown
[11.081s] [ext: omni.isaac.universal_robots-1.0.6] shutdown
[11.208s] [ext: isaacsim.robot.manipulators.examples-1.1.2] shutdown
[11.334s] [ext: omni.isaac.manipulators-3.0.7] shutdown
[11.460s] [ext: isaacsim.robot.manipulators-3.3.6] shutdown
[11.586s] [ext: omni.isaac.quadruped-3.0.7] shutdown
[11.711s] [ext: isaacsim.robot.policy.examples-4.1.11] shutdown
[11.836s] [ext: omni.isaac.wheeled_robots-3.0.7] shutdown
[11.963s] [ext: isaacsim.robot.wheeled_robots-4.0.24] shutdown
[12.089s] [ext: omni.isaac.sensor-13.0.7] shutdown
[12.212s] [ext: isaacsim.ros2.bridge-4.12.4] shutdown
[13.016s] [ext: isaacsim.sensors.camera-1.3.6] shutdown
[13.134s] [ext: isaacsim.sensors.physics-0.4.3] shutdown
[13.472s] [ext: isaacsim.sensors.rtx-15.8.4] shutdown
[13.810s] [ext: omni.isaac.core_nodes-2.0.6] shutdown
[13.927s] [ext: isaacsim.core.nodes-3.4.3] shutdown
[14.098s] [ext: omni.replicator.isaac-2.0.8] shutdown
[14.213s] [ext: isaacsim.replicator.domain_randomization-1.0.16] shutdown
[14.329s] [ext: isaacsim.replicator.examples-1.3.6] shutdown
[14.445s] [ext: isaacsim.replicator.writers-1.0.17] shutdown
[14.560s] [ext: omni.isaac.surface_gripper-2.0.6] shutdown
[14.894s] [ext: isaacsim.robot.surface_gripper-3.3.1] shutdown
[15.224s] [ext: omni.isaac.range_sensor-4.0.6] shutdown
[15.338s] [ext: isaacsim.sensors.physx-2.3.2] shutdown
[15.453s] [ext: omni.isaac.menu-1.0.6] shutdown
[15.566s] [ext: isaacsim.gui.menu-2.4.4] shutdown
[16.325s] [ext: omni.isaac.lula_test_widget-1.0.6] shutdown
[16.438s] [ext: isaacsim.robot_motion.lula_test_widget-1.0.12] shutdown
[16.792s] [ext: omni.isaac.motion_generation-8.0.7] shutdown
[16.902s] [ext: isaacsim.robot_motion.motion_generation-8.0.26] shutdown
[17.013s] [ext: omni.isaac.core-4.0.7] shutdown
[17.123s] [ext: isaacsim.core.api-4.8.0] shutdown
[17.233s] [ext: omni.isaac.cloner-1.0.7] shutdown
[17.347s] [ext: isaacsim.core.cloner-1.4.10] shutdown
[17.455s] [ext: isaacsim.core.experimental.objects-0.4.0] shutdown
[17.563s] [ext: isaacsim.core.experimental.materials-0.4.0] shutdown
[17.669s] [ext: isaacsim.core.experimental.prims-0.8.1] shutdown
[17.775s] [ext: isaacsim.core.prims-0.6.1] shutdown
[17.882s] [ext: isaacsim.core.simulation_manager-1.4.4] shutdown
[17.989s] [ext: isaacsim.gui.sensors.icon-2.0.3] shutdown
[18.099s] [ext: omni.isaac.utils-2.0.6] shutdown
[18.208s] [ext: isaacsim.core.utils-3.5.1] shutdown
[18.319s] [ext: omni.kit.property.isaac-1.0.6] shutdown
[18.427s] [ext: isaacsim.gui.property-1.1.3] shutdown
[18.534s] [ext: isaacsim.replicator.behavior-1.1.16] shutdown
[18.642s] [ext: omni.isaac.nucleus-1.0.6] shutdown
[18.747s] [ext: isaacsim.storage.native-1.5.1] shutdown
[18.852s] [ext: omni.isaac.version-2.0.7] shutdown
[18.957s] [ext: isaacsim.core.version-2.0.6] shutdown
[19.062s] [ext: omni.isaac.lula-4.0.6] shutdown
[19.170s] [ext: isaacsim.util.debug_draw-3.1.0] shutdown
[19.286s] [ext: omni.isaac.kit-2.0.6] shutdown
[19.392s] [ext: isaacsim.core.experimental.utils-0.3.0] shutdown
[19.501s] [ext: isaacsim.test.docstring-1.1.0] shutdown
[19.607s] [ext: isaacsim.core.deprecation_manager-0.2.7] shutdown
[19.710s] [ext: isaacsim.core.throttling-2.2.2] shutdown
[19.814s] [ext: isaacsim.examples.browser-0.2.1] shutdown
[19.979s] [ext: isaacsim.gui.components-1.2.1] shutdown
[20.083s] [ext: isaacsim.gui.content_browser-0.1.11] shutdown
[20.187s] [ext: isaacsim.robot.schema-3.6.0] shutdown
[20.398s] [ext: isaacsim.robot_motion.lula-4.0.8] shutdown
[20.606s] [ext: isaacsim.simulation_app-2.12.2] shutdown
[20.710s] [ext: omni.isaac.ml_archive-3.0.4] shutdown
[20.890s] [ext: omni.isaac.core_archive-3.0.0] shutdown
[21.058s] [ext: omni.kit.property.bundle-1.4.1] shutdown
[21.143s] [ext: omni.kit.property.camera-1.0.10] shutdown
[21.227s] [ext: omni.kit.property.light-1.0.12] shutdown
[21.312s] [ext: omni.kit.property.material-1.11.9] shutdown
[21.397s] [ext: omni.kit.scripting-107.3.2] shutdown
[21.481s] [ext: omni.replicator.replicator_yaml-2.0.11] shutdown
[21.842s] [ext: omni.replicator.core-1.12.27] shutdown
[21.956s] [ext: omni.warp-1.8.2] shutdown
[22.102s] [ext: omni.graph.scriptnode-1.50.0] shutdown
[22.179s] [ext: omni.kit.property.audio-1.0.16] shutdown
[22.255s] [ext: omni.kit.property.geometry-2.0.4] shutdown
[22.329s] [ext: omni.kit.property.render-1.2.1] shutdown
[22.402s] [ext: omni.kit.property.transform-1.5.13] shutdown
[22.476s] [ext: semantics.schema.property-2.0.1] shutdown
[22.767s] [ext: omni.kit.property.usd-4.5.12] shutdown
[22.838s] [ext: omni.kit.window.console-1.1.4] shutdown
[22.933s] [ext: omni.kit.menu.stage-1.2.7] shutdown
[23.005s] [ext: omni.kit.tool.asset_importer-4.3.2] shutdown
[23.136s] [ext: omni.kit.tool.collect-2.2.18] shutdown
[23.267s] [ext: omni.kit.window.content_browser-3.1.3] shutdown
[23.363s] [ext: omni.kit.window.extensions-1.4.27] shutdown
[23.456s] [ext: omni.graph.action-1.130.0] shutdown
[23.525s] [ext: omni.graph.action_nodes-1.50.4] shutdown
[23.596s] [ext: omni.kit.browser.folder.core-1.10.9] shutdown
[23.664s] [ext: omni.kit.window.content_browser_registry-0.0.6] shutdown
[23.731s] [ext: omni.kit.usdz_export-1.0.9] shutdown
[23.799s] [ext: omni.kit.window.material_graph-1.9.1] shutdown
[23.934s] [ext: omni.kit.window.stage-2.6.1] shutdown
[24.027s] [ext: omni.kit.widget.stage-3.1.4] shutdown
[24.094s] [ext: omni.kit.window.file-2.0.5] shutdown
[24.161s] [ext: omni.rtx.settings.core-0.6.5] shutdown
[24.229s] [ext: omni.rtx.window.settings-0.6.19] shutdown
[24.319s] [ext: omni.kit.window.file_exporter-1.0.33] shutdown
[24.422s] [ext: omni.kit.browser.core-2.3.13] shutdown
[24.487s] [ext: omni.usd.metrics.assembler.ui-107.3.1] shutdown
[24.551s] [ext: omni.kit.viewport.menubar.display-107.0.3] shutdown
[24.615s] [ext: omni.kit.viewport.actions-107.0.2] shutdown
[24.680s] [ext: omni.graph.ui_nodes-1.50.5] shutdown
[24.745s] [ext: omni.kit.manipulator.prim-107.0.0] shutdown
[24.745s] [ext: omni.kit.manipulator.prim.fabric-107.0.4] shutdown
[24.808s] [ext: omni.kit.manipulator.prim.usd-107.0.3] shutdown
[24.870s] [ext: omni.kit.manipulator.prim.core-107.0.8] shutdown
[24.871s] [ext: omni.kit.viewport.manipulator.transform-107.0.4] shutdown
[24.935s] [ext: omni.kit.manipulator.tool.snap-1.5.13] shutdown
[24.998s] [ext: omni.kit.viewport.menubar.lighting-107.3.1] shutdown
[25.059s] [ext: omni.syntheticdata-0.6.13] shutdown
[25.120s] [ext: omni.graph.visualization.nodes-2.1.3] shutdown
[25.180s] [ext: omni.kit.viewport.utility-1.1.2] shutdown
[25.238s] [ext: omni.kit.viewport.window-107.2.0] shutdown
[25.351s] [ext: omni.kit.material.library-2.0.7] shutdown
[25.433s] [ext: omni.kit.window.file_importer-1.1.18] shutdown
[25.530s] [ext: omni.kit.window.filepicker-2.13.4] shutdown
[25.588s] [ext: omni.kit.clipboard-1.0.5] shutdown
[25.647s] [ext: omni.anim.curve.core-1.3.1] shutdown
[25.918s] [ext: omni.graph.nodes-1.170.10] shutdown
[25.979s] [ext: omni.graph-1.141.2] shutdown
[26.072s] [ext: omni.graph.action_core-1.1.7] shutdown
[26.127s] [ext: omni.sensors.nv.ids-2.0.0] shutdown
[26.189s] [ext: omni.sensors.nv.lidar-3.0.0] shutdown
[26.244s] [ext: omni.sensors.nv.radar-3.0.0] shutdown
[26.302s] [ext: omni.sensors.nv.materials-2.0.0] shutdown
[26.358s] [ext: omni.sensors.nv.wpm-3.0.0] shutdown
[26.359s] [ext: omni.sensors.nv.common-3.0.0] shutdown
[26.416s] [ext: omni.graph.image.nodes-1.3.1] shutdown
[26.416s] [ext: omni.graph.image.core-0.6.1] shutdown
[26.417s] [ext: omni.graph.core-2.184.5] shutdown
[26.417s] [ext: omni.kit.widget.material_preview-1.0.16] shutdown
[26.471s] [ext: omni.kit.widget.viewport-107.1.3] shutdown
[26.524s] [ext: omni.kit.hydra_texture-1.4.6] shutdown
[26.577s] [ext: omni.kit.manipulator.camera-106.0.4] shutdown
[26.630s] [ext: omni.kit.manipulator.selection-106.0.1] shutdown
[26.682s] [ext: omni.kit.widget.filebrowser-2.12.3] shutdown
[26.735s] [ext: omni.kit.window.property-1.12.1] shutdown
[26.812s] [ext: omni.kit.widget.highlight_label-1.0.3] shutdown
[26.865s] [ext: omni.kit.menu.common-2.0.1] shutdown
[26.950s] [ext: omni.kit.manipulator.transform-107.0.0] shutdown
[27.001s] [ext: omni.kit.viewport.menubar.camera-107.0.6] shutdown
[27.053s] [ext: omni.kit.viewport.menubar.render-107.0.10] shutdown
[27.104s] [ext: omni.kit.viewport.menubar.settings-107.0.3] shutdown
[27.155s] [ext: omni.kit.viewport.menubar.core-107.2.1] shutdown
[27.206s] [ext: omni.kit.window.preferences-1.8.0] shutdown
[27.272s] [ext: semantics.schema.editor-2.0.2] shutdown
[27.570s] [ext: omni.kit.window.toolbar-2.0.0] shutdown
[27.635s] [ext: omni.kit.menu.create-2.0.1] shutdown
[27.734s] [ext: omni.fabric.commands-1.1.6] shutdown
[27.784s] [ext: omni.kit.stage_templates-2.0.0] shutdown
[27.875s] [ext: omni.kit.primitive.mesh-1.0.17] shutdown
[27.937s] [ext: omni.kit.widget.toolbar-2.0.1] shutdown
[27.986s] [ext: omni.kit.menu.utils-2.0.5] shutdown
[28.035s] [ext: omni.kit.widget.filter-1.1.4] shutdown
[28.082s] [ext: omni.kit.widget.options_button-1.0.3] shutdown
[28.130s] [ext: omni.kit.widget.options_menu-1.1.6] shutdown
[28.178s] [ext: omni.kit.widget.browser_bar-2.0.10] shutdown
[28.224s] [ext: omni.kit.ui.actions-1.0.5] shutdown
[28.271s] [ext: omni.kit.context_menu-1.8.6] shutdown
[28.318s] [ext: omni.kit.widget.context_menu-1.2.5] shutdown
[28.365s] [ext: omni.kit.widget.settings-1.2.6] shutdown
[28.411s] [ext: omni.hydra.scene_api-0.1.2] shutdown
[28.458s] [ext: omni.kit.property.adapter.fabric-1.0.3] shutdown
[28.503s] [ext: omni.isaac.dynamic_control-2.0.7] shutdown
[28.762s] [ext: omni.physics.stageupdate-107.3.26] shutdown
[28.808s] [ext: omni.kit.usd.layers-2.2.11] shutdown
[28.853s] [ext: omni.kit.raycast.query-1.1.0] shutdown
[28.897s] [ext: omni.kit.selection-0.1.6] shutdown
[28.941s] [ext: omni.physx.tensors-107.3.26] shutdown
[28.941s] [ext: omni.kit.helper.file_utils-0.1.9] shutdown
[28.985s] [ext: omni.kit.manipulator.selector-1.1.3] shutdown
[29.029s] [ext: omni.kit.graph.usd.commands-1.3.1] shutdown
[29.072s] [ext: omni.kit.window.status_bar-0.1.9] shutdown
[29.117s] [ext: omni.hydra.engine.stats-1.0.3] shutdown
[29.160s] [ext: omni.kit.stage_template.core-1.1.22] shutdown
[29.204s] [ext: omni.kit.viewport.legacy_gizmos-1.0.19] shutdown
[29.250s] [ext: omni.kit.usd.collect-2.4.5] shutdown
[29.295s] [ext: omni.kit.asset_converter-5.0.17] shutdown
[29.339s] [ext: omni.kit.property.adapter.usd-1.0.2] shutdown
[29.381s] [ext: omni.kit.property.adapter.core-1.0.2] shutdown
[29.461s] [ext: omni.kit.viewport.scene_camera_model-1.0.6] shutdown
[29.503s] [ext: omni.usd-1.13.10] shutdown
[30.569s] [ext: omni.kit.widget.nucleus_connector-2.0.1] shutdown
[30.648s] [ext: omni.kit.window.popup_dialog-2.0.24] shutdown
[30.689s] [ext: omni.kit.menu.core-1.1.2] shutdown
[30.731s] [ext: omni.kit.notification_manager-1.0.10] shutdown
[30.773s] [ext: omni.kit.widget.prompt-1.0.7] shutdown
[30.814s] [ext: omni.kit.widget.searchable_combobox-1.0.6] shutdown
[30.856s] [ext: omni.kit.graph.editor.core-1.5.3] shutdown
[30.898s] [ext: omni.kit.widget.searchfield-1.1.8] shutdown
[30.939s] [ext: omni.kit.widget.zoombar-1.0.6] shutdown
[30.979s] [ext: omni.kit.viewport.registry-104.0.6] shutdown
[31.019s] [ext: omni.kit.graph.delegate.default-1.2.3] shutdown
[31.060s] [ext: omni.kit.widget.graph-2.0.0] shutdown
[31.100s] [ext: omni.kit.manipulator.viewport-107.0.1] shutdown
[31.140s] [ext: omni.ui.scene-1.11.5] shutdown
[31.180s] [ext: omni.kit.hotkeys.core-1.3.10] shutdown
[31.221s] [ext: omni.kit.uiapp-0.0.0] shutdown
[31.221s] [ext: omni.kit.mainwindow-1.0.3] shutdown
[31.261s] [ext: omni.kit.window.drop_support-1.0.5] shutdown
[31.299s] [ext: omni.kit.ui_test-1.3.7] shutdown
[31.339s] [ext: omni.ui_query-1.1.8] shutdown
[31.379s] [ext: omni.kit.widget.path_field-2.0.11] shutdown
[31.417s] [ext: omni.ui-2.27.1] shutdown
[31.456s] [ext: omni.kit.renderer.imgui-2.0.5] shutdown
[31.497s] [ext: omni.kit.renderer.capture-0.0.0] shutdown
[31.535s] [ext: omni.kit.renderer.core-1.1.0] shutdown
[31.578s] [ext: omni.appwindow-1.1.10] shutdown
[31.616s] [ext: omni.graph.tools-1.79.2] shutdown
[31.652s] [ext: omni.kit.test-2.0.1] shutdown
[31.687s] [ext: omni.kit.loop-isaac-1.3.7] shutdown
[31.722s] [ext: omni.pip.cloud-1.4.3] shutdown
[31.788s] [ext: omni.pip.compute-1.6.3] shutdown
[31.876s] [ext: omni.usd.schema.isaac-3.0.5] shutdown
[31.876s] [ext: omni.kit.audiodeviceenum-1.0.2] shutdown
[31.901s] [ext: omni.uiaudio-1.0.0] shutdown
[31.927s] [ext: carb.audio-0.1.0] shutdown
[31.952s] [ext: omni.kit.renderer.init-0.0.0] shutdown
[31.952s] [ext: carb.windowing.plugins-1.0.0] shutdown
[31.953s] [ext: omni.hydra.usdrt_delegate-7.5.1] shutdown
[31.980s] [ext: omni.activity.core-1.0.3] shutdown
[32.005s] [ext: omni.anim.graph.schema-107.3.3] shutdown
[32.031s] [ext: omni.anim.navigation.schema-107.3.3] shutdown
[32.057s] [ext: omni.physics.physx-107.3.26] shutdown
[32.084s] [ext: omni.physx-107.3.26] shutdown
[32.118s] [ext: omni.physx.cooking-107.3.26] shutdown
[32.144s] [ext: omni.convexdecomposition-107.3.26] shutdown
[32.170s] [ext: omni.ocio-0.1.1] shutdown
[32.194s] [ext: omni.hydra.rtx-1.0.0] shutdown
[32.197s] [ext: omni.hydra.scene_delegate-0.3.4] shutdown
[32.198s] [ext: omni.kit.usd_undo-0.1.8] shutdown
[32.223s] [ext: omni.usd.schema.omnigraph-1.0.0] shutdown
[32.248s] [ext: omni.physics.tensors-107.3.26] shutdown
[32.276s] [ext: omni.usd.metrics.assembler.physics-107.3.26] shutdown
[32.300s] [ext: omni.usdphysics-107.3.26] shutdown
[32.325s] [ext: omni.usd.schema.physx-107.3.26] shutdown
[32.350s] [ext: omni.usd.schema.render_settings.rtx-0.0.0] shutdown
[32.374s] [ext: omni.index-1.0.1] shutdown
[32.375s] [ext: omni.kit.exec.core-0.13.4] shutdown
[32.399s] [ext: omni.usd.schema.anim-0.0.0] shutdown
[32.424s] [ext: omni.usd.schema.flow-107.1.1] shutdown
[32.448s] [ext: omni.usd.schema.omni_lens_distortion-0.0.0] shutdown
[32.473s] [ext: usdrt.scenegraph-7.6.1] shutdown
[32.496s] [ext: omni.kit.usd.mdl-1.1.5] shutdown
[32.542s] [ext: omni.usd.schema.omni_sensors-0.0.0] shutdown
[32.565s] [ext: omni.usd.core-1.5.3] shutdown
[32.565s] [ext: omni.usd.metrics.assembler-107.3.1] shutdown
[32.588s] [ext: omni.usd.schema.audio-0.0.0] shutdown
[32.611s] [ext: omni.usd.schema.geospatial-0.0.0] shutdown
[32.632s] [ext: omni.usd.schema.metrics.assembler-107.3.1] shutdown
[32.654s] [ext: omni.usd.schema.omniscripting-1.0.0] shutdown
[32.677s] [ext: omni.usd.schema.semantics-0.0.0] shutdown
[32.699s] [ext: omni.usd_resolver-1.0.0] shutdown
[32.722s] [ext: omni.usd.libs-1.0.1] shutdown
[32.753s] [ext: omni.gpucompute.plugins-0.0.0] shutdown
[32.753s] [ext: omni.physx.foundation-107.3.26] shutdown
[32.774s] [ext: omni.resourcemonitor-107.0.1] shutdown
[32.795s] [ext: omni.gpu_foundation-0.0.0] shutdown
[32.815s] [ext: omni.videoencoding-0.1.2] shutdown
[32.837s] [ext: omni.volume-0.5.2] shutdown
[32.858s] [ext: omni.assets.plugins-0.0.0] shutdown
[32.858s] [ext: omni.ujitso.client-0.0.0] shutdown
[32.858s] [ext: omni.ujitso.default-1.0.0] shutdown
[32.878s] [ext: omni.datastore-0.0.0] shutdown
[32.879s] [ext: omni.hsscclient-1.1.2] shutdown
[32.899s] [ext: omni.blobkey-1.1.2] shutdown
[32.899s] [ext: omni.mdl.neuraylib-0.2.12] shutdown
[32.919s] [ext: omni.mdl-56.0.3] shutdown
[32.938s] [ext: omni.client-1.3.0] shutdown
[32.938s] [ext: omni.gpu_foundation.shadercache.vulkan-1.0.0] shutdown
[32.958s] [ext: omni.graph.exec-0.9.6] shutdown
[32.958s] [ext: omni.hydra.rtx.shadercache.vulkan-1.0.0] shutdown
[32.976s] [ext: omni.index.libs-380600.8087.0] shutdown
[32.976s] [ext: omni.inspect-1.0.2] shutdown
[32.995s] [ext: omni.iray.libs-0.0.0] shutdown
[32.996s] [ext: omni.kit.commands-1.4.10] shutdown
[33.015s] [ext: omni.kit.actions.core-1.0.0] shutdown
[33.034s] [ext: omni.kit.numpy.common-0.1.3] shutdown
[33.053s] [ext: omni.warp.core-1.8.2] shutdown
[33.071s] [ext: omni.kit.telemetry-0.5.2] shutdown
[33.089s] [ext: omni.kit.pip_archive-0.0.0] shutdown
[33.113s] [ext: omni.kit.pipapi-0.0.0] shutdown
[33.124s] [ext: omni.kit.widget.stage_icons-1.0.8] shutdown
[33.175s] [ext: omni.localcache-107.3.26] shutdown
[33.193s] [ext: omni.kvdb-107.3.26] shutdown
[33.210s] [ext: omni.usd.config-1.0.6] shutdown
[33.227s] [ext: omni.materialx.libs-1.0.7] shutdown
[33.243s] [ext: omni.metrics.core-0.0.3] shutdown
[33.243s] [ext: omni.physics-107.3.26] shutdown
[33.260s] [ext: omni.sensors.net-1.0.0] shutdown
[33.862s] [ext: omni.stats-1.0.1] shutdown
[33.879s] [ext: omni.timeline-1.0.14] shutdown
[33.895s] [ext: omni.client.lib-1.1.0] shutdown
[33.912s] [ext: omni.kit.async_engine-0.0.3] shutdown
Traceback (most recent call last):
  File "/home/hoyunkim/amr_isaac51/sim/run_sim.py", line 514, in main
    run(a, cfg, report)
  File "/home/hoyunkim/amr_isaac51/sim/run_sim.py", line 133, in run
    wheel_view = RigidPrim([f"{root}/{name}" for name in wheel_names], name="wheel_contacts",
                 ^^^^^^^^^^^^^^^^^^^^^^^^^^^^^^^^^^^^^^^^^^^^^^^^^^^^^^^^^^^^^^^^^^^^^^^^^^^^
  File "/home/hoyunkim/isaacsim/exts/isaacsim.core.prims/isaacsim/core/prims/impl/rigid_prim.py", line 202, in __init__
    RigidPrim._on_physics_ready(self, None)
  File "/home/hoyunkim/isaacsim/exts/isaacsim.core.prims/isaacsim/core/prims/impl/rigid_prim.py", line 2279, in _on_physics_ready
    self._contact_view.initialize(simulation_view)
  File "/home/hoyunkim/isaacsim/exts/isaacsim.core.api/isaacsim/core/api/sensors/rigid_contact_view.py", line 245, in initialize
    self._num_shapes = self._physics_view.sensor_count
                       ^^^^^^^^^^^^^^^^^^^^^^^^^^^^^^^
  File "/home/hoyunkim/isaacsim/extscache/omni.physics.tensors-107.3.26+107.3.3.lx64.r.cp311.u353/omni/physics/tensors/impl/api.py", line 5762, in sensor_count
    return self._backend.sensor_count
           ^^^^^^^^^^^^^^^^^^^^^^^^^^
AttributeError: 'NoneType' object has no attribute 'sensor_count'
Runtime report: verification/runtime_fix_20260909/camera_fix_physics_baseline.json
Fatal Python error: Segmentation fault

Current thread 0x0000781a314a0fc0 (most recent call first):
  Garbage-collecting
  <no Python frame>
/home/hoyunkim/isaacsim/python.sh: line 73: 4095483 Segmentation fault      (core dumped) $python_exe "${filtered_args[@]}" $args
There was an error running python
