[Info] [carb] Logging to file: /home/hoyunkim/isaacsim/kit/logs/Kit/Isaac-Sim Python/5.1/kit_20260909_204847.log
2026-09-09T11:48:47Z [0ms] [Warning] [carb.crashreporter-breakpad.plugin] [previous crash] preventing upload of minidump due to user opt-out: '/home/hoyunkim/isaacsim/kit/data/Kit/Isaac-Sim Python/5.1/ef177824-28cb-456c-1d8886ab-7c3f4e6e.dmp'
2026-09-09T11:48:47Z [0ms] [Warning] [carb.crashreporter-breakpad.plugin] [previous crash] preventing upload of minidump due to user opt-out: '/home/hoyunkim/isaacsim/kit/data/Kit/Isaac-Sim Python/5.1/67ac068b-f638-41b4-e07d74b2-b78a46a3.dmp'
2026-09-09T11:48:47Z [0ms] [Warning] [carb.crashreporter-breakpad.plugin] [previous crash] preventing upload of minidump due to user opt-out: '/home/hoyunkim/isaacsim/kit/data/Kit/Isaac-Sim Python/5.1/a8b25471-f584-485e-b0f73096-3091a0e7.dmp'
2026-09-09T11:48:47Z [0ms] [Warning] [carb.crashreporter-breakpad.plugin] [previous crash] preventing upload of minidump due to user opt-out: '/home/hoyunkim/isaacsim/kit/data/Kit/Isaac-Sim Python/5.1/4ff91514-3cce-482b-3d7a418d-975ff533.dmp'
2026-09-09T11:48:47Z [1ms] [Warning] [carb.crashreporter-breakpad.plugin] [previous crash] preventing upload of minidump due to user opt-out: '/home/hoyunkim/isaacsim/kit/data/Kit/Isaac-Sim Python/5.1/a14f1e83-9105-4cc3-8f136382-2f7f62ed.dmp'
[0.024s] [ext: omni.kit.async_engine-0.0.3] startup
[0.203s] [ext: omni.metrics.core-0.0.3] startup
[0.203s] [ext: omni.client.lib-1.1.0] startup
[0.210s] [ext: omni.blobkey-1.1.2] startup
[0.210s] [ext: omni.stats-1.0.1] startup
[0.211s] [ext: omni.datastore-0.0.0] startup
[0.215s] [ext: omni.client-1.3.0] startup
[0.267s] [ext: omni.ujitso.default-1.0.0] startup
[0.268s] [ext: omni.hsscclient-1.1.2] startup
[0.271s] [ext: omni.gpu_foundation.shadercache.vulkan-1.0.0] startup
[0.273s] [ext: omni.assets.plugins-0.0.0] startup
[0.273s] [ext: omni.gpu_foundation-0.0.0] startup
[0.278s] [ext: carb.windowing.plugins-1.0.0] startup
[0.282s] [ext: omni.kit.renderer.init-0.0.0] startup
2026-09-09T11:48:47Z [465ms] [Warning] [gpu.foundation.plugin] Skipping unsupported non-NVIDIA GPU: AMD Ryzen 7 9700X 8-Core Processor (RADV RAPHAEL_MENDOCINO)
2026-09-09T11:48:48Z [465ms] [Warning] [gpu.foundation.plugin] Skipping unsupported non-NVIDIA GPU: AMD Ryzen 7 9700X 8-Core Processor (RADV RAPHAEL_MENDOCINO)

|---------------------------------------------------------------------------------------------|
| Driver Version: 580.142       | Graphics API: Vulkan
|=============================================================================================|
| GPU | Name                             | Active | LDA | GPU Memory | Vendor-ID | LUID       |
|     |                                  |        |     |            | Device-ID | UUID       |
|     |                                  |        |     |            | Bus-ID    |            |
|---------------------------------------------------------------------------------------------|
| 0   | NVIDIA GeForce RTX 5070 Ti       | Yes: 0 |     | 16303   MB | 10de      | 0          |
|     |                                  |        |     |            | 2c05      | 0789213c.. |
|     |                                  |        |     |            | 1         |            |
|---------------------------------------------------------------------------------------------|
| 1   | AMD Ryzen 7 9700X 8-Core Proce.. |        |     | 21992   MB | 1002      | 0          |
|     |                                  |        |     |            | 13c0      | 00000000.. |
|     |                                  |        |     |            | 10        |            |
|=============================================================================================|
| OS: 24.04.4 LTS (Noble Numbat) ubuntu, Version: 24.04.4, Kernel: 6.8.0-110-generic
| XServer Vendor: The X.Org Foundation, XServer Version: 12101011 (1.21.1.11)
| Processor: AMD Ryzen 7 9700X 8-Core Processor
| Cores: 8 | Logical Cores: 16
|---------------------------------------------------------------------------------------------|
| Total Memory (MB): 61882 | Free Memory: 42123
| Total Page/Swap (MB): 2047 | Free Page/Swap: 4
|---------------------------------------------------------------------------------------------|
2026-09-09T11:48:48Z [678ms] [Warning] [gpu.foundation.plugin] IOMMU is enabled.
2026-09-09T11:48:48Z [678ms] [Warning] [gpu.foundation.plugin] Detected IOMMU is enabled. Running CUDA peer-to-peer bandwidth and latency validation.
Unidirectional P2P=Enabled Bandwidth (P2P Writes) Matrix (GB/s)
   D\D     0 
     0 640.63 
P2P=Enabled Latency (P2P Writes) Matrix (us)
   GPU     0 
     0   2.07 

   CPU     0 
     0   2.09 
[0.763s] [ext: omni.kit.pipapi-0.0.0] startup
[0.764s] [ext: omni.kit.pip_archive-0.0.0] startup
[0.764s] [ext: omni.pip.compute-1.6.3] startup
[0.764s] [ext: omni.materialx.libs-1.0.7] startup
[0.769s] [ext: omni.pip.cloud-1.4.3] startup
[0.772s] [ext: omni.isaac.core_archive-3.0.0] startup
[0.772s] [ext: omni.usd.config-1.0.6] startup
[0.774s] [ext: omni.gpucompute.plugins-0.0.0] startup
[0.774s] [ext: omni.usd.libs-1.0.1] startup
[0.819s] [ext: omni.kit.telemetry-0.5.2] startup
[0.833s] [ext: omni.mdl-56.0.3] startup
[0.901s] [ext: omni.iray.libs-0.0.0] startup
[0.906s] [ext: omni.mdl.neuraylib-0.2.12] startup
[0.909s] [ext: omni.kit.usd.mdl-1.1.5] startup
[0.976s] [ext: omni.isaac.ml_archive-3.0.4] startup
[0.976s] [ext: omni.kit.loop-isaac-1.3.7] startup
[0.977s] [ext: omni.kit.test-2.0.1] startup
[1.005s] [ext: omni.appwindow-1.1.10] startup
[1.306s] [ext: omni.kit.renderer.core-1.1.0] startup
[3.801s] [ext: omni.kit.renderer.capture-0.0.0] startup
[3.803s] [ext: omni.kit.renderer.imgui-2.0.5] startup
[3.842s] [ext: omni.ui-2.27.1] startup
[3.849s] [ext: omni.kit.mainwindow-1.0.3] startup
[3.849s] [ext: carb.audio-0.1.0] startup
[3.852s] [ext: omni.uiaudio-1.0.0] startup
[3.852s] [ext: omni.kit.uiapp-0.0.0] startup
[3.852s] [ext: omni.usd.schema.metrics.assembler-107.3.1] startup
[3.854s] [ext: omni.usd.schema.audio-0.0.0] startup
[3.856s] [ext: omni.anim.graph.schema-107.3.3] startup
[3.862s] [ext: omni.usd_resolver-1.0.0] startup
[3.864s] [ext: omni.usd.core-1.5.3] startup
[3.865s] [ext: omni.usd.schema.render_settings.rtx-0.0.0] startup
[3.875s] [ext: omni.usd.schema.semantics-0.0.0] startup
[3.877s] [ext: isaacsim.robot.schema-3.6.0] startup
[3.881s] [ext: omni.usd.schema.geospatial-0.0.0] startup
[3.883s] [ext: omni.usd.schema.anim-0.0.0] startup
[3.891s] [ext: omni.kit.window.popup_dialog-2.0.24] startup
[3.893s] [ext: usdrt.scenegraph-7.6.1] startup
[3.915s] [ext: omni.timeline-1.0.14] startup
[3.916s] [ext: omni.resourcemonitor-107.0.1] startup
[3.918s] [ext: omni.activity.core-1.0.3] startup
[3.918s] [ext: omni.kit.widget.nucleus_connector-2.0.1] startup
[3.920s] [ext: omni.hydra.usdrt_delegate-7.5.1] startup
[3.923s] [ext: omni.kit.actions.core-1.0.0] startup
[3.924s] [ext: omni.graph.exec-0.9.6] startup
[3.924s] [ext: omni.kit.commands-1.4.10] startup
[3.926s] [ext: omni.kit.usd_undo-0.1.8] startup
[3.926s] [ext: omni.kit.exec.core-0.13.4] startup
[3.927s] [ext: omni.kit.audiodeviceenum-1.0.2] startup
[3.928s] [ext: omni.hydra.scene_delegate-0.3.4] startup
[3.930s] [ext: omni.usd-1.13.10] startup
[3.947s] [ext: omni.kit.asset_converter-5.0.17] startup
[3.954s] [ext: omni.usd.schema.flow-107.1.1] startup
[3.954s] [ext: omni.usd.schema.omnigraph-1.0.0] startup
[3.958s] [ext: omni.usd.schema.omni_sensors-0.0.0] startup
[3.958s] [ext: omni.anim.navigation.schema-107.3.3] startup
[3.960s] [ext: omni.inspect-1.0.2] startup
[3.960s] [ext: omni.kit.notification_manager-1.0.10] startup
[3.961s] [ext: omni.graph.core-2.184.5] startup
[3.963s] [ext: isaacsim.core.deprecation_manager-0.2.7] startup
[3.963s] [ext: omni.usd.schema.physx-107.3.26] startup
[3.984s] [ext: omni.usd.schema.isaac-3.0.5] startup
[3.984s] [ext: omni.usd.schema.omniscripting-1.0.0] startup
[3.986s] [ext: omni.usd.schema.omni_lens_distortion-0.0.0] startup
[3.987s] [ext: omni.kvdb-107.3.26] startup
[3.988s] [ext: omni.usdphysics-107.3.26] startup
[3.989s] [ext: omni.physx.foundation-107.3.26] startup
[3.990s] [ext: omni.localcache-107.3.26] startup
[3.990s] [ext: omni.convexdecomposition-107.3.26] startup
[3.992s] [ext: omni.physx.cooking-107.3.26] startup
[3.993s] [ext: omni.physx-107.3.26] startup
[3.999s] [ext: omni.physics-107.3.26] startup
[4.001s] [ext: omni.kit.usd.layers-2.2.11] startup
[4.005s] [ext: omni.physics.physx-107.3.26] startup
2026-09-09T11:48:51Z [3,999ms] [Warning] [carb] Acquiring non optional plugin interface which is not listed as dependency: [omni::physx::IPhysxBenchmarks v1.0] (plugin: <default plugin>), by client: omni.physics.physx.plugin. Add it to CARB_PLUGIN_IMPL_DEPS() macro of a client.
[4.006s] [ext: omni.physics.stageupdate-107.3.26] startup
[4.007s] [ext: omni.kit.numpy.common-0.1.3] startup
[4.008s] [ext: isaacsim.core.version-2.0.6] startup
[4.008s] [ext: omni.isaac.dynamic_control-2.0.7] startup
2026-09-09T11:48:51Z [4,004ms] [Warning] [omni.isaac.dynamic_control] omni.isaac.dynamic_control is deprecated as of Isaac Sim 4.5. No action is needed from end-users.
[4.011s] [ext: isaacsim.storage.native-1.5.1] startup
[4.011s] [ext: omni.kit.menu.core-1.1.2] startup
[4.012s] [ext: omni.kit.helper.file_utils-0.1.9] startup
[4.013s] [ext: omni.usd.metrics.assembler-107.3.1] startup
[4.016s] [ext: omni.kit.widget.context_menu-1.2.5] startup
[4.016s] [ext: omni.warp.core-1.8.2] startup
[4.133s] [ext: omni.usd.metrics.assembler.physics-107.3.26] startup
[4.134s] [ext: omni.physics.tensors-107.3.26] startup
[4.137s] [ext: omni.kit.context_menu-1.8.6] startup
[4.139s] [ext: omni.kit.clipboard-1.0.5] startup
[4.139s] [ext: isaacsim.core.utils-3.5.1] startup
[4.141s] [ext: omni.kit.widget.filebrowser-2.12.3] startup
[4.143s] [ext: omni.kit.widget.options_menu-1.1.6] startup
[4.145s] [ext: omni.kit.widget.path_field-2.0.11] startup
[4.145s] [ext: omni.index.libs-380600.8087.0] startup
[4.145s] [ext: omni.ui.scene-1.11.5] startup
[4.148s] [ext: omni.kit.widget.options_button-1.0.3] startup
[4.148s] [ext: omni.kit.widget.browser_bar-2.0.10] startup
[4.148s] [ext: omni.index-1.0.1] startup
[4.149s] [ext: omni.hydra.rtx.shadercache.vulkan-1.0.0] startup
[4.149s] [ext: omni.kit.window.filepicker-2.13.4] startup
[4.157s] [ext: omni.volume-0.5.2] startup
[4.158s] [ext: omni.ujitso.client-0.0.0] startup
[4.158s] [ext: omni.graph.tools-1.79.2] startup
[4.171s] [ext: omni.graph.image.core-0.6.1] startup
[4.172s] [ext: omni.hydra.rtx-1.0.0] startup
2026-09-09T11:48:51Z [4,176ms] [Warning] [omni.log] Source: omni.hydra was already registered.
[4.189s] [ext: omni.kit.window.file_importer-1.1.18] startup
[4.191s] [ext: omni.kit.menu.utils-2.0.5] startup
[4.195s] [ext: omni.graph.image.nodes-1.3.1] startup
[4.196s] [ext: omni.kit.widget.searchable_combobox-1.0.6] startup
[4.197s] [ext: omni.kit.hydra_texture-1.4.6] startup
[4.199s] [ext: omni.kit.material.library-2.0.7] startup
[4.201s] [ext: omni.hydra.engine.stats-1.0.3] startup
[4.203s] [ext: omni.kit.viewport.scene_camera_model-1.0.6] startup
[4.205s] [ext: omni.kit.widget.settings-1.2.6] startup
[4.206s] [ext: omni.kit.viewport.legacy_gizmos-1.0.19] startup
[4.207s] [ext: omni.kit.widget.viewport-107.1.3] startup
[4.209s] [ext: omni.kit.viewport.registry-104.0.6] startup
[4.209s] [ext: omni.kit.raycast.query-1.1.0] startup
[4.212s] [ext: omni.physx.tensors-107.3.26] startup
[4.215s] [ext: omni.kit.window.drop_support-1.0.5] startup
[4.215s] [ext: omni.kit.primitive.mesh-1.0.17] startup
[4.217s] [ext: omni.kit.viewport.window-107.2.0] startup
[4.228s] [ext: omni.kit.window.preferences-1.8.0] startup
[4.231s] [ext: isaacsim.core.simulation_manager-1.4.4] startup
[5.008s] [ext: omni.graph.action_core-1.1.7] startup
[5.009s] [ext: omni.graph-1.141.2] startup
[5.034s] [ext: omni.kit.viewport.utility-1.1.2] startup
[5.035s] [ext: omni.kit.viewport.menubar.core-107.2.1] startup
[5.043s] [ext: isaacsim.core.prims-0.6.1] startup
[5.060s] [ext: omni.graph.action_nodes-1.50.4] startup
[5.062s] [ext: omni.kit.stage_template.core-1.1.22] startup
[5.063s] [ext: omni.syntheticdata-0.6.13] startup
[5.082s] [ext: omni.graph.nodes-1.170.10] startup
[5.090s] [ext: omni.graph.action-1.130.0] startup
[5.091s] [ext: omni.kit.stage_templates-2.0.0] startup
[5.097s] [ext: omni.kit.widget.filter-1.1.4] startup
[5.099s] [ext: omni.kit.widget.graph-2.0.0] startup
[5.112s] [ext: omni.kit.property.adapter.core-1.0.2] startup
[5.117s] [ext: omni.kit.window.file_exporter-1.0.33] startup
[5.118s] [ext: omni.kit.widget.searchfield-1.1.8] startup
[5.119s] [ext: omni.kit.hotkeys.core-1.3.10] startup
[5.120s] [ext: omni.kit.graph.delegate.default-1.2.3] startup
[5.121s] [ext: omni.kit.property.adapter.fabric-1.0.3] startup
[5.122s] [ext: omni.kit.widget.stage-3.1.4] startup
[5.129s] [ext: omni.kit.property.adapter.usd-1.0.2] startup
[5.130s] [ext: omni.kit.graph.editor.core-1.5.3] startup
[5.132s] [ext: omni.kit.widget.material_preview-1.0.16] startup
[5.133s] [ext: omni.kit.widget.highlight_label-1.0.3] startup
[5.134s] [ext: omni.kit.window.file-2.0.5] startup
[5.136s] [ext: omni.kit.window.content_browser_registry-0.0.6] startup
[5.137s] [ext: omni.kit.window.property-1.12.1] startup
[5.139s] [ext: omni.kit.window.content_browser-3.1.3] startup
[5.145s] [ext: omni.kit.graph.usd.commands-1.3.1] startup
[5.146s] [ext: omni.kit.property.usd-4.5.12] startup
[5.153s] [ext: omni.graph.ui_nodes-1.50.5] startup
[5.155s] [ext: omni.videoencoding-0.1.2] startup
[5.156s] [ext: omni.kit.window.material_graph-1.9.1] startup
[5.164s] [ext: omni.warp-1.8.2] startup
[5.168s] [ext: isaacsim.core.api-4.8.0] startup
[5.208s] [ext: omni.graph.scriptnode-1.50.0] startup
[5.213s] [ext: isaacsim.test.docstring-1.1.0] startup
[5.217s] [ext: isaacsim.core.experimental.utils-0.3.0] startup
[5.225s] [ext: omni.replicator.core-1.12.27] startup
2026-09-09T11:48:52Z [5,229ms] [Warning] [pxr.Semantics] pxr.Semantics is deprecated - please use Semantics instead
2026-09-09T11:48:52Z [5,294ms] [Warning] [omni.graph.core.plugin] Found duplicate of category 'Replicator' - was 'Annotators', adding 'Fabric Reader'
2026-09-09T11:48:52Z [5,294ms] [Warning] [omni.graph.core.plugin] Category 'Replicator' not accepted on node type 'omni.replicator.core.FabricReader' in extension 'omni.replicator.core'
2026-09-09T11:48:52Z [5,294ms] [Warning] [omni.replicator.core.scripts.extension] No material configuration file, adding configuration to material settings directly.
[5.303s] [ext: isaacsim.core.experimental.prims-0.8.1] startup
[5.334s] [ext: omni.kit.window.extensions-1.4.27] startup
[5.344s] [ext: isaacsim.core.experimental.objects-0.4.0] startup
[5.352s] [ext: omni.ui_query-1.1.8] startup
[5.356s] [ext: omni.kit.manipulator.viewport-107.0.1] startup
[5.365s] [ext: isaacsim.robot.surface_gripper-3.3.1] startup
[5.368s] [ext: omni.kit.ui_test-1.3.7] startup
[5.374s] [ext: omni.graph.visualization.nodes-2.1.3] startup
[5.393s] [ext: isaacsim.robot_motion.lula-4.0.8] startup
[5.399s] [ext: isaacsim.core.nodes-3.4.3] startup
[5.405s] [ext: isaacsim.gui.components-1.2.1] startup
[5.413s] [ext: isaacsim.robot_motion.motion_generation-8.0.26] startup
[5.427s] [ext: isaacsim.robot.manipulators-3.3.6] startup
[5.434s] [ext: isaacsim.core.experimental.materials-0.4.0] startup
[5.448s] [ext: isaacsim.robot.manipulators.examples-1.1.2] startup
[5.451s] [ext: isaacsim.cortex.framework-1.0.12] startup
[5.457s] [ext: isaacsim.cortex.behaviors-2.0.14] startup
[5.461s] [ext: omni.isaac.cortex.sample_behaviors-2.0.5] startup
2026-09-09T11:48:52Z [5,457ms] [Warning] [omni.isaac.cortex] omni.isaac.cortex has been deprecated in favor of isaacsim.cortex.framework. Please update your code accordingly.
2026-09-09T11:48:52Z [5,457ms] [Warning] [omni.isaac.cortex.sample_behaviors] omni.isaac.cortex.sample_behaviors has been deprecated in favor of isaacsim.cortex.behaviors. Please update your code accordingly.
[5.464s] [ext: omni.kit.widget.zoombar-1.0.6] startup
[5.467s] [ext: isaacsim.gui.content_browser-0.1.11] startup
[5.487s] [ext: omni.kit.browser.core-2.3.13] startup
[5.519s] [ext: omni.kit.widget.stage_icons-1.0.8] startup
[5.556s] [ext: omni.kit.widget.prompt-1.0.7] startup
[5.565s] [ext: omni.kit.usd.collect-2.4.5] startup
[5.570s] [ext: omni.kit.browser.folder.core-1.10.9] startup
[5.643s] [ext: omni.kit.window.stage-2.6.1] startup
[5.710s] [ext: omni.kit.usdz_export-1.0.9] startup
[5.757s] [ext: omni.kit.tool.collect-2.2.18] startup
[5.777s] [ext: omni.kit.menu.stage-1.2.7] startup
[5.778s] [ext: omni.kit.tool.asset_importer-4.3.2] startup
[5.787s] [ext: isaacsim.robot.wheeled_robots-4.0.24] startup
[5.795s] [ext: isaacsim.examples.browser-0.2.1] startup
[5.799s] [ext: isaacsim.asset.importer.urdf-2.4.30] startup
[5.840s] [ext: omni.isaac.wheeled_robots-3.0.7] startup
2026-09-09T11:48:53Z [5,835ms] [Warning] [omni.isaac.wheeled_robots] omni.isaac.wheeled_robots has been deprecated in favor of isaacsim.robot.wheeled_robots. Please update your code accordingly.
2026-09-09T11:48:53Z [5,835ms] [Warning] [omni.isaac.wheeled_robots.controllers] omni.isaac.wheeled_robots has been deprecated in favor of isaacsim.robot.wheeled_robots. Please update your code accordingly.
2026-09-09T11:48:53Z [5,835ms] [Warning] [omni.isaac.wheeled_robots.controllers.ackermann_controller] omni.isaac.wheeled_robots has been deprecated in favor of isaacsim.robot.wheeled_robots. Please update your code accordingly.
2026-09-09T11:48:53Z [5,836ms] [Warning] [omni.isaac.wheeled_robots.controllers.differential_controller] omni.isaac.wheeled_robots has been deprecated in favor of isaacsim.robot.wheeled_robots. Please update your code accordingly.
2026-09-09T11:48:53Z [5,837ms] [Warning] [omni.isaac.wheeled_robots.controllers.holonomic_controller] omni.isaac.wheeled_robots has been deprecated in favor of isaacsim.robot.wheeled_robots. Please update your code accordingly.
2026-09-09T11:48:53Z [5,839ms] [Warning] [omni.isaac.wheeled_robots.controllers.quintic_path_planner] omni.isaac.wheeled_robots has been deprecated in favor of isaacsim.robot.wheeled_robots. Please update your code accordingly.
2026-09-09T11:48:53Z [5,839ms] [Warning] [omni.isaac.wheeled_robots.controllers.stanley_control] omni.isaac.wheeled_robots has been deprecated in favor of isaacsim.robot.wheeled_robots. Please update your code accordingly.
2026-09-09T11:48:53Z [5,839ms] [Warning] [omni.isaac.wheeled_robots.controllers.wheel_base_pose_controller] omni.isaac.wheeled_robots has been deprecated in favor of isaacsim.robot.wheeled_robots. Please update your code accordingly.
2026-09-09T11:48:53Z [5,839ms] [Warning] [omni.isaac.wheeled_robots.impl] omni.isaac.wheeled_robots has been deprecated in favor of isaacsim.robot.wheeled_robots. Please update your code accordingly.
2026-09-09T11:48:53Z [5,839ms] [Warning] [omni.isaac.wheeled_robots.robots] omni.isaac.wheeled_robots has been deprecated in favor of isaacsim.robot.wheeled_robots. Please update your code accordingly.
2026-09-09T11:48:53Z [5,839ms] [Warning] [omni.isaac.wheeled_robots.robots.holonomic_robot_usd_setup] omni.isaac.wheeled_robots has been deprecated in favor of isaacsim.robot.wheeled_robots. Please update your code accordingly.
2026-09-09T11:48:53Z [5,839ms] [Warning] [omni.isaac.wheeled_robots.robots.wheeled_robot] omni.isaac.wheeled_robots has been deprecated in favor of isaacsim.robot.wheeled_robots. Please update your code accordingly.
[5.846s] [ext: isaacsim.simulation_app-2.12.2] startup
[5.847s] [ext: omni.isaac.franka-1.0.7] startup
2026-09-09T11:48:53Z [5,841ms] [Warning] [omni.isaac.franka] omni.isaac.franka has been deprecated in favor of isaacsim.robot.manipulators.examples.franka. Please update your code accordingly.
2026-09-09T11:48:53Z [5,841ms] [Warning] [omni.isaac.franka.franka] omni.isaac.franka has been deprecated in favor of isaacsim.robot.manipulators.examples.franka. Please update your code accordingly.
2026-09-09T11:48:53Z [5,854ms] [Warning] [omni.isaac.franka.kinematics_solver] omni.isaac.franka has been deprecated in favor of isaacsim.robot.manipulators.examples.franka. Please update your code accordingly.
[5.860s] [ext: omni.isaac.kit-2.0.6] startup
2026-09-09T11:48:53Z [5,855ms] [Warning] [omni.isaac.kit] omni.isaac.kit has been deprecated in favor of isaacsim.simulation_app. Please update your code accordingly.
[5.862s] [ext: omni.kit.selection-0.1.6] startup
[5.863s] [ext: omni.isaac.lula-4.0.6] startup
2026-09-09T11:48:53Z [5,857ms] [Warning] [omni.isaac.lula] omni.isaac.lula has been deprecated in favor of isaacsim.robot_motion.lula. Please update your code accordingly.
[5.863s] [ext: isaacsim.robot_motion.lula_test_widget-1.0.12] startup
[5.865s] [ext: isaacsim.asset.browser-1.3.23] startup
[5.906s] [ext: omni.kit.viewport.actions-107.0.2] startup
[5.909s] [ext: isaacsim.gui.menu-2.4.4] startup
[5.913s] [ext: omni.isaac.manipulators-3.0.7] startup
2026-09-09T11:48:53Z [5,908ms] [Warning] [omni.isaac.manipulators] omni.isaac.manipulators has been deprecated in favor of isaacsim.robot.manipulators. Please update your code accordingly.
2026-09-09T11:48:53Z [5,909ms] [Warning] [omni.isaac.manipulators.controllers] omni.isaac.manipulators has been deprecated in favor of isaacsim.robot.manipulators. Please update your code accordingly.
2026-09-09T11:48:53Z [5,909ms] [Warning] [omni.isaac.manipulators.controllers.pick_place_controller] omni.isaac.manipulators has been deprecated in favor of isaacsim.robot.manipulators. Please update your code accordingly.
2026-09-09T11:48:53Z [5,910ms] [Warning] [omni.isaac.manipulators.controllers.stacking_controller] omni.isaac.manipulators has been deprecated in favor of isaacsim.robot.manipulators. Please update your code accordingly.
2026-09-09T11:48:53Z [5,910ms] [Warning] [omni.isaac.manipulators.grippers] omni.isaac.manipulators has been deprecated in favor of isaacsim.robot.manipulators. Please update your code accordingly.
2026-09-09T11:48:53Z [5,910ms] [Warning] [omni.isaac.manipulators.grippers.gripper] omni.isaac.manipulators has been deprecated in favor of isaacsim.robot.manipulators. Please update your code accordingly.
2026-09-09T11:48:53Z [5,910ms] [Warning] [omni.isaac.manipulators.grippers.parallel_gripper] omni.isaac.manipulators has been deprecated in favor of isaacsim.robot.manipulators. Please update your code accordingly.
2026-09-09T11:48:53Z [5,910ms] [Warning] [omni.isaac.manipulators.grippers.surface_gripper] omni.isaac.manipulators has been deprecated in favor of isaacsim.robot.manipulators. Please update your code accordingly.
2026-09-09T11:48:53Z [5,910ms] [Warning] [omni.isaac.manipulators.manipulators] omni.isaac.manipulators has been deprecated in favor of isaacsim.robot.manipulators. Please update your code accordingly.
2026-09-09T11:48:53Z [5,910ms] [Warning] [omni.isaac.manipulators.manipulators.single_manipulator] omni.isaac.manipulators has been deprecated in favor of isaacsim.robot.manipulators. Please update your code accordingly.
[5.917s] [ext: omni.isaac.lula_test_widget-1.0.6] startup
2026-09-09T11:48:53Z [5,912ms] [Warning] [omni.isaac.lula_test_widget] omni.isaac.lula_test_widget has been deprecated in favor of isaacsim.robot_motion.lula_test_widget. Please update your code accordingly.
[5.918s] [ext: omni.isaac.asset_browser-1.0.6] startup
2026-09-09T11:48:53Z [5,913ms] [Warning] [omni.isaac.asset_browser] omni.isaac.asset_browser has been deprecated in favor of isaacsim.asset.browser. Please update your code accordingly.
[5.920s] [ext: omni.kit.viewport.menubar.display-107.0.3] startup
[5.923s] [ext: omni.isaac.menu-1.0.6] startup
2026-09-09T11:48:53Z [5,917ms] [Warning] [omni.isaac.menu] omni.isaac.menu has been deprecated in favor of isaacsim.gui.menu. Please update your code accordingly.
[5.923s] [ext: omni.isaac.motion_generation-8.0.7] startup
2026-09-09T11:48:53Z [5,918ms] [Warning] [omni.isaac.motion_generation] omni.isaac.motion_generation has been deprecated in favor of isaacsim.robot_motion.motion_generation. Please update your code accordingly.
2026-09-09T11:48:53Z [5,918ms] [Warning] [omni.isaac.motion_generation.articulation_kinematics_solver] omni.isaac.motion_generation has been deprecated in favor of isaacsim.robot_motion.motion_generation. Please update your code accordingly.
2026-09-09T11:48:53Z [5,919ms] [Warning] [omni.isaac.motion_generation.articulation_motion_policy] omni.isaac.motion_generation has been deprecated in favor of isaacsim.robot_motion.motion_generation. Please update your code accordingly.
2026-09-09T11:48:53Z [5,919ms] [Warning] [omni.isaac.motion_generation.articulation_trajectory] omni.isaac.motion_generation has been deprecated in favor of isaacsim.robot_motion.motion_generation. Please update your code accordingly.
2026-09-09T11:48:53Z [5,919ms] [Warning] [omni.isaac.motion_generation.kinematics_interface] omni.isaac.motion_generation has been deprecated in favor of isaacsim.robot_motion.motion_generation. Please update your code accordingly.
2026-09-09T11:48:53Z [5,919ms] [Warning] [omni.isaac.motion_generation.lula] omni.isaac.motion_generation has been deprecated in favor of isaacsim.robot_motion.motion_generation. Please update your code accordingly.
2026-09-09T11:48:53Z [5,919ms] [Warning] [omni.isaac.motion_generation.lula.kinematics] omni.isaac.motion_generation has been deprecated in favor of isaacsim.robot_motion.motion_generation. Please update your code accordingly.
2026-09-09T11:48:53Z [5,919ms] [Warning] [omni.isaac.motion_generation.lula.motion_policies] omni.isaac.motion_generation has been deprecated in favor of isaacsim.robot_motion.motion_generation. Please update your code accordingly.
2026-09-09T11:48:53Z [5,919ms] [Warning] [omni.isaac.motion_generation.lula.path_planners] omni.isaac.motion_generation has been deprecated in favor of isaacsim.robot_motion.motion_generation. Please update your code accordingly.
2026-09-09T11:48:53Z [5,919ms] [Warning] [omni.isaac.motion_generation.lula.trajectory_generator] omni.isaac.motion_generation has been deprecated in favor of isaacsim.robot_motion.motion_generation. Please update your code accordingly.
2026-09-09T11:48:53Z [5,919ms] [Warning] [omni.isaac.motion_generation.motion_policy_controller] omni.isaac.motion_generation has been deprecated in favor of isaacsim.robot_motion.motion_generation. Please update your code accordingly.
2026-09-09T11:48:53Z [5,919ms] [Warning] [omni.isaac.motion_generation.motion_policy_interface] omni.isaac.motion_generation has been deprecated in favor of isaacsim.robot_motion.motion_generation. Please update your code accordingly.
2026-09-09T11:48:53Z [5,919ms] [Warning] [omni.isaac.motion_generation.path_planner_visualizer] omni.isaac.motion_generation has been deprecated in favor of isaacsim.robot_motion.motion_generation. Please update your code accordingly.
2026-09-09T11:48:53Z [5,919ms] [Warning] [omni.isaac.motion_generation.path_planning_interface] omni.isaac.motion_generation has been deprecated in favor of isaacsim.robot_motion.motion_generation. Please update your code accordingly.
2026-09-09T11:48:53Z [5,919ms] [Warning] [omni.isaac.motion_generation.trajectory] omni.isaac.motion_generation has been deprecated in favor of isaacsim.robot_motion.motion_generation. Please update your code accordingly.
2026-09-09T11:48:53Z [5,919ms] [Warning] [omni.isaac.motion_generation.world_interface] omni.isaac.motion_generation has been deprecated in favor of isaacsim.robot_motion.motion_generation. Please update your code accordingly.
[5.926s] [ext: omni.isaac.assets_check-0.3.13] startup
2026-09-09T11:48:53Z [5,920ms] [Warning] [omni.isaac.assets_check] omni.isaac.assets_check has been deprecated in favor of isaacsim.asset.browser. Please update your code accordingly.
[5.927s] [ext: isaacsim.gui.sensors.icon-2.0.3] startup
[5.935s] [ext: isaacsim.asset.importer.mjcf-2.5.13] startup
[5.938s] [ext: omni.sensors.nv.common-3.0.0] startup
[5.944s] [ext: isaacsim.sensors.physics-0.4.3] startup
[5.947s] [ext: omni.sensors.net-1.0.0] startup
[5.949s] [ext: omni.isaac.nucleus-1.0.6] startup
2026-09-09T11:48:53Z [5,944ms] [Warning] [omni.isaac.nucleus] omni.isaac.nucleus has been deprecated in favor of isaacsim.storage.native. Please update your code accordingly.
2026-09-09T11:48:53Z [5,944ms] [Warning] [omni.isaac.nucleus.nucleus] omni.isaac.nucleus.nucleus has been deprecated in favor of isaacsim.storage.native. Please update your code accordingly.
[5.950s] [ext: omni.sensors.nv.materials-2.0.0] startup
[5.953s] [ext: isaacsim.robot.policy.examples-4.1.11] startup
[5.954s] [ext: omni.sensors.nv.wpm-3.0.0] startup
[5.956s] [ext: omni.sensors.nv.lidar-3.0.0] startup
[5.960s] [ext: isaacsim.util.debug_draw-3.1.0] startup
[5.962s] [ext: omni.sensors.nv.radar-3.0.0] startup
[5.964s] [ext: omni.sensors.nv.ids-2.0.0] startup
[5.982s] [ext: isaacsim.core.cloner-1.4.10] startup
[5.983s] [ext: isaacsim.sensors.physx-2.3.2] startup
[5.986s] [ext: isaacsim.sensors.rtx-15.8.4] startup
[5.991s] [ext: isaacsim.sensors.camera-1.3.6] startup
[5.998s] [ext: omni.isaac.quadruped-3.0.7] startup
2026-09-09T11:48:53Z [5,993ms] [Warning] [omni.isaac.quadruped] omni.isaac.quadruped has been deprecated in favor of isaacsim.robot.policy.examples. Please update your code accordingly.
[6.000s] [ext: omni.isaac.cloner-1.0.7] startup
2026-09-09T11:48:53Z [5,995ms] [Warning] [omni.isaac.cloner] omni.isaac.cloner has been deprecated in favor of isaacsim.core.cloner. Please update your code accordingly.
[6.002s] [ext: omni.isaac.range_sensor-4.0.6] startup
2026-09-09T11:48:53Z [5,999ms] [Warning] [omni.isaac.range_sensor] omni.isaac.range_sensor has been deprecated in favor of isaacsim.sensors.physx. Please update your code accordingly.
2026-09-09T11:48:53Z [5,999ms] [Warning] [omni.isaac.range_sensor.commands] omni.isaac.range_sensor.commands has been deprecated in favor of isaacsim.sensors.physx.commands. Please update your code accordingly.
[6.005s] [ext: omni.isaac.sensor-13.0.7] startup
2026-09-09T11:48:53Z [6,000ms] [Warning] [omni.isaac.sensor] omni.isaac.sensor has been deprecated in favor of isaacsim.sensors.camera, isaacsim.sensors.physics, isaacsim.sensors.physx, and isaacsim.sensors.rtx. Please update your code accordingly.
2026-09-09T11:48:53Z [6,000ms] [Warning] [omni.isaac.sensor.camera] omni.isaac.sensor.camera has been deprecated in favor of isaacsim.sensors.camera.camera. Please update your code accordingly.
2026-09-09T11:48:53Z [6,001ms] [Warning] [omni.isaac.sensor.camera_view] omni.isaac.sensor.camera_view has been deprecated in favor of isaacsim.sensors.camera.camera_view. Please update your code accordingly.
2026-09-09T11:48:53Z [6,001ms] [Warning] [omni.isaac.sensor.commands] omni.isaac.sensor.commands has been deprecated in favor of isaacsim.sensors.physics.commands, isaacsim.sensors.physx.commands, and isaacsim.sensors.rtx.commands. Please update your code accordingly.
2026-09-09T11:48:53Z [6,001ms] [Warning] [omni.isaac.sensor.contact_sensor] omni.isaac.sensor.contact_sensor has been deprecated in favor of isaacsim.sensors.physics.contact_sensor. Please update your code accordingly.
2026-09-09T11:48:53Z [6,001ms] [Warning] [omni.isaac.sensor.imu_sensor] omni.isaac.sensor.imu_sensor has been deprecated in favor of isaacsim.sensors.physics.imu_sensor. Please update your code accordingly.
2026-09-09T11:48:53Z [6,001ms] [Warning] [omni.isaac.sensor.lidar_rtx] omni.isaac.sensor.lidar_rtx has been deprecated in favor of isaacsim.sensors.rtx.lidar_rtx. Please update your code accordingly.
2026-09-09T11:48:53Z [6,001ms] [Warning] [omni.isaac.sensor.rotating_lidar_physX] omni.isaac.sensor.imu_sensor has been deprecated in favor of isaacsim.sensors.physix.rotating_lidar_physX. Please update your code accordingly.
2026-09-09T11:48:53Z [6,001ms] [Warning] [omni.isaac.sensor.scripts.samples.contact_sensor] omni.isaac.sensor.scripts.samples.contact_sensor has been deprecated in favor of isaacsim.sensors.physics.scripts.samples.contact_sensor. Please update your code accordingly.
2026-09-09T11:48:53Z [6,002ms] [Warning] [omni.isaac.sensor.scripts.samples.imu_sensor] omni.isaac.sensor.scripts.samples.imu_sensor has been deprecated in favor of isaacsim.sensors.physics.scripts.samples.imu_sensor. Please update your code accordingly.
2026-09-09T11:48:53Z [6,002ms] [Warning] [omni.isaac.sensor.scripts.samples.lightbeam_sensor] omni.isaac.sensor.scripts.samples.lightbeam_sensor has been deprecated in favor of isaacsim.sensors.physx.scripts.samples.lightbeam_sensor. Please update your code accordingly.
[6.008s] [ext: omni.kit.menu.create-2.0.1] startup
[6.010s] [ext: omni.kit.widget.toolbar-2.0.1] startup
[6.019s] [ext: omni.kit.manipulator.transform-107.0.0] startup
[6.022s] [ext: omni.isaac.core-4.0.7] startup
2026-09-09T11:48:53Z [6,016ms] [Warning] [omni.isaac.core.physics_context.physics_context] omni.isaac.core.physics_context.physics_context has been deprecated in favor of isaacsim.core.api.physics_context.physics_context. Please update your code accordingly.
2026-09-09T11:48:53Z [6,016ms] [Warning] [omni.isaac.core.simulation_context.simulation_context] omni.isaac.core.simulation_context.simulation_context has been deprecated in favor of isaacsim.core.api.simulation_context.simulation_context. Please update your code accordingly.
2026-09-09T11:48:53Z [6,016ms] [Warning] [omni.isaac.core.world.world] omni.isaac.core.world.world has been deprecated in favor of isaacsim.core.api.world.world. Please update your code accordingly.
2026-09-09T11:48:53Z [6,016ms] [Warning] [omni.isaac.core] omni.isaac.core has been deprecated in favor of isaacsim.core.api. Please update your code accordingly.
[6.022s] [ext: omni.kit.scripting-107.3.2] startup
[6.026s] [ext: omni.kit.manipulator.tool.snap-1.5.13] startup
[6.029s] [ext: omni.kit.manipulator.selector-1.1.3] startup
[6.030s] [ext: isaacsim.app.about-2.0.11] startup
[6.034s] [ext: isaacsim.replicator.behavior-1.1.16] startup
[6.034s] [ext: omni.kit.viewport.manipulator.transform-107.0.4] startup
[6.036s] [ext: omni.isaac.window.about-2.0.7] startup
2026-09-09T11:48:53Z [6,031ms] [Warning] [omni.isaac.window.about] omni.isaac.window.about has been deprecated in favor of isaacsim.app.about. Please update your code accordingly.
2026-09-09T11:48:53Z [6,031ms] [Warning] [omni.isaac.window.about.about] omni.isaac.window.about.about has been deprecated in favor of isaacsim.app.about.about. Please update your code accordingly.
[6.037s] [ext: omni.fabric.commands-1.1.6] startup
[6.039s] [ext: omni.kit.manipulator.prim.core-107.0.8] startup
[6.043s] [ext: omni.kit.property.audio-1.0.16] startup
[6.044s] [ext: omni.kit.property.camera-1.0.10] startup
[6.045s] [ext: omni.kit.property.geometry-2.0.4] startup
[6.047s] [ext: omni.hydra.scene_api-0.1.2] startup
[6.050s] [ext: omni.kit.property.light-1.0.12] startup
[6.056s] [ext: omni.kit.manipulator.prim.fabric-107.0.4] startup
[6.057s] [ext: omni.kit.manipulator.prim.usd-107.0.3] startup
[6.059s] [ext: omni.kit.property.material-1.11.9] startup
[6.062s] [ext: omni.kit.property.render-1.2.1] startup
[6.063s] [ext: omni.kit.property.transform-1.5.13] startup
[6.066s] [ext: isaacsim.gui.property-1.1.3] startup
[6.067s] [ext: omni.kit.manipulator.camera-106.0.4] startup
[6.069s] [ext: omni.kit.manipulator.prim-107.0.0] startup
[6.070s] [ext: omni.isaac.surface_gripper-2.0.6] startup
2026-09-09T11:48:53Z [6,064ms] [Warning] [omni.isaac.surface_gripper] omni.isaac.surface_gripper has been deprecated in favor of isaacsim.robot.surface_gripper. Please update your code accordingly.
[6.070s] [ext: omni.kit.manipulator.selection-106.0.1] startup
[6.072s] [ext: omni.kit.property.bundle-1.4.1] startup
[6.073s] [ext: omni.kit.property.isaac-1.0.6] startup
2026-09-09T11:48:53Z [6,067ms] [Warning] [omni.kit.property.isaac] omni.kit.property.isaac has been deprecated in favor of isaacsim.gui.property. Please update your code accordingly.
2026-09-09T11:48:53Z [6,068ms] [Warning] [omni.kit.property.isaac.widgets] omni.kit.property.isaac.widgets has been deprecated in favor of isaacsim.gui.property.widgets. Please update your code accordingly.
[6.074s] [ext: omni.isaac.universal_robots-1.0.6] startup
2026-09-09T11:48:53Z [6,068ms] [Warning] [omni.isaac.universal_robots] omni.isaac.universal_robots has been deprecated in favor of isaacsim.robot.manipulators.examples.universal_robots. Please update your code accordingly.
2026-09-09T11:48:53Z [6,068ms] [Warning] [omni.isaac.universal_robots.kinematics_solver] omni.isaac.franka has been deprecated in favor of isaacsim.robot.manipulators.examples.universal_robots. Please update your code accordingly.
2026-09-09T11:48:53Z [6,069ms] [Warning] [omni.isaac.universal_robots.ur10] omni.isaac.franka has been deprecated in favor of isaacsim.robot.manipulators.examples.universal_robots. Please update your code accordingly.
[6.075s] [ext: omni.isaac.core_nodes-2.0.6] startup
2026-09-09T11:48:53Z [6,070ms] [Warning] [omni.isaac.core_nodes] omni.isaac.core_nodes has been deprecated in favor of isaacsim.core.nodes. Please update your code accordingly.
[6.077s] [ext: omni.kit.viewport.menubar.camera-107.0.6] startup
[6.082s] [ext: omni.kit.viewport.menubar.lighting-107.3.1] startup
[6.084s] [ext: isaacsim.replicator.writers-1.0.17] startup
[6.093s] [ext: omni.kit.viewport.menubar.render-107.0.10] startup
[6.098s] [ext: omni.kit.viewport.menubar.settings-107.0.3] startup
[6.103s] [ext: omni.kit.window.console-1.1.4] startup
[6.106s] [ext: isaacsim.replicator.domain_randomization-1.0.16] startup
[6.107s] [ext: isaacsim.replicator.examples-1.3.6] startup
[6.109s] [ext: omni.ocio-0.1.1] startup
[6.111s] [ext: omni.rtx.window.settings-0.6.19] startup
[6.122s] [ext: omni.kit.window.status_bar-0.1.9] startup
[6.125s] [ext: omni.kit.window.toolbar-2.0.0] startup
[6.127s] [ext: omni.replicator.isaac-2.0.8] startup
2026-09-09T11:48:53Z [6,121ms] [Warning] [omni.replicator.isaac] omni.replicator.isaac has been deprecated in favor of isaacsim.replicator.domain_randomization, isaacsim.replicator.examples, isaacsim.replicator.writers. Please update your code accordingly.
[6.127s] [ext: omni.replicator.replicator_yaml-2.0.11] startup
[6.139s] [ext: omni.rtx.settings.core-0.6.5] startup
[6.142s] [ext: omni.usd.metrics.assembler.ui-107.3.1] startup
[6.150s] [ext: omni.isaac.utils-2.0.6] startup
[6.151s] [ext: semantics.schema.editor-2.0.2] startup
[6.154s] [ext: omni.kit.ui.actions-1.0.5] startup
[6.155s] [ext: semantics.schema.property-2.0.1] startup
[6.156s] [ext: omni.isaac.version-2.0.7] startup
2026-09-09T11:48:53Z [6,150ms] [Warning] [omni.isaac.version] omni.isaac.version has been deprecated in favor of isaacsim.core.version. Please update your code accordingly.
[6.156s] [ext: omni.isaac.cortex-1.0.5] startup
[6.157s] [ext: omni.anim.curve.core-1.3.1] startup
[6.163s] [ext: isaacsim.core.throttling-2.2.2] startup
[6.165s] [ext: omni.kit.menu.common-2.0.1] startup
[6.166s] [ext: isaacsim.exp.base-5.1.0] startup
[6.167s] [ext: isaacsim.exp.base.python-5.1.0] startup
[6.168s] Simulation App Starting
2026-09-09T11:48:54Z [6,518ms] [Warning] [omni.fabric.plugin] Warning: attribute viewportHandle not found for bucket id 9

[6.593s] app ready
Starting kit application with the following args:  ['/home/hoyunkim/isaacsim/exts/isaacsim.simulation_app/isaacsim/simulation_app/simulation_app.py', '/home/hoyunkim/isaacsim/apps/isaacsim.exp.base.python.kit', '--/app/tokens/exe-path=/home/hoyunkim/isaacsim/kit', '--/persistent/app/viewport/displayOptions=3094', '--/rtx/materialDb/syncLoads=True', '--/rtx/hydra/materialSyncLoads=True', '--/omni.kit.plugin/syncUsdLoads=True', '--/app/renderer/resolution/width=1280', '--/app/renderer/resolution/height=720', '--/app/window/width=1440', '--/app/window/height=900', '--/renderer/multiGpu/enabled=True', '--/app/fastShutdown=False', '--/app/installSignalHandlers=0', '--ext-folder', '/home/hoyunkim/isaacsim/exts', '--ext-folder', '/home/hoyunkim/isaacsim/apps', '--/physics/cudaDevice=0', '--/plugins/carb.tasking.plugin/threadCount=16', '--/plugins/omni.tbb.globalcontrol/maxThreadCount=16', '--portable']
Passing the following args to the base kit application:  ['--duration', '40', '--physics-trace', '--report', 'verification/runtime_fix_20260909/camera_fix_physics_baseline2.json']
Warp 1.8.2 initialized:
   CUDA Toolkit 12.8, Driver 13.0
   Devices:
     "cpu"      : "x86_64"
     "cuda:0"   : "NVIDIA GeForce RTX 5070 Ti" (15 GiB, sm_120, mempool enabled)
   Kernel cache:
     /home/hoyunkim/.cache/warp/1.8.2
Warp DeprecationWarning: The `warp.sim` module is deprecated and will be removed in v1.10. Please transition to using the forthcoming Newton library instead.
AMR_READY: RGB, depth, scans, joints and odometry are live. /cmd_vel enabled.
[8.243s] Simulation App Startup Complete
[8.249s] [ext: isaacsim.ros2.bridge-4.12.4] startup
[8.517s] Attempting to load system rclpy
[8.517s] Could not import system rclpy: No module named 'rclpy'
[8.517s] Attempting to load internal rclpy for ROS Distro: jazzy
[8.530s] rclpy loaded
2026-09-09T11:48:56Z [9,013ms] [Warning] [omni.physx.plugin] Detected an articulation at /World/Robot with more than 4 velocity iterations being added to a TGS scene.The related behavior changed recently, please consult the changelog. This warning will only print once.
2026-09-09T11:48:56Z [9,265ms] [Warning] [rtx.postprocessing.plugin] DLSS increasing input dimensions: Render resolution of (320, 180) is below minimal input resolution of 300.
2026-09-09T11:48:56Z [9,338ms] [Warning] [omni.syntheticdata.plugin] OgnSdPostRenderVarToHost : rendervar copy from texture directly to host buffer is counter-performant. Please use copy from texture to device buffer first.
AMR sim=10.0s ready=True cmd_count=0 camera_frames=[149, 149] scans={'front_right': 100, 'rear_left': 100}
AMR sim=20.0s ready=True cmd_count=0 camera_frames=[299, 299] scans={'front_right': 200, 'rear_left': 200}
AMR sim=30.0s ready=True cmd_count=0 camera_frames=[449, 449] scans={'front_right': 300, 'rear_left': 300}
Runtime report: verification/runtime_fix_20260909/camera_fix_physics_baseline2.json
2026-09-09T11:49:36Z [49,233ms] [Warning] [isaacsim.core.simulation_manager.plugin] No adjacent samples found for interpolation at time 1222/30
2026-09-09T11:49:36Z [49,234ms] [Warning] [isaacsim.core.simulation_manager.plugin] No adjacent samples found for interpolation at time 1222/30
[49.324s] Simulation App Shutting Down
[49.325s] [ext: isaacsim.exp.base.python-5.1.0] shutdown
[49.325s] [ext: isaacsim.exp.base-5.1.0] shutdown
[49.325s] [ext: omni.isaac.window.about-2.0.7] shutdown
[49.459s] [ext: isaacsim.app.about-2.0.11] shutdown
[49.635s] [ext: omni.isaac.asset_browser-1.0.6] shutdown
[49.767s] [ext: omni.isaac.assets_check-0.3.13] shutdown
[49.897s] [ext: isaacsim.asset.browser-1.3.23] shutdown
[50.092s] [ext: isaacsim.asset.importer.mjcf-2.5.13] shutdown
[50.450s] [ext: isaacsim.asset.importer.urdf-2.4.30] shutdown
[50.802s] [ext: omni.isaac.cortex.sample_behaviors-2.0.5] shutdown
[50.938s] [ext: isaacsim.cortex.behaviors-2.0.14] shutdown
[51.072s] [ext: omni.isaac.menu-1.0.6] shutdown
[51.205s] [ext: isaacsim.gui.menu-2.4.4] shutdown
[52.024s] [ext: omni.replicator.isaac-2.0.8] shutdown
[52.156s] [ext: isaacsim.replicator.domain_randomization-1.0.16] shutdown
[52.288s] [ext: isaacsim.replicator.examples-1.3.6] shutdown
[52.417s] [ext: isaacsim.replicator.writers-1.0.17] shutdown
[52.548s] [ext: omni.isaac.cortex-1.0.5] shutdown
[52.675s] [ext: isaacsim.cortex.framework-1.0.12] shutdown
[52.801s] [ext: omni.isaac.franka-1.0.7] shutdown
[52.928s] [ext: omni.isaac.universal_robots-1.0.6] shutdown
[53.056s] [ext: isaacsim.robot.manipulators.examples-1.1.2] shutdown
[53.180s] [ext: omni.isaac.quadruped-3.0.7] shutdown
[53.304s] [ext: isaacsim.robot.policy.examples-4.1.11] shutdown
[53.428s] [ext: omni.isaac.wheeled_robots-3.0.7] shutdown
[53.552s] [ext: isaacsim.robot.wheeled_robots-4.0.24] shutdown
[53.677s] [ext: omni.isaac.lula_test_widget-1.0.6] shutdown
[53.799s] [ext: isaacsim.robot_motion.lula_test_widget-1.0.12] shutdown
[54.177s] [ext: omni.isaac.motion_generation-8.0.7] shutdown
[54.301s] [ext: isaacsim.robot_motion.motion_generation-8.0.26] shutdown
[54.424s] [ext: omni.isaac.range_sensor-4.0.6] shutdown
[54.548s] [ext: omni.isaac.sensor-13.0.7] shutdown
[54.670s] [ext: isaacsim.ros2.bridge-4.12.4] shutdown
[55.510s] [ext: isaacsim.sensors.physx-2.3.2] shutdown
[55.629s] [ext: omni.isaac.manipulators-3.0.7] shutdown
[55.743s] [ext: isaacsim.robot.manipulators-3.3.6] shutdown
[55.856s] [ext: isaacsim.sensors.camera-1.3.6] shutdown
[55.969s] [ext: isaacsim.sensors.physics-0.4.3] shutdown
[56.315s] [ext: isaacsim.sensors.rtx-15.8.4] shutdown
[56.660s] [ext: omni.isaac.core_nodes-2.0.6] shutdown
[56.772s] [ext: isaacsim.core.nodes-3.4.3] shutdown
[56.939s] [ext: omni.isaac.surface_gripper-2.0.6] shutdown
[57.284s] [ext: isaacsim.robot.surface_gripper-3.3.1] shutdown
[57.624s] [ext: omni.isaac.core-4.0.7] shutdown
[57.737s] [ext: isaacsim.core.api-4.8.0] shutdown
[57.849s] [ext: omni.isaac.cloner-1.0.7] shutdown
[57.962s] [ext: isaacsim.core.cloner-1.4.10] shutdown
[58.071s] [ext: isaacsim.core.experimental.objects-0.4.0] shutdown
[58.180s] [ext: isaacsim.core.experimental.materials-0.4.0] shutdown
[58.287s] [ext: isaacsim.core.experimental.prims-0.8.1] shutdown
[58.395s] [ext: isaacsim.core.experimental.utils-0.3.0] shutdown
[58.502s] [ext: isaacsim.core.prims-0.6.1] shutdown
[58.610s] [ext: isaacsim.core.simulation_manager-1.4.4] shutdown
[58.719s] [ext: isaacsim.gui.sensors.icon-2.0.3] shutdown
[58.831s] [ext: omni.isaac.utils-2.0.6] shutdown
[58.940s] [ext: isaacsim.core.utils-3.5.1] shutdown
[59.048s] [ext: omni.isaac.nucleus-1.0.6] shutdown
[59.158s] [ext: isaacsim.replicator.behavior-1.1.16] shutdown
[59.266s] [ext: isaacsim.storage.native-1.5.1] shutdown
[59.372s] [ext: omni.isaac.version-2.0.7] shutdown
[59.479s] [ext: isaacsim.core.version-2.0.6] shutdown
[59.584s] [ext: omni.isaac.lula-4.0.6] shutdown
[59.689s] [ext: omni.isaac.kit-2.0.6] shutdown
[59.794s] [ext: omni.kit.property.isaac-1.0.6] shutdown
[59.900s] [ext: isaacsim.gui.property-1.1.3] shutdown
[60.005s] [ext: isaacsim.test.docstring-1.1.0] shutdown
[60.113s] [ext: isaacsim.util.debug_draw-3.1.0] shutdown
[60.220s] [ext: isaacsim.core.deprecation_manager-0.2.7] shutdown
[60.326s] [ext: isaacsim.core.throttling-2.2.2] shutdown
[60.430s] [ext: isaacsim.examples.browser-0.2.1] shutdown
[60.599s] [ext: isaacsim.gui.components-1.2.1] shutdown
[60.703s] [ext: isaacsim.gui.content_browser-0.1.11] shutdown
[60.808s] [ext: isaacsim.robot.schema-3.6.0] shutdown
[61.019s] [ext: isaacsim.robot_motion.lula-4.0.8] shutdown
[61.229s] [ext: isaacsim.simulation_app-2.12.2] shutdown
[61.332s] [ext: omni.isaac.ml_archive-3.0.4] shutdown
[61.513s] [ext: omni.isaac.core_archive-3.0.0] shutdown
[61.688s] [ext: omni.replicator.replicator_yaml-2.0.11] shutdown
[62.067s] [ext: omni.replicator.core-1.12.27] shutdown
[62.181s] [ext: omni.graph.scriptnode-1.50.0] shutdown
[62.258s] [ext: omni.kit.property.bundle-1.4.1] shutdown
[62.333s] [ext: omni.kit.property.audio-1.0.16] shutdown
[62.407s] [ext: omni.kit.property.camera-1.0.10] shutdown
[62.480s] [ext: omni.kit.property.geometry-2.0.4] shutdown
[62.553s] [ext: omni.kit.property.light-1.0.12] shutdown
[62.626s] [ext: omni.kit.property.render-1.2.1] shutdown
[62.700s] [ext: omni.kit.property.material-1.11.9] shutdown
[62.774s] [ext: omni.kit.property.transform-1.5.13] shutdown
[62.845s] [ext: omni.kit.scripting-107.3.2] shutdown
[62.917s] [ext: omni.warp-1.8.2] shutdown
[63.058s] [ext: semantics.schema.property-2.0.1] shutdown
[63.356s] [ext: omni.kit.property.usd-4.5.12] shutdown
[63.427s] [ext: omni.kit.window.console-1.1.4] shutdown
[63.521s] [ext: omni.kit.menu.stage-1.2.7] shutdown
[63.593s] [ext: omni.kit.tool.asset_importer-4.3.2] shutdown
[63.726s] [ext: omni.kit.tool.collect-2.2.18] shutdown
[63.861s] [ext: omni.kit.window.content_browser-3.1.3] shutdown
[63.957s] [ext: omni.kit.window.extensions-1.4.27] shutdown
[64.050s] [ext: omni.graph.action-1.130.0] shutdown
[64.119s] [ext: omni.graph.action_nodes-1.50.4] shutdown
[64.190s] [ext: omni.kit.browser.folder.core-1.10.9] shutdown
[64.259s] [ext: omni.kit.window.content_browser_registry-0.0.6] shutdown
[64.326s] [ext: omni.kit.usdz_export-1.0.9] shutdown
[64.393s] [ext: omni.kit.window.material_graph-1.9.1] shutdown
[64.530s] [ext: omni.kit.window.stage-2.6.1] shutdown
[64.621s] [ext: omni.kit.widget.stage-3.1.4] shutdown
[64.687s] [ext: omni.kit.window.file-2.0.5] shutdown
[64.753s] [ext: omni.rtx.settings.core-0.6.5] shutdown
[64.818s] [ext: omni.rtx.window.settings-0.6.19] shutdown
[64.908s] [ext: omni.kit.window.file_exporter-1.0.33] shutdown
[65.011s] [ext: omni.kit.browser.core-2.3.13] shutdown
[65.075s] [ext: omni.usd.metrics.assembler.ui-107.3.1] shutdown
[65.140s] [ext: omni.kit.viewport.menubar.display-107.0.3] shutdown
[65.204s] [ext: omni.kit.viewport.actions-107.0.2] shutdown
[65.269s] [ext: omni.graph.visualization.nodes-2.1.3] shutdown
[65.334s] [ext: omni.kit.manipulator.prim-107.0.0] shutdown
[65.334s] [ext: omni.kit.manipulator.prim.fabric-107.0.4] shutdown
[65.400s] [ext: omni.kit.manipulator.prim.usd-107.0.3] shutdown
[65.466s] [ext: omni.kit.manipulator.prim.core-107.0.8] shutdown
[65.467s] [ext: omni.kit.viewport.manipulator.transform-107.0.4] shutdown
[65.530s] [ext: omni.kit.manipulator.tool.snap-1.5.13] shutdown
[65.594s] [ext: omni.kit.viewport.menubar.lighting-107.3.1] shutdown
[65.658s] [ext: omni.syntheticdata-0.6.13] shutdown
[65.721s] [ext: omni.graph.ui_nodes-1.50.5] shutdown
[65.783s] [ext: omni.kit.viewport.utility-1.1.2] shutdown
[65.843s] [ext: omni.kit.viewport.window-107.2.0] shutdown
[65.955s] [ext: omni.kit.material.library-2.0.7] shutdown
[66.037s] [ext: omni.kit.window.file_importer-1.1.18] shutdown
[66.137s] [ext: omni.kit.window.filepicker-2.13.4] shutdown
[66.196s] [ext: omni.kit.clipboard-1.0.5] shutdown
[66.255s] [ext: omni.anim.curve.core-1.3.1] shutdown
[66.545s] [ext: omni.graph.nodes-1.170.10] shutdown
[66.605s] [ext: omni.graph-1.141.2] shutdown
[66.700s] [ext: omni.graph.action_core-1.1.7] shutdown
[66.755s] [ext: omni.graph.image.nodes-1.3.1] shutdown
[66.756s] [ext: omni.sensors.nv.ids-2.0.0] shutdown
[66.811s] [ext: omni.sensors.nv.lidar-3.0.0] shutdown
[66.867s] [ext: omni.sensors.nv.radar-3.0.0] shutdown
[66.925s] [ext: omni.sensors.nv.materials-2.0.0] shutdown
[66.981s] [ext: omni.sensors.nv.wpm-3.0.0] shutdown
[66.982s] [ext: omni.sensors.nv.common-3.0.0] shutdown
[67.040s] [ext: omni.graph.image.core-0.6.1] shutdown
[67.040s] [ext: omni.graph.core-2.184.5] shutdown
[67.040s] [ext: omni.kit.widget.material_preview-1.0.16] shutdown
[67.094s] [ext: omni.kit.widget.viewport-107.1.3] shutdown
[67.148s] [ext: omni.kit.hydra_texture-1.4.6] shutdown
[67.202s] [ext: omni.kit.manipulator.selection-106.0.1] shutdown
[67.256s] [ext: omni.kit.widget.options_button-1.0.3] shutdown
[67.309s] [ext: omni.kit.viewport.menubar.camera-107.0.6] shutdown
[67.362s] [ext: omni.kit.viewport.menubar.render-107.0.10] shutdown
[67.418s] [ext: omni.kit.viewport.menubar.settings-107.0.3] shutdown
[67.472s] [ext: omni.kit.viewport.menubar.core-107.2.1] shutdown
[67.525s] [ext: omni.kit.manipulator.transform-107.0.0] shutdown
[67.577s] [ext: omni.kit.window.preferences-1.8.0] shutdown
[67.655s] [ext: omni.kit.widget.settings-1.2.6] shutdown
[67.707s] [ext: omni.kit.manipulator.camera-106.0.4] shutdown
[67.757s] [ext: omni.kit.viewport.scene_camera_model-1.0.6] shutdown
[67.809s] [ext: omni.kit.manipulator.viewport-107.0.1] shutdown
[67.859s] [ext: omni.ui.scene-1.11.5] shutdown
[67.908s] [ext: omni.kit.uiapp-0.0.0] shutdown
[67.908s] [ext: omni.kit.window.status_bar-0.1.9] shutdown
[67.960s] [ext: omni.kit.mainwindow-1.0.3] shutdown
[68.009s] [ext: omni.kit.menu.create-2.0.1] shutdown
[68.119s] [ext: omni.kit.window.toolbar-2.0.0] shutdown
[68.191s] [ext: omni.kit.widget.toolbar-2.0.1] shutdown
[68.243s] [ext: omni.kit.window.property-1.12.1] shutdown
[68.315s] [ext: omni.kit.menu.common-2.0.1] shutdown
[68.395s] [ext: omni.fabric.commands-1.1.6] shutdown
[68.445s] [ext: omni.kit.stage_templates-2.0.0] shutdown
[68.536s] [ext: omni.kit.primitive.mesh-1.0.17] shutdown
[68.597s] [ext: semantics.schema.editor-2.0.2] shutdown
[68.917s] [ext: omni.kit.menu.utils-2.0.5] shutdown
[68.967s] [ext: omni.kit.ui.actions-1.0.5] shutdown
[69.016s] [ext: omni.kit.context_menu-1.8.6] shutdown
[69.064s] [ext: omni.kit.widget.context_menu-1.2.5] shutdown
[69.111s] [ext: omni.kit.menu.core-1.1.2] shutdown
[69.159s] [ext: omni.kit.widget.filter-1.1.4] shutdown
[69.208s] [ext: omni.kit.widget.highlight_label-1.0.3] shutdown
[69.256s] [ext: omni.isaac.dynamic_control-2.0.7] shutdown
[69.547s] [ext: omni.physics.stageupdate-107.3.26] shutdown
[69.600s] [ext: omni.kit.usd.layers-2.2.11] shutdown
[69.646s] [ext: omni.hydra.engine.stats-1.0.3] shutdown
[69.692s] [ext: omni.kit.viewport.legacy_gizmos-1.0.19] shutdown
[69.740s] [ext: omni.kit.asset_converter-5.0.17] shutdown
[69.787s] [ext: omni.kit.property.adapter.fabric-1.0.3] shutdown
[69.833s] [ext: omni.kit.property.adapter.usd-1.0.2] shutdown
[69.879s] [ext: omni.kit.property.adapter.core-1.0.2] shutdown
[69.964s] [ext: omni.physx.tensors-107.3.26] shutdown
[69.965s] [ext: omni.kit.graph.usd.commands-1.3.1] shutdown
[70.010s] [ext: omni.kit.manipulator.selector-1.1.3] shutdown
[70.055s] [ext: omni.kit.selection-0.1.6] shutdown
[70.100s] [ext: omni.kit.stage_template.core-1.1.22] shutdown
[70.145s] [ext: omni.kit.usd.collect-2.4.5] shutdown
[70.193s] [ext: omni.kit.raycast.query-1.1.0] shutdown
[70.238s] [ext: omni.hydra.scene_api-0.1.2] shutdown
[70.285s] [ext: omni.kit.widget.filebrowser-2.12.3] shutdown
[70.330s] [ext: omni.kit.helper.file_utils-0.1.9] shutdown
[70.375s] [ext: omni.usd-1.13.10] shutdown
[70.697s] [ext: omni.kit.widget.nucleus_connector-2.0.1] shutdown
[70.781s] [ext: omni.kit.widget.searchable_combobox-1.0.6] shutdown
[70.826s] [ext: omni.kit.window.drop_support-1.0.5] shutdown
[70.870s] [ext: omni.kit.hotkeys.core-1.3.10] shutdown
[70.913s] [ext: omni.kit.widget.browser_bar-2.0.10] shutdown
[70.956s] [ext: omni.kit.widget.path_field-2.0.11] shutdown
[71.000s] [ext: omni.kit.ui_test-1.3.7] shutdown
[71.042s] [ext: omni.ui_query-1.1.8] shutdown
[71.086s] [ext: omni.kit.graph.editor.core-1.5.3] shutdown
[71.129s] [ext: omni.kit.graph.delegate.default-1.2.3] shutdown
[71.171s] [ext: omni.kit.widget.graph-2.0.0] shutdown
[71.213s] [ext: omni.kit.widget.searchfield-1.1.8] shutdown
[71.255s] [ext: omni.kit.widget.zoombar-1.0.6] shutdown
[71.296s] [ext: omni.kit.window.popup_dialog-2.0.24] shutdown
[71.337s] [ext: omni.kit.notification_manager-1.0.10] shutdown
[71.378s] [ext: omni.kit.viewport.registry-104.0.6] shutdown
[71.419s] [ext: omni.kit.widget.options_menu-1.1.6] shutdown
[71.460s] [ext: omni.kit.widget.prompt-1.0.7] shutdown
[71.501s] [ext: omni.ui-2.27.1] shutdown
[71.541s] [ext: omni.kit.renderer.imgui-2.0.5] shutdown
[71.585s] [ext: omni.kit.renderer.capture-0.0.0] shutdown
[71.626s] [ext: omni.kit.renderer.core-1.1.0] shutdown
[71.673s] [ext: omni.appwindow-1.1.10] shutdown
[71.712s] [ext: omni.graph.tools-1.79.2] shutdown
[71.750s] [ext: omni.kit.test-2.0.1] shutdown
[71.787s] [ext: omni.kit.loop-isaac-1.3.7] shutdown
[71.823s] [ext: omni.pip.cloud-1.4.3] shutdown
[71.891s] [ext: omni.pip.compute-1.6.3] shutdown
[71.983s] [ext: omni.usd.schema.isaac-3.0.5] shutdown
[71.983s] [ext: omni.kit.audiodeviceenum-1.0.2] shutdown
[72.009s] [ext: omni.uiaudio-1.0.0] shutdown
[72.037s] [ext: carb.audio-0.1.0] shutdown
[72.063s] [ext: omni.kit.renderer.init-0.0.0] shutdown
[72.063s] [ext: carb.windowing.plugins-1.0.0] shutdown
[72.064s] [ext: omni.hydra.usdrt_delegate-7.5.1] shutdown
[72.092s] [ext: omni.activity.core-1.0.3] shutdown
[72.117s] [ext: omni.anim.graph.schema-107.3.3] shutdown
[72.144s] [ext: omni.anim.navigation.schema-107.3.3] shutdown
[72.171s] [ext: omni.physics.physx-107.3.26] shutdown
[72.201s] [ext: omni.physx-107.3.26] shutdown
[72.240s] [ext: omni.physx.cooking-107.3.26] shutdown
[72.268s] [ext: omni.convexdecomposition-107.3.26] shutdown
[72.296s] [ext: omni.ocio-0.1.1] shutdown
[72.323s] [ext: omni.hydra.rtx-1.0.0] shutdown
[72.328s] [ext: omni.hydra.scene_delegate-0.3.4] shutdown
[72.329s] [ext: omni.index-1.0.1] shutdown
[72.330s] [ext: omni.physics.tensors-107.3.26] shutdown
[72.356s] [ext: omni.usd.schema.omni_lens_distortion-0.0.0] shutdown
[72.383s] [ext: omni.usd.schema.omni_sensors-0.0.0] shutdown
[72.410s] [ext: omni.usd.schema.render_settings.rtx-0.0.0] shutdown
[72.437s] [ext: omni.usd.core-1.5.3] shutdown
[72.437s] [ext: omni.usd.schema.audio-0.0.0] shutdown
[72.463s] [ext: omni.usd.metrics.assembler.physics-107.3.26] shutdown
[72.493s] [ext: omni.usd.metrics.assembler-107.3.1] shutdown
[72.520s] [ext: omni.usd.schema.metrics.assembler-107.3.1] shutdown
[72.545s] [ext: omni.usdphysics-107.3.26] shutdown
[72.571s] [ext: usdrt.scenegraph-7.6.1] shutdown
[72.596s] [ext: omni.usd.schema.physx-107.3.26] shutdown
[72.621s] [ext: omni.usd.schema.semantics-0.0.0] shutdown
[72.645s] [ext: omni.kit.usd.mdl-1.1.5] shutdown
[72.693s] [ext: omni.kit.usd_undo-0.1.8] shutdown
[72.717s] [ext: omni.usd.schema.flow-107.1.1] shutdown
[72.740s] [ext: omni.usd.schema.geospatial-0.0.0] shutdown
[72.765s] [ext: omni.usd.schema.omnigraph-1.0.0] shutdown
[72.789s] [ext: omni.kit.exec.core-0.13.4] shutdown
[72.811s] [ext: omni.usd.schema.anim-0.0.0] shutdown
[72.835s] [ext: omni.usd.schema.omniscripting-1.0.0] shutdown
[72.857s] [ext: omni.usd_resolver-1.0.0] shutdown
[72.881s] [ext: omni.usd.libs-1.0.1] shutdown
[72.909s] [ext: omni.gpucompute.plugins-0.0.0] shutdown
[72.909s] [ext: omni.physx.foundation-107.3.26] shutdown
[72.930s] [ext: omni.resourcemonitor-107.0.1] shutdown
[72.951s] [ext: omni.gpu_foundation-0.0.0] shutdown
[72.973s] [ext: omni.videoencoding-0.1.2] shutdown
[72.994s] [ext: omni.volume-0.5.2] shutdown
[73.016s] [ext: omni.assets.plugins-0.0.0] shutdown
[73.016s] [ext: omni.ujitso.client-0.0.0] shutdown
[73.016s] [ext: omni.ujitso.default-1.0.0] shutdown
[73.036s] [ext: omni.datastore-0.0.0] shutdown
[73.037s] [ext: omni.hsscclient-1.1.2] shutdown
[73.059s] [ext: omni.blobkey-1.1.2] shutdown
[73.059s] [ext: omni.mdl.neuraylib-0.2.12] shutdown
[73.080s] [ext: omni.mdl-56.0.3] shutdown
[73.100s] [ext: omni.client-1.3.0] shutdown
[73.102s] [ext: omni.gpu_foundation.shadercache.vulkan-1.0.0] shutdown
[73.122s] [ext: omni.graph.exec-0.9.6] shutdown
[73.122s] [ext: omni.hydra.rtx.shadercache.vulkan-1.0.0] shutdown
[73.142s] [ext: omni.index.libs-380600.8087.0] shutdown
[73.142s] [ext: omni.inspect-1.0.2] shutdown
[73.163s] [ext: omni.iray.libs-0.0.0] shutdown
[73.163s] [ext: omni.kit.commands-1.4.10] shutdown
[73.184s] [ext: omni.kit.actions.core-1.0.0] shutdown
[73.206s] [ext: omni.kit.numpy.common-0.1.3] shutdown
[73.226s] [ext: omni.kit.telemetry-0.5.2] shutdown
[73.246s] [ext: omni.warp.core-1.8.2] shutdown
[73.264s] [ext: omni.kit.pip_archive-0.0.0] shutdown
[73.290s] [ext: omni.kit.pipapi-0.0.0] shutdown
[73.300s] [ext: omni.kit.widget.stage_icons-1.0.8] shutdown
[73.351s] [ext: omni.localcache-107.3.26] shutdown
[73.369s] [ext: omni.kvdb-107.3.26] shutdown
[73.387s] [ext: omni.usd.config-1.0.6] shutdown
[73.405s] [ext: omni.materialx.libs-1.0.7] shutdown
[73.423s] [ext: omni.metrics.core-0.0.3] shutdown
[73.423s] [ext: omni.physics-107.3.26] shutdown
[73.442s] [ext: omni.sensors.net-1.0.0] shutdown
[73.953s] [ext: omni.stats-1.0.1] shutdown
[73.971s] [ext: omni.timeline-1.0.14] shutdown
[73.988s] [ext: omni.client.lib-1.1.0] shutdown
[74.005s] [ext: omni.kit.async_engine-0.0.3] shutdown
Runtime report: verification/runtime_fix_20260909/camera_fix_physics_baseline2.json
Fatal Python error: Segmentation fault

Current thread 0x00007238234e2fc0 (most recent call first):
  Garbage-collecting
  <no Python frame>
/home/hoyunkim/isaacsim/python.sh: line 73: 4097069 Segmentation fault      (core dumped) $python_exe "${filtered_args[@]}" $args
There was an error running python
