[Info] [carb] Logging to file: /home/hoyunkim/isaacsim/kit/logs/Kit/Isaac-Sim Python/5.1/kit_20260909_210543.log
2026-09-09T12:05:43Z [0ms] [Warning] [carb.crashreporter-breakpad.plugin] [previous crash] preventing upload of minidump due to user opt-out: '/home/hoyunkim/isaacsim/kit/data/Kit/Isaac-Sim Python/5.1/ef177824-28cb-456c-1d8886ab-7c3f4e6e.dmp'
2026-09-09T12:05:43Z [0ms] [Warning] [carb.crashreporter-breakpad.plugin] [previous crash] preventing upload of minidump due to user opt-out: '/home/hoyunkim/isaacsim/kit/data/Kit/Isaac-Sim Python/5.1/67ac068b-f638-41b4-e07d74b2-b78a46a3.dmp'
2026-09-09T12:05:43Z [0ms] [Warning] [carb.crashreporter-breakpad.plugin] [previous crash] preventing upload of minidump due to user opt-out: '/home/hoyunkim/isaacsim/kit/data/Kit/Isaac-Sim Python/5.1/a8b25471-f584-485e-b0f73096-3091a0e7.dmp'
2026-09-09T12:05:43Z [1ms] [Warning] [carb.crashreporter-breakpad.plugin] [previous crash] preventing upload of minidump due to user opt-out: '/home/hoyunkim/isaacsim/kit/data/Kit/Isaac-Sim Python/5.1/4ff91514-3cce-482b-3d7a418d-975ff533.dmp'
2026-09-09T12:05:43Z [1ms] [Warning] [carb.crashreporter-breakpad.plugin] [previous crash] preventing upload of minidump due to user opt-out: '/home/hoyunkim/isaacsim/kit/data/Kit/Isaac-Sim Python/5.1/a14f1e83-9105-4cc3-8f136382-2f7f62ed.dmp'
[0.027s] [ext: omni.kit.async_engine-0.0.3] startup
[0.195s] [ext: omni.metrics.core-0.0.3] startup
[0.195s] [ext: omni.client.lib-1.1.0] startup
[0.203s] [ext: omni.blobkey-1.1.2] startup
[0.203s] [ext: omni.stats-1.0.1] startup
[0.204s] [ext: omni.datastore-0.0.0] startup
[0.207s] [ext: omni.client-1.3.0] startup
[0.263s] [ext: omni.ujitso.default-1.0.0] startup
[0.264s] [ext: omni.hsscclient-1.1.2] startup
[0.267s] [ext: omni.gpu_foundation.shadercache.vulkan-1.0.0] startup
[0.268s] [ext: omni.assets.plugins-0.0.0] startup
[0.269s] [ext: omni.gpu_foundation-0.0.0] startup
[0.273s] [ext: carb.windowing.plugins-1.0.0] startup
[0.276s] [ext: omni.kit.renderer.init-0.0.0] startup
2026-09-09T12:05:44Z [611ms] [Warning] [gpu.foundation.plugin] Skipping unsupported non-NVIDIA GPU: AMD Ryzen 7 9700X 8-Core Processor (RADV RAPHAEL_MENDOCINO)
2026-09-09T12:05:44Z [611ms] [Warning] [gpu.foundation.plugin] Skipping unsupported non-NVIDIA GPU: AMD Ryzen 7 9700X 8-Core Processor (RADV RAPHAEL_MENDOCINO)

|---------------------------------------------------------------------------------------------|
| Driver Version: 580.142       | Graphics API: Vulkan
|=============================================================================================|
| GPU | Name                             | Active | LDA | GPU Memory | Vendor-ID | LUID       |
|     |                                  |        |     |            | Device-ID | UUID       |
|     |                                  |        |     |            | Bus-ID    |            |
|---------------------------------------------------------------------------------------------|
| 0   | NVIDIA GeForce RTX 5070 Ti       | Yes: 0 |     | 16303   MB | 10de      | 0          |
|     |                                  |        |     |            | 2c05      | 0789213c.. |
|     |                                  |        |     |            | 1         |            |
|---------------------------------------------------------------------------------------------|
| 1   | AMD Ryzen 7 9700X 8-Core Proce.. |        |     | 21992   MB | 1002      | 0          |
|     |                                  |        |     |            | 13c0      | 00000000.. |
|     |                                  |        |     |            | 10        |            |
|=============================================================================================|
| OS: 24.04.4 LTS (Noble Numbat) ubuntu, Version: 24.04.4, Kernel: 6.8.0-110-generic
| XServer Vendor: The X.Org Foundation, XServer Version: 12101011 (1.21.1.11)
| Processor: AMD Ryzen 7 9700X 8-Core Processor
| Cores: 8 | Logical Cores: 16
|---------------------------------------------------------------------------------------------|
| Total Memory (MB): 61882 | Free Memory: 42630
| Total Page/Swap (MB): 2047 | Free Page/Swap: 4
|---------------------------------------------------------------------------------------------|
2026-09-09T12:05:44Z [927ms] [Warning] [gpu.foundation.plugin] IOMMU is enabled.
2026-09-09T12:05:44Z [927ms] [Warning] [gpu.foundation.plugin] Detected IOMMU is enabled. Running CUDA peer-to-peer bandwidth and latency validation.
Unidirectional P2P=Enabled Bandwidth (P2P Writes) Matrix (GB/s)
   D\D     0 
     0 771.22 
P2P=Enabled Latency (P2P Writes) Matrix (us)
   GPU     0 
     0   2.06 

   CPU     0 
     0   1.72 
[1.072s] [ext: omni.kit.pipapi-0.0.0] startup
[1.073s] [ext: omni.kit.pip_archive-0.0.0] startup
[1.073s] [ext: omni.pip.compute-1.6.3] startup
[1.073s] [ext: omni.materialx.libs-1.0.7] startup
[1.078s] [ext: omni.pip.cloud-1.4.3] startup
[1.080s] [ext: omni.isaac.core_archive-3.0.0] startup
[1.081s] [ext: omni.usd.config-1.0.6] startup
[1.082s] [ext: omni.gpucompute.plugins-0.0.0] startup
[1.083s] [ext: omni.usd.libs-1.0.1] startup
[1.126s] [ext: omni.kit.telemetry-0.5.2] startup
[1.142s] [ext: omni.mdl-56.0.3] startup
[1.212s] [ext: omni.iray.libs-0.0.0] startup
[1.217s] [ext: omni.mdl.neuraylib-0.2.12] startup
[1.219s] [ext: omni.kit.usd.mdl-1.1.5] startup
[1.280s] [ext: omni.isaac.ml_archive-3.0.4] startup
[1.280s] [ext: omni.kit.loop-isaac-1.3.7] startup
[1.281s] [ext: omni.kit.test-2.0.1] startup
[1.309s] [ext: omni.appwindow-1.1.10] startup
[1.643s] [ext: omni.kit.renderer.core-1.1.0] startup
[6.938s] [ext: omni.kit.renderer.capture-0.0.0] startup
[6.939s] [ext: omni.kit.renderer.imgui-2.0.5] startup
[6.981s] [ext: omni.ui-2.27.1] startup
[6.986s] [ext: omni.kit.mainwindow-1.0.3] startup
[6.987s] [ext: carb.audio-0.1.0] startup
[6.989s] [ext: omni.uiaudio-1.0.0] startup
[6.989s] [ext: omni.kit.uiapp-0.0.0] startup
[6.989s] [ext: omni.usd.schema.metrics.assembler-107.3.1] startup
[6.991s] [ext: omni.usd.schema.audio-0.0.0] startup
[6.992s] [ext: omni.anim.graph.schema-107.3.3] startup
[6.998s] [ext: omni.usd_resolver-1.0.0] startup
[7.000s] [ext: omni.usd.core-1.5.3] startup
[7.001s] [ext: omni.usd.schema.render_settings.rtx-0.0.0] startup
[7.010s] [ext: omni.usd.schema.semantics-0.0.0] startup
[7.011s] [ext: isaacsim.robot.schema-3.6.0] startup
[7.016s] [ext: omni.usd.schema.geospatial-0.0.0] startup
[7.017s] [ext: omni.usd.schema.anim-0.0.0] startup
[7.026s] [ext: omni.kit.window.popup_dialog-2.0.24] startup
[7.028s] [ext: usdrt.scenegraph-7.6.1] startup
[7.049s] [ext: omni.timeline-1.0.14] startup
[7.050s] [ext: omni.resourcemonitor-107.0.1] startup
[7.051s] [ext: omni.activity.core-1.0.3] startup
[7.052s] [ext: omni.kit.widget.nucleus_connector-2.0.1] startup
[7.053s] [ext: omni.hydra.usdrt_delegate-7.5.1] startup
[7.057s] [ext: omni.kit.actions.core-1.0.0] startup
[7.059s] [ext: omni.graph.exec-0.9.6] startup
[7.059s] [ext: omni.kit.commands-1.4.10] startup
[7.061s] [ext: omni.kit.usd_undo-0.1.8] startup
[7.061s] [ext: omni.kit.exec.core-0.13.4] startup
[7.062s] [ext: omni.kit.audiodeviceenum-1.0.2] startup
[7.063s] [ext: omni.hydra.scene_delegate-0.3.4] startup
[7.065s] [ext: omni.usd-1.13.10] startup
[7.083s] [ext: omni.kit.asset_converter-5.0.17] startup
[7.091s] [ext: omni.usd.schema.flow-107.1.1] startup
[7.091s] [ext: omni.usd.schema.omnigraph-1.0.0] startup
[7.095s] [ext: omni.usd.schema.omni_sensors-0.0.0] startup
[7.095s] [ext: omni.anim.navigation.schema-107.3.3] startup
[7.097s] [ext: omni.inspect-1.0.2] startup
[7.098s] [ext: omni.kit.notification_manager-1.0.10] startup
[7.099s] [ext: omni.graph.core-2.184.5] startup
[7.101s] [ext: isaacsim.core.deprecation_manager-0.2.7] startup
[7.101s] [ext: omni.usd.schema.physx-107.3.26] startup
[7.123s] [ext: omni.usd.schema.isaac-3.0.5] startup
[7.123s] [ext: omni.usd.schema.omniscripting-1.0.0] startup
[7.126s] [ext: omni.usd.schema.omni_lens_distortion-0.0.0] startup
[7.126s] [ext: omni.kvdb-107.3.26] startup
[7.127s] [ext: omni.usdphysics-107.3.26] startup
[7.128s] [ext: omni.physx.foundation-107.3.26] startup
[7.129s] [ext: omni.localcache-107.3.26] startup
[7.130s] [ext: omni.convexdecomposition-107.3.26] startup
[7.132s] [ext: omni.physx.cooking-107.3.26] startup
[7.134s] [ext: omni.physx-107.3.26] startup
[7.140s] [ext: omni.physics-107.3.26] startup
[7.141s] [ext: omni.kit.usd.layers-2.2.11] startup
[7.146s] [ext: omni.physics.physx-107.3.26] startup
2026-09-09T12:05:50Z [7,141ms] [Warning] [carb] Acquiring non optional plugin interface which is not listed as dependency: [omni::physx::IPhysxBenchmarks v1.0] (plugin: <default plugin>), by client: omni.physics.physx.plugin. Add it to CARB_PLUGIN_IMPL_DEPS() macro of a client.
[7.147s] [ext: omni.physics.stageupdate-107.3.26] startup
[7.148s] [ext: omni.kit.numpy.common-0.1.3] startup
[7.149s] [ext: isaacsim.core.version-2.0.6] startup
[7.149s] [ext: omni.isaac.dynamic_control-2.0.7] startup
2026-09-09T12:05:50Z [7,146ms] [Warning] [omni.isaac.dynamic_control] omni.isaac.dynamic_control is deprecated as of Isaac Sim 4.5. No action is needed from end-users.
[7.152s] [ext: isaacsim.storage.native-1.5.1] startup
[7.153s] [ext: omni.kit.menu.core-1.1.2] startup
[7.154s] [ext: omni.kit.helper.file_utils-0.1.9] startup
[7.155s] [ext: omni.usd.metrics.assembler-107.3.1] startup
[7.158s] [ext: omni.kit.widget.context_menu-1.2.5] startup
[7.159s] [ext: omni.warp.core-1.8.2] startup
[7.278s] [ext: omni.usd.metrics.assembler.physics-107.3.26] startup
[7.280s] [ext: omni.physics.tensors-107.3.26] startup
[7.283s] [ext: omni.kit.context_menu-1.8.6] startup
[7.284s] [ext: omni.kit.clipboard-1.0.5] startup
[7.284s] [ext: isaacsim.core.utils-3.5.1] startup
[7.286s] [ext: omni.kit.widget.filebrowser-2.12.3] startup
[7.288s] [ext: omni.kit.widget.options_menu-1.1.6] startup
[7.290s] [ext: omni.kit.widget.path_field-2.0.11] startup
[7.290s] [ext: omni.index.libs-380600.8087.0] startup
[7.290s] [ext: omni.ui.scene-1.11.5] startup
[7.293s] [ext: omni.kit.widget.options_button-1.0.3] startup
[7.293s] [ext: omni.kit.widget.browser_bar-2.0.10] startup
[7.293s] [ext: omni.index-1.0.1] startup
[7.294s] [ext: omni.hydra.rtx.shadercache.vulkan-1.0.0] startup
[7.294s] [ext: omni.kit.window.filepicker-2.13.4] startup
[7.302s] [ext: omni.volume-0.5.2] startup
[7.303s] [ext: omni.ujitso.client-0.0.0] startup
[7.304s] [ext: omni.graph.tools-1.79.2] startup
[7.316s] [ext: omni.graph.image.core-0.6.1] startup
[7.317s] [ext: omni.hydra.rtx-1.0.0] startup
2026-09-09T12:05:51Z [7,321ms] [Warning] [omni.log] Source: omni.hydra was already registered.
[7.334s] [ext: omni.kit.window.file_importer-1.1.18] startup
[7.336s] [ext: omni.kit.menu.utils-2.0.5] startup
[7.341s] [ext: omni.graph.image.nodes-1.3.1] startup
[7.342s] [ext: omni.kit.widget.searchable_combobox-1.0.6] startup
[7.342s] [ext: omni.kit.hydra_texture-1.4.6] startup
[7.344s] [ext: omni.kit.material.library-2.0.7] startup
[7.348s] [ext: omni.hydra.engine.stats-1.0.3] startup
[7.349s] [ext: omni.kit.viewport.scene_camera_model-1.0.6] startup
[7.351s] [ext: omni.kit.widget.settings-1.2.6] startup
[7.352s] [ext: omni.kit.viewport.legacy_gizmos-1.0.19] startup
[7.353s] [ext: omni.kit.widget.viewport-107.1.3] startup
[7.356s] [ext: omni.kit.viewport.registry-104.0.6] startup
[7.356s] [ext: omni.kit.raycast.query-1.1.0] startup
[7.359s] [ext: omni.physx.tensors-107.3.26] startup
[7.361s] [ext: omni.kit.window.drop_support-1.0.5] startup
[7.362s] [ext: omni.kit.primitive.mesh-1.0.17] startup
[7.364s] [ext: omni.kit.viewport.window-107.2.0] startup
[7.375s] [ext: omni.kit.window.preferences-1.8.0] startup
[7.378s] [ext: isaacsim.core.simulation_manager-1.4.4] startup
[8.191s] [ext: omni.graph.action_core-1.1.7] startup
[8.193s] [ext: omni.graph-1.141.2] startup
[8.220s] [ext: omni.kit.viewport.utility-1.1.2] startup
[8.220s] [ext: omni.kit.viewport.menubar.core-107.2.1] startup
[8.229s] [ext: isaacsim.core.prims-0.6.1] startup
[8.246s] [ext: omni.graph.action_nodes-1.50.4] startup
[8.249s] [ext: omni.kit.stage_template.core-1.1.22] startup
[8.250s] [ext: omni.syntheticdata-0.6.13] startup
[8.268s] [ext: omni.graph.nodes-1.170.10] startup
[8.276s] [ext: omni.graph.action-1.130.0] startup
[8.276s] [ext: omni.kit.stage_templates-2.0.0] startup
[8.284s] [ext: omni.kit.widget.filter-1.1.4] startup
[8.287s] [ext: omni.kit.widget.graph-2.0.0] startup
[8.299s] [ext: omni.kit.property.adapter.core-1.0.2] startup
[8.301s] [ext: omni.kit.window.file_exporter-1.0.33] startup
[8.302s] [ext: omni.kit.widget.searchfield-1.1.8] startup
[8.303s] [ext: omni.kit.hotkeys.core-1.3.10] startup
[8.304s] [ext: omni.kit.graph.delegate.default-1.2.3] startup
[8.305s] [ext: omni.kit.property.adapter.fabric-1.0.3] startup
[8.306s] [ext: omni.kit.widget.stage-3.1.4] startup
[8.313s] [ext: omni.kit.property.adapter.usd-1.0.2] startup
[8.314s] [ext: omni.kit.graph.editor.core-1.5.3] startup
[8.316s] [ext: omni.kit.widget.material_preview-1.0.16] startup
[8.317s] [ext: omni.kit.widget.highlight_label-1.0.3] startup
[8.318s] [ext: omni.kit.window.file-2.0.5] startup
[8.320s] [ext: omni.kit.window.content_browser_registry-0.0.6] startup
[8.320s] [ext: omni.kit.window.property-1.12.1] startup
[8.322s] [ext: omni.kit.window.content_browser-3.1.3] startup
[8.328s] [ext: omni.kit.graph.usd.commands-1.3.1] startup
[8.329s] [ext: omni.kit.property.usd-4.5.12] startup
[8.336s] [ext: omni.graph.ui_nodes-1.50.5] startup
[8.338s] [ext: omni.videoencoding-0.1.2] startup
[8.340s] [ext: omni.kit.window.material_graph-1.9.1] startup
[8.347s] [ext: omni.warp-1.8.2] startup
[8.351s] [ext: isaacsim.core.api-4.8.0] startup
[8.376s] [ext: omni.graph.scriptnode-1.50.0] startup
[8.382s] [ext: isaacsim.test.docstring-1.1.0] startup
[8.393s] [ext: isaacsim.core.experimental.utils-0.3.0] startup
[8.399s] [ext: omni.replicator.core-1.12.27] startup
2026-09-09T12:05:52Z [8,411ms] [Warning] [pxr.Semantics] pxr.Semantics is deprecated - please use Semantics instead
2026-09-09T12:05:52Z [8,480ms] [Warning] [omni.graph.core.plugin] Found duplicate of category 'Replicator' - was 'Annotators', adding 'Fabric Reader'
2026-09-09T12:05:52Z [8,480ms] [Warning] [omni.graph.core.plugin] Category 'Replicator' not accepted on node type 'omni.replicator.core.FabricReader' in extension 'omni.replicator.core'
2026-09-09T12:05:52Z [8,480ms] [Warning] [omni.replicator.core.scripts.extension] No material configuration file, adding configuration to material settings directly.
[8.489s] [ext: isaacsim.core.experimental.prims-0.8.1] startup
[8.522s] [ext: omni.kit.window.extensions-1.4.27] startup
[8.540s] [ext: isaacsim.core.experimental.objects-0.4.0] startup
[8.554s] [ext: omni.ui_query-1.1.8] startup
[8.557s] [ext: omni.kit.manipulator.viewport-107.0.1] startup
[8.558s] [ext: isaacsim.robot.surface_gripper-3.3.1] startup
[8.565s] [ext: omni.kit.ui_test-1.3.7] startup
[8.570s] [ext: omni.graph.visualization.nodes-2.1.3] startup
[8.585s] [ext: isaacsim.robot_motion.lula-4.0.8] startup
[8.591s] [ext: isaacsim.core.nodes-3.4.3] startup
[8.597s] [ext: isaacsim.gui.components-1.2.1] startup
[8.608s] [ext: isaacsim.robot_motion.motion_generation-8.0.26] startup
[8.626s] [ext: isaacsim.robot.manipulators-3.3.6] startup
[8.636s] [ext: isaacsim.core.experimental.materials-0.4.0] startup
[8.650s] [ext: isaacsim.robot.manipulators.examples-1.1.2] startup
[8.655s] [ext: isaacsim.cortex.framework-1.0.12] startup
[8.658s] [ext: isaacsim.cortex.behaviors-2.0.14] startup
[8.659s] [ext: omni.isaac.cortex.sample_behaviors-2.0.5] startup
2026-09-09T12:05:52Z [8,656ms] [Warning] [omni.isaac.cortex] omni.isaac.cortex has been deprecated in favor of isaacsim.cortex.framework. Please update your code accordingly.
2026-09-09T12:05:52Z [8,656ms] [Warning] [omni.isaac.cortex.sample_behaviors] omni.isaac.cortex.sample_behaviors has been deprecated in favor of isaacsim.cortex.behaviors. Please update your code accordingly.
[8.663s] [ext: omni.kit.widget.zoombar-1.0.6] startup
[8.665s] [ext: isaacsim.gui.content_browser-0.1.11] startup
[8.670s] [ext: omni.kit.browser.core-2.3.13] startup
[8.683s] [ext: omni.kit.widget.stage_icons-1.0.8] startup
[8.703s] [ext: omni.kit.widget.prompt-1.0.7] startup
[8.706s] [ext: omni.kit.usd.collect-2.4.5] startup
[8.721s] [ext: omni.kit.browser.folder.core-1.10.9] startup
[8.778s] [ext: omni.kit.window.stage-2.6.1] startup
[8.846s] [ext: omni.kit.usdz_export-1.0.9] startup
[8.865s] [ext: omni.kit.tool.collect-2.2.18] startup
[8.885s] [ext: omni.kit.menu.stage-1.2.7] startup
[8.904s] [ext: omni.kit.tool.asset_importer-4.3.2] startup
[8.976s] [ext: isaacsim.robot.wheeled_robots-4.0.24] startup
[9.003s] [ext: isaacsim.examples.browser-0.2.1] startup
[9.006s] [ext: isaacsim.asset.importer.urdf-2.4.30] startup
[9.052s] [ext: omni.isaac.wheeled_robots-3.0.7] startup
2026-09-09T12:05:52Z [9,047ms] [Warning] [omni.isaac.wheeled_robots] omni.isaac.wheeled_robots has been deprecated in favor of isaacsim.robot.wheeled_robots. Please update your code accordingly.
2026-09-09T12:05:52Z [9,048ms] [Warning] [omni.isaac.wheeled_robots.controllers] omni.isaac.wheeled_robots has been deprecated in favor of isaacsim.robot.wheeled_robots. Please update your code accordingly.
2026-09-09T12:05:52Z [9,048ms] [Warning] [omni.isaac.wheeled_robots.controllers.ackermann_controller] omni.isaac.wheeled_robots has been deprecated in favor of isaacsim.robot.wheeled_robots. Please update your code accordingly.
2026-09-09T12:05:52Z [9,048ms] [Warning] [omni.isaac.wheeled_robots.controllers.differential_controller] omni.isaac.wheeled_robots has been deprecated in favor of isaacsim.robot.wheeled_robots. Please update your code accordingly.
2026-09-09T12:05:52Z [9,048ms] [Warning] [omni.isaac.wheeled_robots.controllers.holonomic_controller] omni.isaac.wheeled_robots has been deprecated in favor of isaacsim.robot.wheeled_robots. Please update your code accordingly.
2026-09-09T12:05:52Z [9,048ms] [Warning] [omni.isaac.wheeled_robots.controllers.quintic_path_planner] omni.isaac.wheeled_robots has been deprecated in favor of isaacsim.robot.wheeled_robots. Please update your code accordingly.
2026-09-09T12:05:52Z [9,048ms] [Warning] [omni.isaac.wheeled_robots.controllers.stanley_control] omni.isaac.wheeled_robots has been deprecated in favor of isaacsim.robot.wheeled_robots. Please update your code accordingly.
2026-09-09T12:05:52Z [9,048ms] [Warning] [omni.isaac.wheeled_robots.controllers.wheel_base_pose_controller] omni.isaac.wheeled_robots has been deprecated in favor of isaacsim.robot.wheeled_robots. Please update your code accordingly.
2026-09-09T12:05:52Z [9,048ms] [Warning] [omni.isaac.wheeled_robots.impl] omni.isaac.wheeled_robots has been deprecated in favor of isaacsim.robot.wheeled_robots. Please update your code accordingly.
2026-09-09T12:05:52Z [9,048ms] [Warning] [omni.isaac.wheeled_robots.robots] omni.isaac.wheeled_robots has been deprecated in favor of isaacsim.robot.wheeled_robots. Please update your code accordingly.
2026-09-09T12:05:52Z [9,048ms] [Warning] [omni.isaac.wheeled_robots.robots.holonomic_robot_usd_setup] omni.isaac.wheeled_robots has been deprecated in favor of isaacsim.robot.wheeled_robots. Please update your code accordingly.
2026-09-09T12:05:52Z [9,049ms] [Warning] [omni.isaac.wheeled_robots.robots.wheeled_robot] omni.isaac.wheeled_robots has been deprecated in favor of isaacsim.robot.wheeled_robots. Please update your code accordingly.
[9.059s] [ext: isaacsim.simulation_app-2.12.2] startup
[9.060s] [ext: omni.isaac.franka-1.0.7] startup
2026-09-09T12:05:52Z [9,054ms] [Warning] [omni.isaac.franka] omni.isaac.franka has been deprecated in favor of isaacsim.robot.manipulators.examples.franka. Please update your code accordingly.
2026-09-09T12:05:52Z [9,054ms] [Warning] [omni.isaac.franka.franka] omni.isaac.franka has been deprecated in favor of isaacsim.robot.manipulators.examples.franka. Please update your code accordingly.
2026-09-09T12:05:52Z [9,067ms] [Warning] [omni.isaac.franka.kinematics_solver] omni.isaac.franka has been deprecated in favor of isaacsim.robot.manipulators.examples.franka. Please update your code accordingly.
[9.074s] [ext: omni.isaac.kit-2.0.6] startup
2026-09-09T12:05:52Z [9,069ms] [Warning] [omni.isaac.kit] omni.isaac.kit has been deprecated in favor of isaacsim.simulation_app. Please update your code accordingly.
[9.075s] [ext: omni.kit.selection-0.1.6] startup
[9.076s] [ext: omni.isaac.lula-4.0.6] startup
2026-09-09T12:05:52Z [9,071ms] [Warning] [omni.isaac.lula] omni.isaac.lula has been deprecated in favor of isaacsim.robot_motion.lula. Please update your code accordingly.
[9.077s] [ext: isaacsim.robot_motion.lula_test_widget-1.0.12] startup
[9.078s] [ext: isaacsim.asset.browser-1.3.23] startup
[9.121s] [ext: omni.kit.viewport.actions-107.0.2] startup
[9.125s] [ext: isaacsim.gui.menu-2.4.4] startup
[9.129s] [ext: omni.isaac.manipulators-3.0.7] startup
2026-09-09T12:05:52Z [9,124ms] [Warning] [omni.isaac.manipulators] omni.isaac.manipulators has been deprecated in favor of isaacsim.robot.manipulators. Please update your code accordingly.
2026-09-09T12:05:52Z [9,124ms] [Warning] [omni.isaac.manipulators.controllers] omni.isaac.manipulators has been deprecated in favor of isaacsim.robot.manipulators. Please update your code accordingly.
2026-09-09T12:05:52Z [9,124ms] [Warning] [omni.isaac.manipulators.controllers.pick_place_controller] omni.isaac.manipulators has been deprecated in favor of isaacsim.robot.manipulators. Please update your code accordingly.
2026-09-09T12:05:52Z [9,126ms] [Warning] [omni.isaac.manipulators.controllers.stacking_controller] omni.isaac.manipulators has been deprecated in favor of isaacsim.robot.manipulators. Please update your code accordingly.
2026-09-09T12:05:52Z [9,126ms] [Warning] [omni.isaac.manipulators.grippers] omni.isaac.manipulators has been deprecated in favor of isaacsim.robot.manipulators. Please update your code accordingly.
2026-09-09T12:05:52Z [9,126ms] [Warning] [omni.isaac.manipulators.grippers.gripper] omni.isaac.manipulators has been deprecated in favor of isaacsim.robot.manipulators. Please update your code accordingly.
2026-09-09T12:05:52Z [9,126ms] [Warning] [omni.isaac.manipulators.grippers.parallel_gripper] omni.isaac.manipulators has been deprecated in favor of isaacsim.robot.manipulators. Please update your code accordingly.
2026-09-09T12:05:52Z [9,126ms] [Warning] [omni.isaac.manipulators.grippers.surface_gripper] omni.isaac.manipulators has been deprecated in favor of isaacsim.robot.manipulators. Please update your code accordingly.
2026-09-09T12:05:52Z [9,126ms] [Warning] [omni.isaac.manipulators.manipulators] omni.isaac.manipulators has been deprecated in favor of isaacsim.robot.manipulators. Please update your code accordingly.
2026-09-09T12:05:52Z [9,126ms] [Warning] [omni.isaac.manipulators.manipulators.single_manipulator] omni.isaac.manipulators has been deprecated in favor of isaacsim.robot.manipulators. Please update your code accordingly.
[9.132s] [ext: omni.isaac.lula_test_widget-1.0.6] startup
2026-09-09T12:05:52Z [9,127ms] [Warning] [omni.isaac.lula_test_widget] omni.isaac.lula_test_widget has been deprecated in favor of isaacsim.robot_motion.lula_test_widget. Please update your code accordingly.
[9.134s] [ext: omni.isaac.asset_browser-1.0.6] startup
2026-09-09T12:05:52Z [9,129ms] [Warning] [omni.isaac.asset_browser] omni.isaac.asset_browser has been deprecated in favor of isaacsim.asset.browser. Please update your code accordingly.
[9.135s] [ext: omni.kit.viewport.menubar.display-107.0.3] startup
[9.139s] [ext: omni.isaac.menu-1.0.6] startup
2026-09-09T12:05:52Z [9,133ms] [Warning] [omni.isaac.menu] omni.isaac.menu has been deprecated in favor of isaacsim.gui.menu. Please update your code accordingly.
[9.139s] [ext: omni.isaac.motion_generation-8.0.7] startup
2026-09-09T12:05:52Z [9,134ms] [Warning] [omni.isaac.motion_generation] omni.isaac.motion_generation has been deprecated in favor of isaacsim.robot_motion.motion_generation. Please update your code accordingly.
2026-09-09T12:05:52Z [9,135ms] [Warning] [omni.isaac.motion_generation.articulation_kinematics_solver] omni.isaac.motion_generation has been deprecated in favor of isaacsim.robot_motion.motion_generation. Please update your code accordingly.
2026-09-09T12:05:52Z [9,135ms] [Warning] [omni.isaac.motion_generation.articulation_motion_policy] omni.isaac.motion_generation has been deprecated in favor of isaacsim.robot_motion.motion_generation. Please update your code accordingly.
2026-09-09T12:05:52Z [9,135ms] [Warning] [omni.isaac.motion_generation.articulation_trajectory] omni.isaac.motion_generation has been deprecated in favor of isaacsim.robot_motion.motion_generation. Please update your code accordingly.
2026-09-09T12:05:52Z [9,135ms] [Warning] [omni.isaac.motion_generation.kinematics_interface] omni.isaac.motion_generation has been deprecated in favor of isaacsim.robot_motion.motion_generation. Please update your code accordingly.
2026-09-09T12:05:52Z [9,135ms] [Warning] [omni.isaac.motion_generation.lula] omni.isaac.motion_generation has been deprecated in favor of isaacsim.robot_motion.motion_generation. Please update your code accordingly.
2026-09-09T12:05:52Z [9,135ms] [Warning] [omni.isaac.motion_generation.lula.kinematics] omni.isaac.motion_generation has been deprecated in favor of isaacsim.robot_motion.motion_generation. Please update your code accordingly.
2026-09-09T12:05:52Z [9,135ms] [Warning] [omni.isaac.motion_generation.lula.motion_policies] omni.isaac.motion_generation has been deprecated in favor of isaacsim.robot_motion.motion_generation. Please update your code accordingly.
2026-09-09T12:05:52Z [9,135ms] [Warning] [omni.isaac.motion_generation.lula.path_planners] omni.isaac.motion_generation has been deprecated in favor of isaacsim.robot_motion.motion_generation. Please update your code accordingly.
2026-09-09T12:05:52Z [9,136ms] [Warning] [omni.isaac.motion_generation.lula.trajectory_generator] omni.isaac.motion_generation has been deprecated in favor of isaacsim.robot_motion.motion_generation. Please update your code accordingly.
2026-09-09T12:05:52Z [9,136ms] [Warning] [omni.isaac.motion_generation.motion_policy_controller] omni.isaac.motion_generation has been deprecated in favor of isaacsim.robot_motion.motion_generation. Please update your code accordingly.
2026-09-09T12:05:52Z [9,136ms] [Warning] [omni.isaac.motion_generation.motion_policy_interface] omni.isaac.motion_generation has been deprecated in favor of isaacsim.robot_motion.motion_generation. Please update your code accordingly.
2026-09-09T12:05:52Z [9,136ms] [Warning] [omni.isaac.motion_generation.path_planner_visualizer] omni.isaac.motion_generation has been deprecated in favor of isaacsim.robot_motion.motion_generation. Please update your code accordingly.
2026-09-09T12:05:52Z [9,136ms] [Warning] [omni.isaac.motion_generation.path_planning_interface] omni.isaac.motion_generation has been deprecated in favor of isaacsim.robot_motion.motion_generation. Please update your code accordingly.
2026-09-09T12:05:52Z [9,136ms] [Warning] [omni.isaac.motion_generation.trajectory] omni.isaac.motion_generation has been deprecated in favor of isaacsim.robot_motion.motion_generation. Please update your code accordingly.
2026-09-09T12:05:52Z [9,136ms] [Warning] [omni.isaac.motion_generation.world_interface] omni.isaac.motion_generation has been deprecated in favor of isaacsim.robot_motion.motion_generation. Please update your code accordingly.
[9.142s] [ext: omni.isaac.assets_check-0.3.13] startup
2026-09-09T12:05:52Z [9,137ms] [Warning] [omni.isaac.assets_check] omni.isaac.assets_check has been deprecated in favor of isaacsim.asset.browser. Please update your code accordingly.
[9.143s] [ext: isaacsim.gui.sensors.icon-2.0.3] startup
[9.151s] [ext: isaacsim.asset.importer.mjcf-2.5.13] startup
[9.154s] [ext: omni.sensors.nv.common-3.0.0] startup
[9.160s] [ext: isaacsim.sensors.physics-0.4.3] startup
[9.164s] [ext: omni.sensors.net-1.0.0] startup
[9.167s] [ext: omni.isaac.nucleus-1.0.6] startup
2026-09-09T12:05:52Z [9,161ms] [Warning] [omni.isaac.nucleus] omni.isaac.nucleus has been deprecated in favor of isaacsim.storage.native. Please update your code accordingly.
2026-09-09T12:05:52Z [9,161ms] [Warning] [omni.isaac.nucleus.nucleus] omni.isaac.nucleus.nucleus has been deprecated in favor of isaacsim.storage.native. Please update your code accordingly.
[9.167s] [ext: omni.sensors.nv.materials-2.0.0] startup
[9.170s] [ext: isaacsim.robot.policy.examples-4.1.11] startup
[9.171s] [ext: omni.sensors.nv.wpm-3.0.0] startup
[9.173s] [ext: omni.sensors.nv.lidar-3.0.0] startup
[9.178s] [ext: isaacsim.util.debug_draw-3.1.0] startup
[9.180s] [ext: omni.sensors.nv.radar-3.0.0] startup
[9.182s] [ext: omni.sensors.nv.ids-2.0.0] startup
[9.190s] [ext: isaacsim.core.cloner-1.4.10] startup
[9.192s] [ext: isaacsim.sensors.physx-2.3.2] startup
[9.195s] [ext: isaacsim.sensors.rtx-15.8.4] startup
[9.200s] [ext: isaacsim.sensors.camera-1.3.6] startup
[9.207s] [ext: omni.isaac.quadruped-3.0.7] startup
2026-09-09T12:05:53Z [9,202ms] [Warning] [omni.isaac.quadruped] omni.isaac.quadruped has been deprecated in favor of isaacsim.robot.policy.examples. Please update your code accordingly.
[9.208s] [ext: omni.isaac.cloner-1.0.7] startup
2026-09-09T12:05:53Z [9,204ms] [Warning] [omni.isaac.cloner] omni.isaac.cloner has been deprecated in favor of isaacsim.core.cloner. Please update your code accordingly.
[9.211s] [ext: omni.isaac.range_sensor-4.0.6] startup
2026-09-09T12:05:53Z [9,208ms] [Warning] [omni.isaac.range_sensor] omni.isaac.range_sensor has been deprecated in favor of isaacsim.sensors.physx. Please update your code accordingly.
2026-09-09T12:05:53Z [9,208ms] [Warning] [omni.isaac.range_sensor.commands] omni.isaac.range_sensor.commands has been deprecated in favor of isaacsim.sensors.physx.commands. Please update your code accordingly.
[9.214s] [ext: omni.isaac.sensor-13.0.7] startup
2026-09-09T12:05:53Z [9,209ms] [Warning] [omni.isaac.sensor] omni.isaac.sensor has been deprecated in favor of isaacsim.sensors.camera, isaacsim.sensors.physics, isaacsim.sensors.physx, and isaacsim.sensors.rtx. Please update your code accordingly.
2026-09-09T12:05:53Z [9,209ms] [Warning] [omni.isaac.sensor.camera] omni.isaac.sensor.camera has been deprecated in favor of isaacsim.sensors.camera.camera. Please update your code accordingly.
2026-09-09T12:05:53Z [9,209ms] [Warning] [omni.isaac.sensor.camera_view] omni.isaac.sensor.camera_view has been deprecated in favor of isaacsim.sensors.camera.camera_view. Please update your code accordingly.
2026-09-09T12:05:53Z [9,210ms] [Warning] [omni.isaac.sensor.commands] omni.isaac.sensor.commands has been deprecated in favor of isaacsim.sensors.physics.commands, isaacsim.sensors.physx.commands, and isaacsim.sensors.rtx.commands. Please update your code accordingly.
2026-09-09T12:05:53Z [9,210ms] [Warning] [omni.isaac.sensor.contact_sensor] omni.isaac.sensor.contact_sensor has been deprecated in favor of isaacsim.sensors.physics.contact_sensor. Please update your code accordingly.
2026-09-09T12:05:53Z [9,210ms] [Warning] [omni.isaac.sensor.imu_sensor] omni.isaac.sensor.imu_sensor has been deprecated in favor of isaacsim.sensors.physics.imu_sensor. Please update your code accordingly.
2026-09-09T12:05:53Z [9,210ms] [Warning] [omni.isaac.sensor.lidar_rtx] omni.isaac.sensor.lidar_rtx has been deprecated in favor of isaacsim.sensors.rtx.lidar_rtx. Please update your code accordingly.
2026-09-09T12:05:53Z [9,210ms] [Warning] [omni.isaac.sensor.rotating_lidar_physX] omni.isaac.sensor.imu_sensor has been deprecated in favor of isaacsim.sensors.physix.rotating_lidar_physX. Please update your code accordingly.
2026-09-09T12:05:53Z [9,210ms] [Warning] [omni.isaac.sensor.scripts.samples.contact_sensor] omni.isaac.sensor.scripts.samples.contact_sensor has been deprecated in favor of isaacsim.sensors.physics.scripts.samples.contact_sensor. Please update your code accordingly.
2026-09-09T12:05:53Z [9,210ms] [Warning] [omni.isaac.sensor.scripts.samples.imu_sensor] omni.isaac.sensor.scripts.samples.imu_sensor has been deprecated in favor of isaacsim.sensors.physics.scripts.samples.imu_sensor. Please update your code accordingly.
2026-09-09T12:05:53Z [9,210ms] [Warning] [omni.isaac.sensor.scripts.samples.lightbeam_sensor] omni.isaac.sensor.scripts.samples.lightbeam_sensor has been deprecated in favor of isaacsim.sensors.physx.scripts.samples.lightbeam_sensor. Please update your code accordingly.
[9.216s] [ext: omni.kit.menu.create-2.0.1] startup
[9.219s] [ext: omni.kit.widget.toolbar-2.0.1] startup
[9.228s] [ext: omni.kit.manipulator.transform-107.0.0] startup
[9.231s] [ext: omni.isaac.core-4.0.7] startup
2026-09-09T12:05:53Z [9,226ms] [Warning] [omni.isaac.core.physics_context.physics_context] omni.isaac.core.physics_context.physics_context has been deprecated in favor of isaacsim.core.api.physics_context.physics_context. Please update your code accordingly.
2026-09-09T12:05:53Z [9,226ms] [Warning] [omni.isaac.core.simulation_context.simulation_context] omni.isaac.core.simulation_context.simulation_context has been deprecated in favor of isaacsim.core.api.simulation_context.simulation_context. Please update your code accordingly.
2026-09-09T12:05:53Z [9,226ms] [Warning] [omni.isaac.core.world.world] omni.isaac.core.world.world has been deprecated in favor of isaacsim.core.api.world.world. Please update your code accordingly.
2026-09-09T12:05:53Z [9,226ms] [Warning] [omni.isaac.core] omni.isaac.core has been deprecated in favor of isaacsim.core.api. Please update your code accordingly.
[9.232s] [ext: omni.kit.scripting-107.3.2] startup
[9.236s] [ext: omni.kit.manipulator.tool.snap-1.5.13] startup
[9.239s] [ext: omni.kit.manipulator.selector-1.1.3] startup
[9.240s] [ext: isaacsim.app.about-2.0.11] startup
[9.244s] [ext: isaacsim.replicator.behavior-1.1.16] startup
[9.245s] [ext: omni.kit.viewport.manipulator.transform-107.0.4] startup
[9.247s] [ext: omni.isaac.window.about-2.0.7] startup
2026-09-09T12:05:53Z [9,242ms] [Warning] [omni.isaac.window.about] omni.isaac.window.about has been deprecated in favor of isaacsim.app.about. Please update your code accordingly.
2026-09-09T12:05:53Z [9,242ms] [Warning] [omni.isaac.window.about.about] omni.isaac.window.about.about has been deprecated in favor of isaacsim.app.about.about. Please update your code accordingly.
[9.248s] [ext: omni.fabric.commands-1.1.6] startup
[9.250s] [ext: omni.kit.manipulator.prim.core-107.0.8] startup
[9.255s] [ext: omni.kit.property.audio-1.0.16] startup
[9.256s] [ext: omni.kit.property.camera-1.0.10] startup
[9.257s] [ext: omni.kit.property.geometry-2.0.4] startup
[9.259s] [ext: omni.hydra.scene_api-0.1.2] startup
[9.262s] [ext: omni.kit.property.light-1.0.12] startup
[9.269s] [ext: omni.kit.manipulator.prim.fabric-107.0.4] startup
[9.271s] [ext: omni.kit.manipulator.prim.usd-107.0.3] startup
[9.272s] [ext: omni.kit.property.material-1.11.9] startup
[9.275s] [ext: omni.kit.property.render-1.2.1] startup
[9.276s] [ext: omni.kit.property.transform-1.5.13] startup
[9.279s] [ext: isaacsim.gui.property-1.1.3] startup
[9.281s] [ext: omni.kit.manipulator.camera-106.0.4] startup
[9.283s] [ext: omni.kit.manipulator.prim-107.0.0] startup
[9.283s] [ext: omni.isaac.surface_gripper-2.0.6] startup
2026-09-09T12:05:53Z [9,277ms] [Warning] [omni.isaac.surface_gripper] omni.isaac.surface_gripper has been deprecated in favor of isaacsim.robot.surface_gripper. Please update your code accordingly.
[9.284s] [ext: omni.kit.manipulator.selection-106.0.1] startup
[9.286s] [ext: omni.kit.property.bundle-1.4.1] startup
[9.287s] [ext: omni.kit.property.isaac-1.0.6] startup
2026-09-09T12:05:53Z [9,281ms] [Warning] [omni.kit.property.isaac] omni.kit.property.isaac has been deprecated in favor of isaacsim.gui.property. Please update your code accordingly.
2026-09-09T12:05:53Z [9,281ms] [Warning] [omni.kit.property.isaac.widgets] omni.kit.property.isaac.widgets has been deprecated in favor of isaacsim.gui.property.widgets. Please update your code accordingly.
[9.287s] [ext: omni.isaac.universal_robots-1.0.6] startup
2026-09-09T12:05:53Z [9,282ms] [Warning] [omni.isaac.universal_robots] omni.isaac.universal_robots has been deprecated in favor of isaacsim.robot.manipulators.examples.universal_robots. Please update your code accordingly.
2026-09-09T12:05:53Z [9,282ms] [Warning] [omni.isaac.universal_robots.kinematics_solver] omni.isaac.franka has been deprecated in favor of isaacsim.robot.manipulators.examples.universal_robots. Please update your code accordingly.
2026-09-09T12:05:53Z [9,282ms] [Warning] [omni.isaac.universal_robots.ur10] omni.isaac.franka has been deprecated in favor of isaacsim.robot.manipulators.examples.universal_robots. Please update your code accordingly.
[9.289s] [ext: omni.isaac.core_nodes-2.0.6] startup
2026-09-09T12:05:53Z [9,284ms] [Warning] [omni.isaac.core_nodes] omni.isaac.core_nodes has been deprecated in favor of isaacsim.core.nodes. Please update your code accordingly.
[9.290s] [ext: omni.kit.viewport.menubar.camera-107.0.6] startup
[9.295s] [ext: omni.kit.viewport.menubar.lighting-107.3.1] startup
[9.297s] [ext: isaacsim.replicator.writers-1.0.17] startup
[9.306s] [ext: omni.kit.viewport.menubar.render-107.0.10] startup
[9.311s] [ext: omni.kit.viewport.menubar.settings-107.0.3] startup
[9.316s] [ext: omni.kit.window.console-1.1.4] startup
[9.319s] [ext: isaacsim.replicator.domain_randomization-1.0.16] startup
[9.320s] [ext: isaacsim.replicator.examples-1.3.6] startup
[9.322s] [ext: omni.ocio-0.1.1] startup
[9.324s] [ext: omni.rtx.window.settings-0.6.19] startup
[9.339s] [ext: omni.kit.window.status_bar-0.1.9] startup
[9.344s] [ext: omni.kit.window.toolbar-2.0.0] startup
[9.346s] [ext: omni.replicator.isaac-2.0.8] startup
2026-09-09T12:05:53Z [9,340ms] [Warning] [omni.replicator.isaac] omni.replicator.isaac has been deprecated in favor of isaacsim.replicator.domain_randomization, isaacsim.replicator.examples, isaacsim.replicator.writers. Please update your code accordingly.
[9.346s] [ext: omni.replicator.replicator_yaml-2.0.11] startup
[9.358s] [ext: omni.rtx.settings.core-0.6.5] startup
[9.363s] [ext: omni.usd.metrics.assembler.ui-107.3.1] startup
[9.371s] [ext: omni.isaac.utils-2.0.6] startup
[9.372s] [ext: semantics.schema.editor-2.0.2] startup
[9.375s] [ext: omni.kit.ui.actions-1.0.5] startup
[9.376s] [ext: semantics.schema.property-2.0.1] startup
[9.377s] [ext: omni.isaac.version-2.0.7] startup
2026-09-09T12:05:53Z [9,372ms] [Warning] [omni.isaac.version] omni.isaac.version has been deprecated in favor of isaacsim.core.version. Please update your code accordingly.
[9.378s] [ext: omni.isaac.cortex-1.0.5] startup
[9.378s] [ext: omni.anim.curve.core-1.3.1] startup
[9.385s] [ext: isaacsim.core.throttling-2.2.2] startup
[9.387s] [ext: omni.kit.menu.common-2.0.1] startup
[9.389s] [ext: isaacsim.exp.base-5.1.0] startup
[9.389s] [ext: isaacsim.exp.base.python-5.1.0] startup
[9.390s] Simulation App Starting
2026-09-09T12:05:53Z [9,506ms] [Warning] [omni.kvdb.plugin] Disabling key-value database because another kit process is locking it
2026-09-09T12:05:53Z [9,532ms] [Warning] [omni.fabric.plugin] Warning: attribute viewportHandle not found for bucket id 9

[9.608s] app ready
Starting kit application with the following args:  ['/home/hoyunkim/isaacsim/exts/isaacsim.simulation_app/isaacsim/simulation_app/simulation_app.py', '/home/hoyunkim/isaacsim/apps/isaacsim.exp.base.python.kit', '--/app/tokens/exe-path=/home/hoyunkim/isaacsim/kit', '--/persistent/app/viewport/displayOptions=3094', '--/rtx/materialDb/syncLoads=True', '--/rtx/hydra/materialSyncLoads=True', '--/omni.kit.plugin/syncUsdLoads=True', '--/app/renderer/resolution/width=1280', '--/app/renderer/resolution/height=720', '--/app/window/width=1440', '--/app/window/height=900', '--/renderer/multiGpu/enabled=True', '--/app/fastShutdown=True', '--/app/installSignalHandlers=0', '--ext-folder', '/home/hoyunkim/isaacsim/exts', '--ext-folder', '/home/hoyunkim/isaacsim/apps', '--/physics/cudaDevice=0', '--/plugins/carb.tasking.plugin/threadCount=16', '--/plugins/omni.tbb.globalcontrol/maxThreadCount=16', '--portable']
Passing the following args to the base kit application:  ['--payload-kg', '250', '--caster-yaw-deg', '270', '--duration', '85', '--physics-trace', '--report', 'verification/runtime_fix_20260909/final_payload_yaw270.json']
Warp 1.8.2 initialized:
   CUDA Toolkit 12.8, Driver 13.0
   Devices:
     "cpu"      : "x86_64"
     "cuda:0"   : "NVIDIA GeForce RTX 5070 Ti" (15 GiB, sm_120, mempool enabled)
   Kernel cache:
     /home/hoyunkim/.cache/warp/1.8.2
Warp DeprecationWarning: The `warp.sim` module is deprecated and will be removed in v1.10. Please transition to using the forthcoming Newton library instead.
AMR_READY: RGB, depth, scans, joints and odometry are live. /cmd_vel enabled.
[11.379s] Simulation App Startup Complete
[11.388s] [ext: isaacsim.ros2.bridge-4.12.4] startup
[11.672s] Attempting to load system rclpy
[11.672s] Could not import system rclpy: No module named 'rclpy'
[11.672s] Attempting to load internal rclpy for ROS Distro: jazzy
[11.684s] rclpy loaded
2026-09-09T12:05:56Z [12,430ms] [Warning] [rtx.postprocessing.plugin] DLSS increasing input dimensions: Render resolution of (320, 180) is below minimal input resolution of 300.
2026-09-09T12:05:56Z [12,504ms] [Warning] [omni.syntheticdata.plugin] OgnSdPostRenderVarToHost : rendervar copy from texture directly to host buffer is counter-performant. Please use copy from texture to device buffer first.
AMR sim=10.0s ready=True cmd_count=149 camera_frames=[149, 149] scans={'front_right': 100, 'rear_left': 100} tilt_deg=0.000
AMR sim=20.0s ready=True cmd_count=377 camera_frames=[299, 299] scans={'front_right': 200, 'rear_left': 200} tilt_deg=0.000
AMR sim=30.0s ready=True cmd_count=400 camera_frames=[449, 449] scans={'front_right': 300, 'rear_left': 300} tilt_deg=0.000
AMR sim=40.0s ready=True cmd_count=400 camera_frames=[599, 599] scans={'front_right': 400, 'rear_left': 400} tilt_deg=0.000
AMR sim=50.0s ready=True cmd_count=400 camera_frames=[749, 749] scans={'front_right': 500, 'rear_left': 500} tilt_deg=0.000
AMR sim=60.0s ready=True cmd_count=400 camera_frames=[899, 899] scans={'front_right': 600, 'rear_left': 600} tilt_deg=0.000
AMR sim=70.0s ready=True cmd_count=400 camera_frames=[1049, 1049] scans={'front_right': 700, 'rear_left': 700} tilt_deg=0.000
AMR sim=80.0s ready=True cmd_count=400 camera_frames=[1199, 1199] scans={'front_right': 800, 'rear_left': 800} tilt_deg=0.000
Runtime report: verification/runtime_fix_20260909/final_payload_yaw270.json
2026-09-09T12:07:21Z [97,398ms] [Warning] [isaacsim.core.simulation_manager.plugin] No adjacent samples found for interpolation at time 2574/30
2026-09-09T12:07:21Z [97,399ms] [Warning] [isaacsim.core.simulation_manager.plugin] No adjacent samples found for interpolation at time 2574/30
[97.491s] Simulation App Shutting Down
