[Info] [carb] Logging to file: /home/hoyunkim/isaacsim/kit/logs/Kit/Isaac-Sim Python/5.1/kit_20260909_210048.log
2026-09-09T12:00:48Z [0ms] [Warning] [carb.crashreporter-breakpad.plugin] [previous crash] preventing upload of minidump due to user opt-out: '/home/hoyunkim/isaacsim/kit/data/Kit/Isaac-Sim Python/5.1/ef177824-28cb-456c-1d8886ab-7c3f4e6e.dmp'
2026-09-09T12:00:48Z [0ms] [Warning] [carb.crashreporter-breakpad.plugin] [previous crash] preventing upload of minidump due to user opt-out: '/home/hoyunkim/isaacsim/kit/data/Kit/Isaac-Sim Python/5.1/67ac068b-f638-41b4-e07d74b2-b78a46a3.dmp'
2026-09-09T12:00:48Z [0ms] [Warning] [carb.crashreporter-breakpad.plugin] [previous crash] preventing upload of minidump due to user opt-out: '/home/hoyunkim/isaacsim/kit/data/Kit/Isaac-Sim Python/5.1/a8b25471-f584-485e-b0f73096-3091a0e7.dmp'
2026-09-09T12:00:48Z [0ms] [Warning] [carb.crashreporter-breakpad.plugin] [previous crash] preventing upload of minidump due to user opt-out: '/home/hoyunkim/isaacsim/kit/data/Kit/Isaac-Sim Python/5.1/4ff91514-3cce-482b-3d7a418d-975ff533.dmp'
2026-09-09T12:00:48Z [0ms] [Warning] [carb.crashreporter-breakpad.plugin] [previous crash] preventing upload of minidump due to user opt-out: '/home/hoyunkim/isaacsim/kit/data/Kit/Isaac-Sim Python/5.1/a14f1e83-9105-4cc3-8f136382-2f7f62ed.dmp'
[0.024s] [ext: omni.kit.async_engine-0.0.3] startup
[0.194s] [ext: omni.metrics.core-0.0.3] startup
[0.194s] [ext: omni.client.lib-1.1.0] startup
[0.202s] [ext: omni.blobkey-1.1.2] startup
[0.202s] [ext: omni.stats-1.0.1] startup
[0.202s] [ext: omni.datastore-0.0.0] startup
[0.206s] [ext: omni.client-1.3.0] startup
[0.258s] [ext: omni.ujitso.default-1.0.0] startup
[0.259s] [ext: omni.hsscclient-1.1.2] startup
[0.262s] [ext: omni.gpu_foundation.shadercache.vulkan-1.0.0] startup
[0.263s] [ext: omni.assets.plugins-0.0.0] startup
[0.264s] [ext: omni.gpu_foundation-0.0.0] startup
[0.268s] [ext: carb.windowing.plugins-1.0.0] startup
[0.271s] [ext: omni.kit.renderer.init-0.0.0] startup
2026-09-09T12:00:49Z [481ms] [Warning] [gpu.foundation.plugin] Skipping unsupported non-NVIDIA GPU: AMD Ryzen 7 9700X 8-Core Processor (RADV RAPHAEL_MENDOCINO)
2026-09-09T12:00:49Z [481ms] [Warning] [gpu.foundation.plugin] Skipping unsupported non-NVIDIA GPU: AMD Ryzen 7 9700X 8-Core Processor (RADV RAPHAEL_MENDOCINO)

|---------------------------------------------------------------------------------------------|
| Driver Version: 580.142       | Graphics API: Vulkan
|=============================================================================================|
| GPU | Name                             | Active | LDA | GPU Memory | Vendor-ID | LUID       |
|     |                                  |        |     |            | Device-ID | UUID       |
|     |                                  |        |     |            | Bus-ID    |            |
|---------------------------------------------------------------------------------------------|
| 0   | NVIDIA GeForce RTX 5070 Ti       | Yes: 0 |     | 16303   MB | 10de      | 0          |
|     |                                  |        |     |            | 2c05      | 0789213c.. |
|     |                                  |        |     |            | 1         |            |
|---------------------------------------------------------------------------------------------|
| 1   | AMD Ryzen 7 9700X 8-Core Proce.. |        |     | 21992   MB | 1002      | 0          |
|     |                                  |        |     |            | 13c0      | 00000000.. |
|     |                                  |        |     |            | 10        |            |
|=============================================================================================|
| OS: 24.04.4 LTS (Noble Numbat) ubuntu, Version: 24.04.4, Kernel: 6.8.0-110-generic
| XServer Vendor: The X.Org Foundation, XServer Version: 12101011 (1.21.1.11)
| Processor: AMD Ryzen 7 9700X 8-Core Processor
| Cores: 8 | Logical Cores: 16
|---------------------------------------------------------------------------------------------|
| Total Memory (MB): 61882 | Free Memory: 42896
| Total Page/Swap (MB): 2047 | Free Page/Swap: 4
|---------------------------------------------------------------------------------------------|
2026-09-09T12:00:49Z [688ms] [Warning] [gpu.foundation.plugin] IOMMU is enabled.
2026-09-09T12:00:49Z [688ms] [Warning] [gpu.foundation.plugin] Detected IOMMU is enabled. Running CUDA peer-to-peer bandwidth and latency validation.
Unidirectional P2P=Enabled Bandwidth (P2P Writes) Matrix (GB/s)
   D\D     0 
     0 683.21 
P2P=Enabled Latency (P2P Writes) Matrix (us)
   GPU     0 
     0   2.07 

   CPU     0 
     0   1.90 
[0.778s] [ext: omni.kit.pipapi-0.0.0] startup
[0.779s] [ext: omni.kit.pip_archive-0.0.0] startup
[0.780s] [ext: omni.pip.compute-1.6.3] startup
[0.780s] [ext: omni.materialx.libs-1.0.7] startup
[0.784s] [ext: omni.pip.cloud-1.4.3] startup
[0.787s] [ext: omni.isaac.core_archive-3.0.0] startup
[0.787s] [ext: omni.usd.config-1.0.6] startup
[0.789s] [ext: omni.gpucompute.plugins-0.0.0] startup
[0.789s] [ext: omni.usd.libs-1.0.1] startup
[0.833s] [ext: omni.kit.telemetry-0.5.2] startup
[0.848s] [ext: omni.mdl-56.0.3] startup
[0.915s] [ext: omni.iray.libs-0.0.0] startup
[0.920s] [ext: omni.mdl.neuraylib-0.2.12] startup
[0.921s] [ext: omni.kit.usd.mdl-1.1.5] startup
[0.982s] [ext: omni.isaac.ml_archive-3.0.4] startup
[0.983s] [ext: omni.kit.loop-isaac-1.3.7] startup
[0.983s] [ext: omni.kit.test-2.0.1] startup
[1.011s] [ext: omni.appwindow-1.1.10] startup
[1.372s] [ext: omni.kit.renderer.core-1.1.0] startup
[3.680s] [ext: omni.kit.renderer.capture-0.0.0] startup
[3.681s] [ext: omni.kit.renderer.imgui-2.0.5] startup
[3.714s] [ext: omni.ui-2.27.1] startup
[3.720s] [ext: omni.kit.mainwindow-1.0.3] startup
[3.721s] [ext: carb.audio-0.1.0] startup
[3.723s] [ext: omni.uiaudio-1.0.0] startup
[3.723s] [ext: omni.kit.uiapp-0.0.0] startup
[3.723s] [ext: omni.usd.schema.metrics.assembler-107.3.1] startup
[3.725s] [ext: omni.usd.schema.audio-0.0.0] startup
[3.726s] [ext: omni.anim.graph.schema-107.3.3] startup
[3.732s] [ext: omni.usd_resolver-1.0.0] startup
[3.734s] [ext: omni.usd.core-1.5.3] startup
[3.736s] [ext: omni.usd.schema.render_settings.rtx-0.0.0] startup
[3.744s] [ext: omni.usd.schema.semantics-0.0.0] startup
[3.746s] [ext: isaacsim.robot.schema-3.6.0] startup
[3.751s] [ext: omni.usd.schema.geospatial-0.0.0] startup
[3.753s] [ext: omni.usd.schema.anim-0.0.0] startup
[3.761s] [ext: omni.kit.window.popup_dialog-2.0.24] startup
[3.764s] [ext: usdrt.scenegraph-7.6.1] startup
[3.786s] [ext: omni.timeline-1.0.14] startup
[3.787s] [ext: omni.resourcemonitor-107.0.1] startup
[3.788s] [ext: omni.activity.core-1.0.3] startup
[3.789s] [ext: omni.kit.widget.nucleus_connector-2.0.1] startup
[3.790s] [ext: omni.hydra.usdrt_delegate-7.5.1] startup
[3.793s] [ext: omni.kit.actions.core-1.0.0] startup
[3.795s] [ext: omni.graph.exec-0.9.6] startup
[3.795s] [ext: omni.kit.commands-1.4.10] startup
[3.797s] [ext: omni.kit.usd_undo-0.1.8] startup
[3.797s] [ext: omni.kit.exec.core-0.13.4] startup
[3.798s] [ext: omni.kit.audiodeviceenum-1.0.2] startup
[3.799s] [ext: omni.hydra.scene_delegate-0.3.4] startup
[3.801s] [ext: omni.usd-1.13.10] startup
[3.818s] [ext: omni.kit.asset_converter-5.0.17] startup
[3.825s] [ext: omni.usd.schema.flow-107.1.1] startup
[3.825s] [ext: omni.usd.schema.omnigraph-1.0.0] startup
[3.829s] [ext: omni.usd.schema.omni_sensors-0.0.0] startup
[3.829s] [ext: omni.anim.navigation.schema-107.3.3] startup
[3.831s] [ext: omni.inspect-1.0.2] startup
[3.831s] [ext: omni.kit.notification_manager-1.0.10] startup
[3.833s] [ext: omni.graph.core-2.184.5] startup
[3.834s] [ext: isaacsim.core.deprecation_manager-0.2.7] startup
[3.835s] [ext: omni.usd.schema.physx-107.3.26] startup
[3.855s] [ext: omni.usd.schema.isaac-3.0.5] startup
[3.855s] [ext: omni.usd.schema.omniscripting-1.0.0] startup
[3.858s] [ext: omni.usd.schema.omni_lens_distortion-0.0.0] startup
[3.858s] [ext: omni.kvdb-107.3.26] startup
[3.859s] [ext: omni.usdphysics-107.3.26] startup
[3.860s] [ext: omni.physx.foundation-107.3.26] startup
[3.861s] [ext: omni.localcache-107.3.26] startup
[3.862s] [ext: omni.convexdecomposition-107.3.26] startup
[3.863s] [ext: omni.physx.cooking-107.3.26] startup
[3.865s] [ext: omni.physx-107.3.26] startup
[3.871s] [ext: omni.physics-107.3.26] startup
[3.872s] [ext: omni.kit.usd.layers-2.2.11] startup
[3.877s] [ext: omni.physics.physx-107.3.26] startup
2026-09-09T12:00:52Z [3,871ms] [Warning] [carb] Acquiring non optional plugin interface which is not listed as dependency: [omni::physx::IPhysxBenchmarks v1.0] (plugin: <default plugin>), by client: omni.physics.physx.plugin. Add it to CARB_PLUGIN_IMPL_DEPS() macro of a client.
[3.878s] [ext: omni.physics.stageupdate-107.3.26] startup
[3.879s] [ext: omni.kit.numpy.common-0.1.3] startup
[3.880s] [ext: isaacsim.core.version-2.0.6] startup
[3.880s] [ext: omni.isaac.dynamic_control-2.0.7] startup
2026-09-09T12:00:52Z [3,876ms] [Warning] [omni.isaac.dynamic_control] omni.isaac.dynamic_control is deprecated as of Isaac Sim 4.5. No action is needed from end-users.
[3.883s] [ext: isaacsim.storage.native-1.5.1] startup
[3.884s] [ext: omni.kit.menu.core-1.1.2] startup
[3.885s] [ext: omni.kit.helper.file_utils-0.1.9] startup
[3.885s] [ext: omni.usd.metrics.assembler-107.3.1] startup
[3.889s] [ext: omni.kit.widget.context_menu-1.2.5] startup
[3.889s] [ext: omni.warp.core-1.8.2] startup
[4.005s] [ext: omni.usd.metrics.assembler.physics-107.3.26] startup
[4.006s] [ext: omni.physics.tensors-107.3.26] startup
[4.009s] [ext: omni.kit.context_menu-1.8.6] startup
[4.010s] [ext: omni.kit.clipboard-1.0.5] startup
[4.010s] [ext: isaacsim.core.utils-3.5.1] startup
[4.012s] [ext: omni.kit.widget.filebrowser-2.12.3] startup
[4.014s] [ext: omni.kit.widget.options_menu-1.1.6] startup
[4.016s] [ext: omni.kit.widget.path_field-2.0.11] startup
[4.016s] [ext: omni.index.libs-380600.8087.0] startup
[4.016s] [ext: omni.ui.scene-1.11.5] startup
[4.019s] [ext: omni.kit.widget.options_button-1.0.3] startup
[4.019s] [ext: omni.kit.widget.browser_bar-2.0.10] startup
[4.020s] [ext: omni.index-1.0.1] startup
[4.020s] [ext: omni.hydra.rtx.shadercache.vulkan-1.0.0] startup
[4.020s] [ext: omni.kit.window.filepicker-2.13.4] startup
[4.028s] [ext: omni.volume-0.5.2] startup
[4.029s] [ext: omni.ujitso.client-0.0.0] startup
[4.030s] [ext: omni.graph.tools-1.79.2] startup
[4.042s] [ext: omni.graph.image.core-0.6.1] startup
[4.042s] [ext: omni.hydra.rtx-1.0.0] startup
2026-09-09T12:00:52Z [4,046ms] [Warning] [omni.log] Source: omni.hydra was already registered.
[4.060s] [ext: omni.kit.window.file_importer-1.1.18] startup
[4.061s] [ext: omni.kit.menu.utils-2.0.5] startup
[4.065s] [ext: omni.graph.image.nodes-1.3.1] startup
[4.066s] [ext: omni.kit.widget.searchable_combobox-1.0.6] startup
[4.066s] [ext: omni.kit.hydra_texture-1.4.6] startup
[4.068s] [ext: omni.kit.material.library-2.0.7] startup
[4.071s] [ext: omni.hydra.engine.stats-1.0.3] startup
[4.072s] [ext: omni.kit.viewport.scene_camera_model-1.0.6] startup
[4.074s] [ext: omni.kit.widget.settings-1.2.6] startup
[4.075s] [ext: omni.kit.viewport.legacy_gizmos-1.0.19] startup
[4.076s] [ext: omni.kit.widget.viewport-107.1.3] startup
[4.078s] [ext: omni.kit.viewport.registry-104.0.6] startup
[4.079s] [ext: omni.kit.raycast.query-1.1.0] startup
[4.081s] [ext: omni.physx.tensors-107.3.26] startup
[4.084s] [ext: omni.kit.window.drop_support-1.0.5] startup
[4.084s] [ext: omni.kit.primitive.mesh-1.0.17] startup
[4.086s] [ext: omni.kit.viewport.window-107.2.0] startup
[4.098s] [ext: omni.kit.window.preferences-1.8.0] startup
[4.101s] [ext: isaacsim.core.simulation_manager-1.4.4] startup
[4.834s] [ext: omni.graph.action_core-1.1.7] startup
[4.834s] [ext: omni.graph-1.141.2] startup
[4.858s] [ext: omni.kit.viewport.utility-1.1.2] startup
[4.858s] [ext: omni.kit.viewport.menubar.core-107.2.1] startup
[4.866s] [ext: isaacsim.core.prims-0.6.1] startup
[4.882s] [ext: omni.graph.action_nodes-1.50.4] startup
[4.884s] [ext: omni.kit.stage_template.core-1.1.22] startup
[4.885s] [ext: omni.syntheticdata-0.6.13] startup
[4.902s] [ext: omni.graph.nodes-1.170.10] startup
[4.910s] [ext: omni.graph.action-1.130.0] startup
[4.911s] [ext: omni.kit.stage_templates-2.0.0] startup
[4.920s] [ext: omni.kit.widget.filter-1.1.4] startup
[4.923s] [ext: omni.kit.widget.graph-2.0.0] startup
[4.927s] [ext: omni.kit.property.adapter.core-1.0.2] startup
[4.929s] [ext: omni.kit.window.file_exporter-1.0.33] startup
[4.930s] [ext: omni.kit.widget.searchfield-1.1.8] startup
[4.931s] [ext: omni.kit.hotkeys.core-1.3.10] startup
[4.931s] [ext: omni.kit.graph.delegate.default-1.2.3] startup
[4.932s] [ext: omni.kit.property.adapter.fabric-1.0.3] startup
[4.933s] [ext: omni.kit.widget.stage-3.1.4] startup
[4.939s] [ext: omni.kit.property.adapter.usd-1.0.2] startup
[4.940s] [ext: omni.kit.graph.editor.core-1.5.3] startup
[4.941s] [ext: omni.kit.widget.material_preview-1.0.16] startup
[4.942s] [ext: omni.kit.widget.highlight_label-1.0.3] startup
[4.943s] [ext: omni.kit.window.file-2.0.5] startup
[4.944s] [ext: omni.kit.window.content_browser_registry-0.0.6] startup
[4.945s] [ext: omni.kit.window.property-1.12.1] startup
[4.947s] [ext: omni.kit.window.content_browser-3.1.3] startup
[4.953s] [ext: omni.kit.graph.usd.commands-1.3.1] startup
[4.954s] [ext: omni.kit.property.usd-4.5.12] startup
[4.960s] [ext: omni.graph.ui_nodes-1.50.5] startup
[4.961s] [ext: omni.videoencoding-0.1.2] startup
[4.963s] [ext: omni.kit.window.material_graph-1.9.1] startup
[4.970s] [ext: omni.warp-1.8.2] startup
[4.975s] [ext: isaacsim.core.api-4.8.0] startup
[4.999s] [ext: omni.graph.scriptnode-1.50.0] startup
[5.008s] [ext: isaacsim.test.docstring-1.1.0] startup
[5.012s] [ext: isaacsim.core.experimental.utils-0.3.0] startup
[5.019s] [ext: omni.replicator.core-1.12.27] startup
2026-09-09T12:00:53Z [5,028ms] [Warning] [pxr.Semantics] pxr.Semantics is deprecated - please use Semantics instead
2026-09-09T12:00:53Z [5,089ms] [Warning] [omni.graph.core.plugin] Found duplicate of category 'Replicator' - was 'Annotators', adding 'Fabric Reader'
2026-09-09T12:00:53Z [5,089ms] [Warning] [omni.graph.core.plugin] Category 'Replicator' not accepted on node type 'omni.replicator.core.FabricReader' in extension 'omni.replicator.core'
2026-09-09T12:00:53Z [5,089ms] [Warning] [omni.replicator.core.scripts.extension] No material configuration file, adding configuration to material settings directly.
[5.098s] [ext: isaacsim.core.experimental.prims-0.8.1] startup
[5.130s] [ext: omni.kit.window.extensions-1.4.27] startup
[5.140s] [ext: isaacsim.core.experimental.objects-0.4.0] startup
[5.147s] [ext: omni.ui_query-1.1.8] startup
[5.149s] [ext: omni.kit.manipulator.viewport-107.0.1] startup
[5.151s] [ext: isaacsim.robot.surface_gripper-3.3.1] startup
[5.153s] [ext: omni.kit.ui_test-1.3.7] startup
[5.156s] [ext: omni.graph.visualization.nodes-2.1.3] startup
[5.182s] [ext: isaacsim.robot_motion.lula-4.0.8] startup
[5.188s] [ext: isaacsim.core.nodes-3.4.3] startup
[5.194s] [ext: isaacsim.gui.components-1.2.1] startup
[5.201s] [ext: isaacsim.robot_motion.motion_generation-8.0.26] startup
[5.214s] [ext: isaacsim.robot.manipulators-3.3.6] startup
[5.222s] [ext: isaacsim.core.experimental.materials-0.4.0] startup
[5.233s] [ext: isaacsim.robot.manipulators.examples-1.1.2] startup
[5.236s] [ext: isaacsim.cortex.framework-1.0.12] startup
[5.238s] [ext: isaacsim.cortex.behaviors-2.0.14] startup
[5.240s] [ext: omni.isaac.cortex.sample_behaviors-2.0.5] startup
2026-09-09T12:00:53Z [5,235ms] [Warning] [omni.isaac.cortex] omni.isaac.cortex has been deprecated in favor of isaacsim.cortex.framework. Please update your code accordingly.
2026-09-09T12:00:53Z [5,236ms] [Warning] [omni.isaac.cortex.sample_behaviors] omni.isaac.cortex.sample_behaviors has been deprecated in favor of isaacsim.cortex.behaviors. Please update your code accordingly.
[5.242s] [ext: omni.kit.widget.zoombar-1.0.6] startup
[5.246s] [ext: isaacsim.gui.content_browser-0.1.11] startup
[5.254s] [ext: omni.kit.browser.core-2.3.13] startup
[5.288s] [ext: omni.kit.widget.stage_icons-1.0.8] startup
[5.302s] [ext: omni.kit.widget.prompt-1.0.7] startup
[5.332s] [ext: omni.kit.usd.collect-2.4.5] startup
[5.340s] [ext: omni.kit.browser.folder.core-1.10.9] startup
[5.413s] [ext: omni.kit.window.stage-2.6.1] startup
[5.509s] [ext: omni.kit.usdz_export-1.0.9] startup
[5.535s] [ext: omni.kit.tool.collect-2.2.18] startup
[5.544s] [ext: omni.kit.menu.stage-1.2.7] startup
[5.546s] [ext: omni.kit.tool.asset_importer-4.3.2] startup
[5.553s] [ext: isaacsim.robot.wheeled_robots-4.0.24] startup
[5.555s] [ext: isaacsim.examples.browser-0.2.1] startup
[5.559s] [ext: isaacsim.asset.importer.urdf-2.4.30] startup
[5.597s] [ext: omni.isaac.wheeled_robots-3.0.7] startup
2026-09-09T12:00:54Z [5,591ms] [Warning] [omni.isaac.wheeled_robots] omni.isaac.wheeled_robots has been deprecated in favor of isaacsim.robot.wheeled_robots. Please update your code accordingly.
2026-09-09T12:00:54Z [5,591ms] [Warning] [omni.isaac.wheeled_robots.controllers] omni.isaac.wheeled_robots has been deprecated in favor of isaacsim.robot.wheeled_robots. Please update your code accordingly.
2026-09-09T12:00:54Z [5,592ms] [Warning] [omni.isaac.wheeled_robots.controllers.ackermann_controller] omni.isaac.wheeled_robots has been deprecated in favor of isaacsim.robot.wheeled_robots. Please update your code accordingly.
2026-09-09T12:00:54Z [5,592ms] [Warning] [omni.isaac.wheeled_robots.controllers.differential_controller] omni.isaac.wheeled_robots has been deprecated in favor of isaacsim.robot.wheeled_robots. Please update your code accordingly.
2026-09-09T12:00:54Z [5,592ms] [Warning] [omni.isaac.wheeled_robots.controllers.holonomic_controller] omni.isaac.wheeled_robots has been deprecated in favor of isaacsim.robot.wheeled_robots. Please update your code accordingly.
2026-09-09T12:00:54Z [5,592ms] [Warning] [omni.isaac.wheeled_robots.controllers.quintic_path_planner] omni.isaac.wheeled_robots has been deprecated in favor of isaacsim.robot.wheeled_robots. Please update your code accordingly.
2026-09-09T12:00:54Z [5,592ms] [Warning] [omni.isaac.wheeled_robots.controllers.stanley_control] omni.isaac.wheeled_robots has been deprecated in favor of isaacsim.robot.wheeled_robots. Please update your code accordingly.
2026-09-09T12:00:54Z [5,595ms] [Warning] [omni.isaac.wheeled_robots.controllers.wheel_base_pose_controller] omni.isaac.wheeled_robots has been deprecated in favor of isaacsim.robot.wheeled_robots. Please update your code accordingly.
2026-09-09T12:00:54Z [5,595ms] [Warning] [omni.isaac.wheeled_robots.impl] omni.isaac.wheeled_robots has been deprecated in favor of isaacsim.robot.wheeled_robots. Please update your code accordingly.
2026-09-09T12:00:54Z [5,595ms] [Warning] [omni.isaac.wheeled_robots.robots] omni.isaac.wheeled_robots has been deprecated in favor of isaacsim.robot.wheeled_robots. Please update your code accordingly.
2026-09-09T12:00:54Z [5,595ms] [Warning] [omni.isaac.wheeled_robots.robots.holonomic_robot_usd_setup] omni.isaac.wheeled_robots has been deprecated in favor of isaacsim.robot.wheeled_robots. Please update your code accordingly.
2026-09-09T12:00:54Z [5,595ms] [Warning] [omni.isaac.wheeled_robots.robots.wheeled_robot] omni.isaac.wheeled_robots has been deprecated in favor of isaacsim.robot.wheeled_robots. Please update your code accordingly.
[5.602s] [ext: isaacsim.simulation_app-2.12.2] startup
[5.603s] [ext: omni.isaac.franka-1.0.7] startup
2026-09-09T12:00:54Z [5,597ms] [Warning] [omni.isaac.franka] omni.isaac.franka has been deprecated in favor of isaacsim.robot.manipulators.examples.franka. Please update your code accordingly.
2026-09-09T12:00:54Z [5,597ms] [Warning] [omni.isaac.franka.franka] omni.isaac.franka has been deprecated in favor of isaacsim.robot.manipulators.examples.franka. Please update your code accordingly.
2026-09-09T12:00:54Z [5,609ms] [Warning] [omni.isaac.franka.kinematics_solver] omni.isaac.franka has been deprecated in favor of isaacsim.robot.manipulators.examples.franka. Please update your code accordingly.
[5.616s] [ext: omni.isaac.kit-2.0.6] startup
2026-09-09T12:00:54Z [5,611ms] [Warning] [omni.isaac.kit] omni.isaac.kit has been deprecated in favor of isaacsim.simulation_app. Please update your code accordingly.
[5.618s] [ext: omni.kit.selection-0.1.6] startup
[5.618s] [ext: omni.isaac.lula-4.0.6] startup
2026-09-09T12:00:54Z [5,612ms] [Warning] [omni.isaac.lula] omni.isaac.lula has been deprecated in favor of isaacsim.robot_motion.lula. Please update your code accordingly.
[5.619s] [ext: isaacsim.robot_motion.lula_test_widget-1.0.12] startup
[5.620s] [ext: isaacsim.asset.browser-1.3.23] startup
[5.660s] [ext: omni.kit.viewport.actions-107.0.2] startup
[5.663s] [ext: isaacsim.gui.menu-2.4.4] startup
[5.667s] [ext: omni.isaac.manipulators-3.0.7] startup
2026-09-09T12:00:54Z [5,661ms] [Warning] [omni.isaac.manipulators] omni.isaac.manipulators has been deprecated in favor of isaacsim.robot.manipulators. Please update your code accordingly.
2026-09-09T12:00:54Z [5,662ms] [Warning] [omni.isaac.manipulators.controllers] omni.isaac.manipulators has been deprecated in favor of isaacsim.robot.manipulators. Please update your code accordingly.
2026-09-09T12:00:54Z [5,662ms] [Warning] [omni.isaac.manipulators.controllers.pick_place_controller] omni.isaac.manipulators has been deprecated in favor of isaacsim.robot.manipulators. Please update your code accordingly.
2026-09-09T12:00:54Z [5,663ms] [Warning] [omni.isaac.manipulators.controllers.stacking_controller] omni.isaac.manipulators has been deprecated in favor of isaacsim.robot.manipulators. Please update your code accordingly.
2026-09-09T12:00:54Z [5,663ms] [Warning] [omni.isaac.manipulators.grippers] omni.isaac.manipulators has been deprecated in favor of isaacsim.robot.manipulators. Please update your code accordingly.
2026-09-09T12:00:54Z [5,663ms] [Warning] [omni.isaac.manipulators.grippers.gripper] omni.isaac.manipulators has been deprecated in favor of isaacsim.robot.manipulators. Please update your code accordingly.
2026-09-09T12:00:54Z [5,663ms] [Warning] [omni.isaac.manipulators.grippers.parallel_gripper] omni.isaac.manipulators has been deprecated in favor of isaacsim.robot.manipulators. Please update your code accordingly.
2026-09-09T12:00:54Z [5,663ms] [Warning] [omni.isaac.manipulators.grippers.surface_gripper] omni.isaac.manipulators has been deprecated in favor of isaacsim.robot.manipulators. Please update your code accordingly.
2026-09-09T12:00:54Z [5,663ms] [Warning] [omni.isaac.manipulators.manipulators] omni.isaac.manipulators has been deprecated in favor of isaacsim.robot.manipulators. Please update your code accordingly.
2026-09-09T12:00:54Z [5,663ms] [Warning] [omni.isaac.manipulators.manipulators.single_manipulator] omni.isaac.manipulators has been deprecated in favor of isaacsim.robot.manipulators. Please update your code accordingly.
[5.670s] [ext: omni.isaac.lula_test_widget-1.0.6] startup
2026-09-09T12:00:54Z [5,664ms] [Warning] [omni.isaac.lula_test_widget] omni.isaac.lula_test_widget has been deprecated in favor of isaacsim.robot_motion.lula_test_widget. Please update your code accordingly.
[5.671s] [ext: omni.isaac.asset_browser-1.0.6] startup
2026-09-09T12:00:54Z [5,666ms] [Warning] [omni.isaac.asset_browser] omni.isaac.asset_browser has been deprecated in favor of isaacsim.asset.browser. Please update your code accordingly.
[5.673s] [ext: omni.kit.viewport.menubar.display-107.0.3] startup
[5.675s] [ext: omni.isaac.menu-1.0.6] startup
2026-09-09T12:00:54Z [5,669ms] [Warning] [omni.isaac.menu] omni.isaac.menu has been deprecated in favor of isaacsim.gui.menu. Please update your code accordingly.
[5.676s] [ext: omni.isaac.motion_generation-8.0.7] startup
2026-09-09T12:00:54Z [5,670ms] [Warning] [omni.isaac.motion_generation] omni.isaac.motion_generation has been deprecated in favor of isaacsim.robot_motion.motion_generation. Please update your code accordingly.
2026-09-09T12:00:54Z [5,670ms] [Warning] [omni.isaac.motion_generation.articulation_kinematics_solver] omni.isaac.motion_generation has been deprecated in favor of isaacsim.robot_motion.motion_generation. Please update your code accordingly.
2026-09-09T12:00:54Z [5,670ms] [Warning] [omni.isaac.motion_generation.articulation_motion_policy] omni.isaac.motion_generation has been deprecated in favor of isaacsim.robot_motion.motion_generation. Please update your code accordingly.
2026-09-09T12:00:54Z [5,671ms] [Warning] [omni.isaac.motion_generation.articulation_trajectory] omni.isaac.motion_generation has been deprecated in favor of isaacsim.robot_motion.motion_generation. Please update your code accordingly.
2026-09-09T12:00:54Z [5,671ms] [Warning] [omni.isaac.motion_generation.kinematics_interface] omni.isaac.motion_generation has been deprecated in favor of isaacsim.robot_motion.motion_generation. Please update your code accordingly.
2026-09-09T12:00:54Z [5,671ms] [Warning] [omni.isaac.motion_generation.lula] omni.isaac.motion_generation has been deprecated in favor of isaacsim.robot_motion.motion_generation. Please update your code accordingly.
2026-09-09T12:00:54Z [5,671ms] [Warning] [omni.isaac.motion_generation.lula.kinematics] omni.isaac.motion_generation has been deprecated in favor of isaacsim.robot_motion.motion_generation. Please update your code accordingly.
2026-09-09T12:00:54Z [5,671ms] [Warning] [omni.isaac.motion_generation.lula.motion_policies] omni.isaac.motion_generation has been deprecated in favor of isaacsim.robot_motion.motion_generation. Please update your code accordingly.
2026-09-09T12:00:54Z [5,671ms] [Warning] [omni.isaac.motion_generation.lula.path_planners] omni.isaac.motion_generation has been deprecated in favor of isaacsim.robot_motion.motion_generation. Please update your code accordingly.
2026-09-09T12:00:54Z [5,672ms] [Warning] [omni.isaac.motion_generation.lula.trajectory_generator] omni.isaac.motion_generation has been deprecated in favor of isaacsim.robot_motion.motion_generation. Please update your code accordingly.
2026-09-09T12:00:54Z [5,672ms] [Warning] [omni.isaac.motion_generation.motion_policy_controller] omni.isaac.motion_generation has been deprecated in favor of isaacsim.robot_motion.motion_generation. Please update your code accordingly.
2026-09-09T12:00:54Z [5,672ms] [Warning] [omni.isaac.motion_generation.motion_policy_interface] omni.isaac.motion_generation has been deprecated in favor of isaacsim.robot_motion.motion_generation. Please update your code accordingly.
2026-09-09T12:00:54Z [5,672ms] [Warning] [omni.isaac.motion_generation.path_planner_visualizer] omni.isaac.motion_generation has been deprecated in favor of isaacsim.robot_motion.motion_generation. Please update your code accordingly.
2026-09-09T12:00:54Z [5,672ms] [Warning] [omni.isaac.motion_generation.path_planning_interface] omni.isaac.motion_generation has been deprecated in favor of isaacsim.robot_motion.motion_generation. Please update your code accordingly.
2026-09-09T12:00:54Z [5,672ms] [Warning] [omni.isaac.motion_generation.trajectory] omni.isaac.motion_generation has been deprecated in favor of isaacsim.robot_motion.motion_generation. Please update your code accordingly.
2026-09-09T12:00:54Z [5,672ms] [Warning] [omni.isaac.motion_generation.world_interface] omni.isaac.motion_generation has been deprecated in favor of isaacsim.robot_motion.motion_generation. Please update your code accordingly.
[5.679s] [ext: omni.isaac.assets_check-0.3.13] startup
2026-09-09T12:00:54Z [5,673ms] [Warning] [omni.isaac.assets_check] omni.isaac.assets_check has been deprecated in favor of isaacsim.asset.browser. Please update your code accordingly.
[5.679s] [ext: isaacsim.gui.sensors.icon-2.0.3] startup
[5.687s] [ext: isaacsim.asset.importer.mjcf-2.5.13] startup
[5.690s] [ext: omni.sensors.nv.common-3.0.0] startup
[5.695s] [ext: isaacsim.sensors.physics-0.4.3] startup
[5.699s] [ext: omni.sensors.net-1.0.0] startup
[5.701s] [ext: omni.isaac.nucleus-1.0.6] startup
2026-09-09T12:00:54Z [5,695ms] [Warning] [omni.isaac.nucleus] omni.isaac.nucleus has been deprecated in favor of isaacsim.storage.native. Please update your code accordingly.
2026-09-09T12:00:54Z [5,695ms] [Warning] [omni.isaac.nucleus.nucleus] omni.isaac.nucleus.nucleus has been deprecated in favor of isaacsim.storage.native. Please update your code accordingly.
[5.702s] [ext: omni.sensors.nv.materials-2.0.0] startup
[5.704s] [ext: isaacsim.robot.policy.examples-4.1.11] startup
[5.706s] [ext: omni.sensors.nv.wpm-3.0.0] startup
[5.707s] [ext: omni.sensors.nv.lidar-3.0.0] startup
[5.711s] [ext: isaacsim.util.debug_draw-3.1.0] startup
[5.713s] [ext: omni.sensors.nv.radar-3.0.0] startup
[5.715s] [ext: omni.sensors.nv.ids-2.0.0] startup
[5.730s] [ext: isaacsim.core.cloner-1.4.10] startup
[5.732s] [ext: isaacsim.sensors.physx-2.3.2] startup
[5.734s] [ext: isaacsim.sensors.rtx-15.8.4] startup
[5.739s] [ext: isaacsim.sensors.camera-1.3.6] startup
[5.745s] [ext: omni.isaac.quadruped-3.0.7] startup
2026-09-09T12:00:54Z [5,740ms] [Warning] [omni.isaac.quadruped] omni.isaac.quadruped has been deprecated in favor of isaacsim.robot.policy.examples. Please update your code accordingly.
[5.746s] [ext: omni.isaac.cloner-1.0.7] startup
2026-09-09T12:00:54Z [5,741ms] [Warning] [omni.isaac.cloner] omni.isaac.cloner has been deprecated in favor of isaacsim.core.cloner. Please update your code accordingly.
[5.748s] [ext: omni.isaac.range_sensor-4.0.6] startup
2026-09-09T12:00:54Z [5,743ms] [Warning] [omni.isaac.range_sensor] omni.isaac.range_sensor has been deprecated in favor of isaacsim.sensors.physx. Please update your code accordingly.
2026-09-09T12:00:54Z [5,743ms] [Warning] [omni.isaac.range_sensor.commands] omni.isaac.range_sensor.commands has been deprecated in favor of isaacsim.sensors.physx.commands. Please update your code accordingly.
[5.751s] [ext: omni.isaac.sensor-13.0.7] startup
2026-09-09T12:00:54Z [5,746ms] [Warning] [omni.isaac.sensor] omni.isaac.sensor has been deprecated in favor of isaacsim.sensors.camera, isaacsim.sensors.physics, isaacsim.sensors.physx, and isaacsim.sensors.rtx. Please update your code accordingly.
2026-09-09T12:00:54Z [5,746ms] [Warning] [omni.isaac.sensor.camera] omni.isaac.sensor.camera has been deprecated in favor of isaacsim.sensors.camera.camera. Please update your code accordingly.
2026-09-09T12:00:54Z [5,746ms] [Warning] [omni.isaac.sensor.camera_view] omni.isaac.sensor.camera_view has been deprecated in favor of isaacsim.sensors.camera.camera_view. Please update your code accordingly.
2026-09-09T12:00:54Z [5,747ms] [Warning] [omni.isaac.sensor.commands] omni.isaac.sensor.commands has been deprecated in favor of isaacsim.sensors.physics.commands, isaacsim.sensors.physx.commands, and isaacsim.sensors.rtx.commands. Please update your code accordingly.
2026-09-09T12:00:54Z [5,747ms] [Warning] [omni.isaac.sensor.contact_sensor] omni.isaac.sensor.contact_sensor has been deprecated in favor of isaacsim.sensors.physics.contact_sensor. Please update your code accordingly.
2026-09-09T12:00:54Z [5,747ms] [Warning] [omni.isaac.sensor.imu_sensor] omni.isaac.sensor.imu_sensor has been deprecated in favor of isaacsim.sensors.physics.imu_sensor. Please update your code accordingly.
2026-09-09T12:00:54Z [5,747ms] [Warning] [omni.isaac.sensor.lidar_rtx] omni.isaac.sensor.lidar_rtx has been deprecated in favor of isaacsim.sensors.rtx.lidar_rtx. Please update your code accordingly.
2026-09-09T12:00:54Z [5,747ms] [Warning] [omni.isaac.sensor.rotating_lidar_physX] omni.isaac.sensor.imu_sensor has been deprecated in favor of isaacsim.sensors.physix.rotating_lidar_physX. Please update your code accordingly.
2026-09-09T12:00:54Z [5,747ms] [Warning] [omni.isaac.sensor.scripts.samples.contact_sensor] omni.isaac.sensor.scripts.samples.contact_sensor has been deprecated in favor of isaacsim.sensors.physics.scripts.samples.contact_sensor. Please update your code accordingly.
2026-09-09T12:00:54Z [5,747ms] [Warning] [omni.isaac.sensor.scripts.samples.imu_sensor] omni.isaac.sensor.scripts.samples.imu_sensor has been deprecated in favor of isaacsim.sensors.physics.scripts.samples.imu_sensor. Please update your code accordingly.
2026-09-09T12:00:54Z [5,747ms] [Warning] [omni.isaac.sensor.scripts.samples.lightbeam_sensor] omni.isaac.sensor.scripts.samples.lightbeam_sensor has been deprecated in favor of isaacsim.sensors.physx.scripts.samples.lightbeam_sensor. Please update your code accordingly.
[5.754s] [ext: omni.kit.menu.create-2.0.1] startup
[5.756s] [ext: omni.kit.widget.toolbar-2.0.1] startup
[5.764s] [ext: omni.kit.manipulator.transform-107.0.0] startup
[5.767s] [ext: omni.isaac.core-4.0.7] startup
2026-09-09T12:00:54Z [5,760ms] [Warning] [omni.isaac.core.physics_context.physics_context] omni.isaac.core.physics_context.physics_context has been deprecated in favor of isaacsim.core.api.physics_context.physics_context. Please update your code accordingly.
2026-09-09T12:00:54Z [5,761ms] [Warning] [omni.isaac.core.simulation_context.simulation_context] omni.isaac.core.simulation_context.simulation_context has been deprecated in favor of isaacsim.core.api.simulation_context.simulation_context. Please update your code accordingly.
2026-09-09T12:00:54Z [5,761ms] [Warning] [omni.isaac.core.world.world] omni.isaac.core.world.world has been deprecated in favor of isaacsim.core.api.world.world. Please update your code accordingly.
2026-09-09T12:00:54Z [5,761ms] [Warning] [omni.isaac.core] omni.isaac.core has been deprecated in favor of isaacsim.core.api. Please update your code accordingly.
[5.767s] [ext: omni.kit.scripting-107.3.2] startup
[5.771s] [ext: omni.kit.manipulator.tool.snap-1.5.13] startup
[5.774s] [ext: omni.kit.manipulator.selector-1.1.3] startup
[5.775s] [ext: isaacsim.app.about-2.0.11] startup
[5.778s] [ext: isaacsim.replicator.behavior-1.1.16] startup
[5.779s] [ext: omni.kit.viewport.manipulator.transform-107.0.4] startup
[5.780s] [ext: omni.isaac.window.about-2.0.7] startup
2026-09-09T12:00:54Z [5,774ms] [Warning] [omni.isaac.window.about] omni.isaac.window.about has been deprecated in favor of isaacsim.app.about. Please update your code accordingly.
2026-09-09T12:00:54Z [5,775ms] [Warning] [omni.isaac.window.about.about] omni.isaac.window.about.about has been deprecated in favor of isaacsim.app.about.about. Please update your code accordingly.
[5.781s] [ext: omni.fabric.commands-1.1.6] startup
[5.783s] [ext: omni.kit.manipulator.prim.core-107.0.8] startup
[5.787s] [ext: omni.kit.property.audio-1.0.16] startup
[5.788s] [ext: omni.kit.property.camera-1.0.10] startup
[5.789s] [ext: omni.kit.property.geometry-2.0.4] startup
[5.791s] [ext: omni.hydra.scene_api-0.1.2] startup
[5.793s] [ext: omni.kit.property.light-1.0.12] startup
[5.799s] [ext: omni.kit.manipulator.prim.fabric-107.0.4] startup
[5.800s] [ext: omni.kit.manipulator.prim.usd-107.0.3] startup
[5.801s] [ext: omni.kit.property.material-1.11.9] startup
[5.804s] [ext: omni.kit.property.render-1.2.1] startup
[5.805s] [ext: omni.kit.property.transform-1.5.13] startup
[5.808s] [ext: isaacsim.gui.property-1.1.3] startup
[5.809s] [ext: omni.kit.manipulator.camera-106.0.4] startup
[5.811s] [ext: omni.kit.manipulator.prim-107.0.0] startup
[5.811s] [ext: omni.isaac.surface_gripper-2.0.6] startup
2026-09-09T12:00:54Z [5,805ms] [Warning] [omni.isaac.surface_gripper] omni.isaac.surface_gripper has been deprecated in favor of isaacsim.robot.surface_gripper. Please update your code accordingly.
[5.812s] [ext: omni.kit.manipulator.selection-106.0.1] startup
[5.814s] [ext: omni.kit.property.bundle-1.4.1] startup
[5.815s] [ext: omni.kit.property.isaac-1.0.6] startup
2026-09-09T12:00:54Z [5,809ms] [Warning] [omni.kit.property.isaac] omni.kit.property.isaac has been deprecated in favor of isaacsim.gui.property. Please update your code accordingly.
2026-09-09T12:00:54Z [5,809ms] [Warning] [omni.kit.property.isaac.widgets] omni.kit.property.isaac.widgets has been deprecated in favor of isaacsim.gui.property.widgets. Please update your code accordingly.
[5.815s] [ext: omni.isaac.universal_robots-1.0.6] startup
2026-09-09T12:00:54Z [5,809ms] [Warning] [omni.isaac.universal_robots] omni.isaac.universal_robots has been deprecated in favor of isaacsim.robot.manipulators.examples.universal_robots. Please update your code accordingly.
2026-09-09T12:00:54Z [5,809ms] [Warning] [omni.isaac.universal_robots.kinematics_solver] omni.isaac.franka has been deprecated in favor of isaacsim.robot.manipulators.examples.universal_robots. Please update your code accordingly.
2026-09-09T12:00:54Z [5,810ms] [Warning] [omni.isaac.universal_robots.ur10] omni.isaac.franka has been deprecated in favor of isaacsim.robot.manipulators.examples.universal_robots. Please update your code accordingly.
[5.816s] [ext: omni.isaac.core_nodes-2.0.6] startup
2026-09-09T12:00:54Z [5,811ms] [Warning] [omni.isaac.core_nodes] omni.isaac.core_nodes has been deprecated in favor of isaacsim.core.nodes. Please update your code accordingly.
[5.818s] [ext: omni.kit.viewport.menubar.camera-107.0.6] startup
[5.822s] [ext: omni.kit.viewport.menubar.lighting-107.3.1] startup
[5.824s] [ext: isaacsim.replicator.writers-1.0.17] startup
[5.832s] [ext: omni.kit.viewport.menubar.render-107.0.10] startup
[5.836s] [ext: omni.kit.viewport.menubar.settings-107.0.3] startup
[5.841s] [ext: omni.kit.window.console-1.1.4] startup
[5.843s] [ext: isaacsim.replicator.domain_randomization-1.0.16] startup
[5.844s] [ext: isaacsim.replicator.examples-1.3.6] startup
[5.846s] [ext: omni.ocio-0.1.1] startup
[5.847s] [ext: omni.rtx.window.settings-0.6.19] startup
[5.857s] [ext: omni.kit.window.status_bar-0.1.9] startup
[5.861s] [ext: omni.kit.window.toolbar-2.0.0] startup
[5.862s] [ext: omni.replicator.isaac-2.0.8] startup
2026-09-09T12:00:54Z [5,856ms] [Warning] [omni.replicator.isaac] omni.replicator.isaac has been deprecated in favor of isaacsim.replicator.domain_randomization, isaacsim.replicator.examples, isaacsim.replicator.writers. Please update your code accordingly.
[5.863s] [ext: omni.replicator.replicator_yaml-2.0.11] startup
[5.873s] [ext: omni.rtx.settings.core-0.6.5] startup
[5.877s] [ext: omni.usd.metrics.assembler.ui-107.3.1] startup
[5.883s] [ext: omni.isaac.utils-2.0.6] startup
[5.884s] [ext: semantics.schema.editor-2.0.2] startup
[5.887s] [ext: omni.kit.ui.actions-1.0.5] startup
[5.888s] [ext: semantics.schema.property-2.0.1] startup
[5.889s] [ext: omni.isaac.version-2.0.7] startup
2026-09-09T12:00:54Z [5,883ms] [Warning] [omni.isaac.version] omni.isaac.version has been deprecated in favor of isaacsim.core.version. Please update your code accordingly.
[5.890s] [ext: omni.isaac.cortex-1.0.5] startup
[5.890s] [ext: omni.anim.curve.core-1.3.1] startup
[5.896s] [ext: isaacsim.core.throttling-2.2.2] startup
[5.897s] [ext: omni.kit.menu.common-2.0.1] startup
[5.899s] [ext: isaacsim.exp.base-5.1.0] startup
[5.899s] [ext: isaacsim.exp.base.python-5.1.0] startup
[5.900s] Simulation App Starting
2026-09-09T12:00:54Z [6,024ms] [Warning] [omni.fabric.plugin] Warning: attribute viewportHandle not found for bucket id 9

[6.095s] app ready
Starting kit application with the following args:  ['/home/hoyunkim/isaacsim/exts/isaacsim.simulation_app/isaacsim/simulation_app/simulation_app.py', '/home/hoyunkim/isaacsim/apps/isaacsim.exp.base.python.kit', '--/app/tokens/exe-path=/home/hoyunkim/isaacsim/kit', '--/persistent/app/viewport/displayOptions=3094', '--/rtx/materialDb/syncLoads=True', '--/rtx/hydra/materialSyncLoads=True', '--/omni.kit.plugin/syncUsdLoads=True', '--/app/renderer/resolution/width=1280', '--/app/renderer/resolution/height=720', '--/app/window/width=1440', '--/app/window/height=900', '--/renderer/multiGpu/enabled=True', '--/app/fastShutdown=True', '--/app/installSignalHandlers=0', '--ext-folder', '/home/hoyunkim/isaacsim/exts', '--ext-folder', '/home/hoyunkim/isaacsim/apps', '--/physics/cudaDevice=0', '--/plugins/carb.tasking.plugin/threadCount=16', '--/plugins/omni.tbb.globalcontrol/maxThreadCount=16', '--portable']
Passing the following args to the base kit application:  ['--duration', '95', '--physics-trace', '--report', 'verification/runtime_fix_20260909/final_empty_gui.json']
Warp 1.8.2 initialized:
   CUDA Toolkit 12.8, Driver 13.0
   Devices:
     "cpu"      : "x86_64"
     "cuda:0"   : "NVIDIA GeForce RTX 5070 Ti" (15 GiB, sm_120, mempool enabled)
   Kernel cache:
     /home/hoyunkim/.cache/warp/1.8.2
Warp DeprecationWarning: The `warp.sim` module is deprecated and will be removed in v1.10. Please transition to using the forthcoming Newton library instead.
AMR_READY: RGB, depth, scans, joints and odometry are live. /cmd_vel enabled.
[7.733s] Simulation App Startup Complete
[7.742s] [ext: isaacsim.ros2.bridge-4.12.4] startup
[7.998s] Attempting to load system rclpy
[7.999s] Could not import system rclpy: No module named 'rclpy'
[7.999s] Attempting to load internal rclpy for ROS Distro: jazzy
[8.009s] rclpy loaded
2026-09-09T12:00:57Z [8,685ms] [Warning] [rtx.postprocessing.plugin] DLSS increasing input dimensions: Render resolution of (320, 180) is below minimal input resolution of 300.
2026-09-09T12:00:57Z [8,756ms] [Warning] [omni.syntheticdata.plugin] OgnSdPostRenderVarToHost : rendervar copy from texture directly to host buffer is counter-performant. Please use copy from texture to device buffer first.
AMR sim=10.0s ready=True cmd_count=0 camera_frames=[149, 149] scans={'front_right': 100, 'rear_left': 100} tilt_deg=0.000
AMR sim=20.0s ready=True cmd_count=0 camera_frames=[299, 299] scans={'front_right': 200, 'rear_left': 200} tilt_deg=0.000
AMR sim=30.0s ready=True cmd_count=0 camera_frames=[449, 449] scans={'front_right': 300, 'rear_left': 300} tilt_deg=0.000
AMR sim=40.0s ready=True cmd_count=127 camera_frames=[599, 599] scans={'front_right': 400, 'rear_left': 400} tilt_deg=0.000
AMR sim=50.0s ready=True cmd_count=127 camera_frames=[749, 749] scans={'front_right': 500, 'rear_left': 500} tilt_deg=0.000
AMR sim=60.0s ready=True cmd_count=127 camera_frames=[899, 899] scans={'front_right': 600, 'rear_left': 600} tilt_deg=0.000
AMR sim=70.0s ready=True cmd_count=127 camera_frames=[1049, 1049] scans={'front_right': 700, 'rear_left': 700} tilt_deg=0.000
AMR sim=80.0s ready=True cmd_count=127 camera_frames=[1199, 1199] scans={'front_right': 800, 'rear_left': 800} tilt_deg=0.000
AMR sim=90.1s ready=True cmd_count=127 camera_frames=[1349, 1349] scans={'front_right': 900, 'rear_left': 900} tilt_deg=0.000
Runtime report: verification/runtime_fix_20260909/final_empty_gui.json
2026-09-09T12:02:32Z [103,673ms] [Warning] [isaacsim.core.simulation_manager.plugin] No adjacent samples found for interpolation at time 2875/30
2026-09-09T12:02:32Z [103,674ms] [Warning] [isaacsim.core.simulation_manager.plugin] No adjacent samples found for interpolation at time 2875/30
[103.760s] Simulation App Shutting Down
