[Info] [carb] Logging to file: /home/hoyunkim/isaacsim/kit/logs/Kit/Isaac-Sim Python/5.1/kit_20260909_205045.log
2026-09-09T11:50:45Z [0ms] [Warning] [carb.crashreporter-breakpad.plugin] [previous crash] preventing upload of minidump due to user opt-out: '/home/hoyunkim/isaacsim/kit/data/Kit/Isaac-Sim Python/5.1/ef177824-28cb-456c-1d8886ab-7c3f4e6e.dmp'
2026-09-09T11:50:45Z [0ms] [Warning] [carb.crashreporter-breakpad.plugin] [previous crash] preventing upload of minidump due to user opt-out: '/home/hoyunkim/isaacsim/kit/data/Kit/Isaac-Sim Python/5.1/67ac068b-f638-41b4-e07d74b2-b78a46a3.dmp'
2026-09-09T11:50:45Z [0ms] [Warning] [carb.crashreporter-breakpad.plugin] [previous crash] preventing upload of minidump due to user opt-out: '/home/hoyunkim/isaacsim/kit/data/Kit/Isaac-Sim Python/5.1/a8b25471-f584-485e-b0f73096-3091a0e7.dmp'
2026-09-09T11:50:45Z [0ms] [Warning] [carb.crashreporter-breakpad.plugin] [previous crash] preventing upload of minidump due to user opt-out: '/home/hoyunkim/isaacsim/kit/data/Kit/Isaac-Sim Python/5.1/4ff91514-3cce-482b-3d7a418d-975ff533.dmp'
2026-09-09T11:50:45Z [1ms] [Warning] [carb.crashreporter-breakpad.plugin] [previous crash] preventing upload of minidump due to user opt-out: '/home/hoyunkim/isaacsim/kit/data/Kit/Isaac-Sim Python/5.1/a14f1e83-9105-4cc3-8f136382-2f7f62ed.dmp'
[0.024s] [ext: omni.kit.async_engine-0.0.3] startup
[0.206s] [ext: omni.metrics.core-0.0.3] startup
[0.206s] [ext: omni.client.lib-1.1.0] startup
[0.214s] [ext: omni.blobkey-1.1.2] startup
[0.214s] [ext: omni.stats-1.0.1] startup
[0.214s] [ext: omni.datastore-0.0.0] startup
[0.218s] [ext: omni.client-1.3.0] startup
[0.270s] [ext: omni.ujitso.default-1.0.0] startup
[0.271s] [ext: omni.hsscclient-1.1.2] startup
[0.275s] [ext: omni.gpu_foundation.shadercache.vulkan-1.0.0] startup
[0.276s] [ext: omni.assets.plugins-0.0.0] startup
[0.277s] [ext: omni.gpu_foundation-0.0.0] startup
[0.281s] [ext: carb.windowing.plugins-1.0.0] startup
[0.284s] [ext: omni.kit.renderer.init-0.0.0] startup
2026-09-09T11:50:45Z [471ms] [Warning] [gpu.foundation.plugin] Skipping unsupported non-NVIDIA GPU: AMD Ryzen 7 9700X 8-Core Processor (RADV RAPHAEL_MENDOCINO)
2026-09-09T11:50:45Z [471ms] [Warning] [gpu.foundation.plugin] Skipping unsupported non-NVIDIA GPU: AMD Ryzen 7 9700X 8-Core Processor (RADV RAPHAEL_MENDOCINO)

|---------------------------------------------------------------------------------------------|
| Driver Version: 580.142       | Graphics API: Vulkan
|=============================================================================================|
| GPU | Name                             | Active | LDA | GPU Memory | Vendor-ID | LUID       |
|     |                                  |        |     |            | Device-ID | UUID       |
|     |                                  |        |     |            | Bus-ID    |            |
|---------------------------------------------------------------------------------------------|
| 0   | NVIDIA GeForce RTX 5070 Ti       | Yes: 0 |     | 16303   MB | 10de      | 0          |
|     |                                  |        |     |            | 2c05      | 0789213c.. |
|     |                                  |        |     |            | 1         |            |
|---------------------------------------------------------------------------------------------|
| 1   | AMD Ryzen 7 9700X 8-Core Proce.. |        |     | 21992   MB | 1002      | 0          |
|     |                                  |        |     |            | 13c0      | 00000000.. |
|     |                                  |        |     |            | 10        |            |
|=============================================================================================|
| OS: 24.04.4 LTS (Noble Numbat) ubuntu, Version: 24.04.4, Kernel: 6.8.0-110-generic
| XServer Vendor: The X.Org Foundation, XServer Version: 12101011 (1.21.1.11)
| Processor: AMD Ryzen 7 9700X 8-Core Processor
| Cores: 8 | Logical Cores: 16
|---------------------------------------------------------------------------------------------|
| Total Memory (MB): 61882 | Free Memory: 41201
| Total Page/Swap (MB): 2047 | Free Page/Swap: 4
|---------------------------------------------------------------------------------------------|
2026-09-09T11:50:46Z [714ms] [Warning] [gpu.foundation.plugin] IOMMU is enabled.
2026-09-09T11:50:46Z [714ms] [Warning] [gpu.foundation.plugin] Detected IOMMU is enabled. Running CUDA peer-to-peer bandwidth and latency validation.
Unidirectional P2P=Enabled Bandwidth (P2P Writes) Matrix (GB/s)
   D\D     0 
     0 777.36 
P2P=Enabled Latency (P2P Writes) Matrix (us)
   GPU     0 
     0   2.06 

   CPU     0 
     0   1.80 
[0.800s] [ext: omni.kit.pipapi-0.0.0] startup
[0.801s] [ext: omni.kit.pip_archive-0.0.0] startup
[0.801s] [ext: omni.pip.compute-1.6.3] startup
[0.801s] [ext: omni.materialx.libs-1.0.7] startup
[0.806s] [ext: omni.pip.cloud-1.4.3] startup
[0.809s] [ext: omni.isaac.core_archive-3.0.0] startup
[0.809s] [ext: omni.usd.config-1.0.6] startup
[0.811s] [ext: omni.gpucompute.plugins-0.0.0] startup
[0.811s] [ext: omni.usd.libs-1.0.1] startup
[0.858s] [ext: omni.kit.telemetry-0.5.2] startup
[0.872s] [ext: omni.mdl-56.0.3] startup
[0.940s] [ext: omni.iray.libs-0.0.0] startup
[0.946s] [ext: omni.mdl.neuraylib-0.2.12] startup
[0.948s] [ext: omni.kit.usd.mdl-1.1.5] startup
[1.011s] [ext: omni.isaac.ml_archive-3.0.4] startup
[1.011s] [ext: omni.kit.loop-isaac-1.3.7] startup
[1.011s] [ext: omni.kit.test-2.0.1] startup
[1.041s] [ext: omni.appwindow-1.1.10] startup
[1.042s] [ext: omni.kit.renderer.core-1.1.0] startup
[1.170s] [ext: omni.kit.renderer.capture-0.0.0] startup
[1.172s] [ext: omni.kit.renderer.imgui-2.0.5] startup
[1.230s] [ext: omni.ui-2.27.1] startup
[1.235s] [ext: omni.kit.mainwindow-1.0.3] startup
[1.236s] [ext: carb.audio-0.1.0] startup
[1.238s] [ext: omni.uiaudio-1.0.0] startup
[1.239s] [ext: omni.kit.uiapp-0.0.0] startup
[1.239s] [ext: omni.usd.schema.metrics.assembler-107.3.1] startup
[1.240s] [ext: omni.usd.schema.audio-0.0.0] startup
[1.242s] [ext: omni.anim.graph.schema-107.3.3] startup
[1.248s] [ext: omni.usd_resolver-1.0.0] startup
[1.249s] [ext: omni.usd.core-1.5.3] startup
[1.251s] [ext: omni.usd.schema.render_settings.rtx-0.0.0] startup
[1.261s] [ext: omni.usd.schema.semantics-0.0.0] startup
[1.262s] [ext: isaacsim.robot.schema-3.6.0] startup
[1.267s] [ext: omni.usd.schema.geospatial-0.0.0] startup
[1.268s] [ext: omni.usd.schema.anim-0.0.0] startup
[1.276s] [ext: omni.kit.window.popup_dialog-2.0.24] startup
[1.278s] [ext: usdrt.scenegraph-7.6.1] startup
[1.300s] [ext: omni.timeline-1.0.14] startup
[1.301s] [ext: omni.resourcemonitor-107.0.1] startup
[1.302s] [ext: omni.activity.core-1.0.3] startup
[1.303s] [ext: omni.kit.widget.nucleus_connector-2.0.1] startup
[1.304s] [ext: omni.hydra.usdrt_delegate-7.5.1] startup
[1.307s] [ext: omni.kit.actions.core-1.0.0] startup
[1.308s] [ext: omni.graph.exec-0.9.6] startup
[1.309s] [ext: omni.kit.commands-1.4.10] startup
[1.311s] [ext: omni.kit.usd_undo-0.1.8] startup
[1.311s] [ext: omni.kit.exec.core-0.13.4] startup
[1.312s] [ext: omni.kit.audiodeviceenum-1.0.2] startup
[1.312s] [ext: omni.hydra.scene_delegate-0.3.4] startup
[1.315s] [ext: omni.usd-1.13.10] startup
[1.333s] [ext: omni.kit.asset_converter-5.0.17] startup
[1.340s] [ext: omni.usd.schema.flow-107.1.1] startup
[1.340s] [ext: omni.usd.schema.omnigraph-1.0.0] startup
[1.344s] [ext: omni.usd.schema.omni_sensors-0.0.0] startup
[1.344s] [ext: omni.anim.navigation.schema-107.3.3] startup
[1.346s] [ext: omni.inspect-1.0.2] startup
[1.347s] [ext: omni.kit.notification_manager-1.0.10] startup
[1.348s] [ext: omni.graph.core-2.184.5] startup
[1.349s] [ext: isaacsim.core.deprecation_manager-0.2.7] startup
[1.350s] [ext: omni.usd.schema.physx-107.3.26] startup
[1.371s] [ext: omni.usd.schema.isaac-3.0.5] startup
[1.371s] [ext: omni.usd.schema.omniscripting-1.0.0] startup
[1.374s] [ext: omni.usd.schema.omni_lens_distortion-0.0.0] startup
[1.374s] [ext: omni.kvdb-107.3.26] startup
[1.375s] [ext: omni.usdphysics-107.3.26] startup
[1.376s] [ext: omni.physx.foundation-107.3.26] startup
[1.377s] [ext: omni.localcache-107.3.26] startup
[1.378s] [ext: omni.convexdecomposition-107.3.26] startup
[1.379s] [ext: omni.physx.cooking-107.3.26] startup
[1.381s] [ext: omni.physx-107.3.26] startup
[1.386s] [ext: omni.physics-107.3.26] startup
[1.388s] [ext: omni.kit.usd.layers-2.2.11] startup
[1.392s] [ext: omni.physics.physx-107.3.26] startup
2026-09-09T11:50:46Z [1,387ms] [Warning] [carb] Acquiring non optional plugin interface which is not listed as dependency: [omni::physx::IPhysxBenchmarks v1.0] (plugin: <default plugin>), by client: omni.physics.physx.plugin. Add it to CARB_PLUGIN_IMPL_DEPS() macro of a client.
[1.393s] [ext: omni.physics.stageupdate-107.3.26] startup
[1.394s] [ext: omni.kit.numpy.common-0.1.3] startup
[1.395s] [ext: isaacsim.core.version-2.0.6] startup
[1.395s] [ext: omni.isaac.dynamic_control-2.0.7] startup
2026-09-09T11:50:46Z [1,392ms] [Warning] [omni.isaac.dynamic_control] omni.isaac.dynamic_control is deprecated as of Isaac Sim 4.5. No action is needed from end-users.
[1.399s] [ext: isaacsim.storage.native-1.5.1] startup
[1.400s] [ext: omni.kit.menu.core-1.1.2] startup
[1.400s] [ext: omni.kit.helper.file_utils-0.1.9] startup
[1.401s] [ext: omni.usd.metrics.assembler-107.3.1] startup
[1.404s] [ext: omni.kit.widget.context_menu-1.2.5] startup
[1.405s] [ext: omni.warp.core-1.8.2] startup
[1.528s] [ext: omni.usd.metrics.assembler.physics-107.3.26] startup
[1.529s] [ext: omni.physics.tensors-107.3.26] startup
[1.533s] [ext: omni.kit.context_menu-1.8.6] startup
[1.534s] [ext: omni.kit.clipboard-1.0.5] startup
[1.534s] [ext: isaacsim.core.utils-3.5.1] startup
[1.536s] [ext: omni.kit.widget.filebrowser-2.12.3] startup
[1.538s] [ext: omni.kit.widget.options_menu-1.1.6] startup
[1.540s] [ext: omni.kit.widget.path_field-2.0.11] startup
[1.540s] [ext: omni.index.libs-380600.8087.0] startup
[1.540s] [ext: omni.ui.scene-1.11.5] startup
[1.543s] [ext: omni.kit.widget.options_button-1.0.3] startup
[1.543s] [ext: omni.kit.widget.browser_bar-2.0.10] startup
[1.544s] [ext: omni.index-1.0.1] startup
[1.544s] [ext: omni.hydra.rtx.shadercache.vulkan-1.0.0] startup
[1.545s] [ext: omni.kit.window.filepicker-2.13.4] startup
[1.553s] [ext: omni.volume-0.5.2] startup
[1.555s] [ext: omni.ujitso.client-0.0.0] startup
[1.555s] [ext: omni.graph.tools-1.79.2] startup
[1.569s] [ext: omni.graph.image.core-0.6.1] startup
[1.570s] [ext: omni.hydra.rtx-1.0.0] startup
2026-09-09T11:50:46Z [1,575ms] [Warning] [omni.log] Source: omni.hydra was already registered.
[1.589s] [ext: omni.kit.window.file_importer-1.1.18] startup
[1.591s] [ext: omni.kit.menu.utils-2.0.5] startup
[1.595s] [ext: omni.graph.image.nodes-1.3.1] startup
[1.596s] [ext: omni.kit.widget.searchable_combobox-1.0.6] startup
[1.597s] [ext: omni.kit.hydra_texture-1.4.6] startup
[1.599s] [ext: omni.kit.material.library-2.0.7] startup
[1.602s] [ext: omni.hydra.engine.stats-1.0.3] startup
[1.603s] [ext: omni.kit.viewport.scene_camera_model-1.0.6] startup
[1.605s] [ext: omni.kit.widget.settings-1.2.6] startup
[1.606s] [ext: omni.kit.viewport.legacy_gizmos-1.0.19] startup
[1.607s] [ext: omni.kit.widget.viewport-107.1.3] startup
[1.609s] [ext: omni.kit.viewport.registry-104.0.6] startup
[1.610s] [ext: omni.kit.raycast.query-1.1.0] startup
[1.612s] [ext: omni.physx.tensors-107.3.26] startup
[1.628s] [ext: omni.kit.window.drop_support-1.0.5] startup
[1.629s] [ext: omni.kit.primitive.mesh-1.0.17] startup
[1.631s] [ext: omni.kit.viewport.window-107.2.0] startup
[1.642s] [ext: omni.kit.window.preferences-1.8.0] startup
[1.645s] [ext: isaacsim.core.simulation_manager-1.4.4] startup
[2.459s] [ext: omni.graph.action_core-1.1.7] startup
[2.460s] [ext: omni.graph-1.141.2] startup
[2.485s] [ext: omni.kit.viewport.utility-1.1.2] startup
[2.485s] [ext: omni.kit.viewport.menubar.core-107.2.1] startup
[2.494s] [ext: isaacsim.core.prims-0.6.1] startup
[2.510s] [ext: omni.graph.action_nodes-1.50.4] startup
[2.512s] [ext: omni.kit.stage_template.core-1.1.22] startup
[2.514s] [ext: omni.syntheticdata-0.6.13] startup
[2.535s] [ext: omni.graph.nodes-1.170.10] startup
[2.542s] [ext: omni.graph.action-1.130.0] startup
[2.543s] [ext: omni.kit.stage_templates-2.0.0] startup
[2.552s] [ext: omni.kit.widget.filter-1.1.4] startup
[2.556s] [ext: omni.kit.widget.graph-2.0.0] startup
[2.567s] [ext: omni.kit.property.adapter.core-1.0.2] startup
[2.569s] [ext: omni.kit.window.file_exporter-1.0.33] startup
[2.570s] [ext: omni.kit.widget.searchfield-1.1.8] startup
[2.571s] [ext: omni.kit.hotkeys.core-1.3.10] startup
[2.572s] [ext: omni.kit.graph.delegate.default-1.2.3] startup
[2.572s] [ext: omni.kit.property.adapter.fabric-1.0.3] startup
[2.574s] [ext: omni.kit.widget.stage-3.1.4] startup
[2.580s] [ext: omni.kit.property.adapter.usd-1.0.2] startup
[2.581s] [ext: omni.kit.graph.editor.core-1.5.3] startup
[2.583s] [ext: omni.kit.widget.material_preview-1.0.16] startup
[2.584s] [ext: omni.kit.widget.highlight_label-1.0.3] startup
[2.585s] [ext: omni.kit.window.file-2.0.5] startup
[2.587s] [ext: omni.kit.window.content_browser_registry-0.0.6] startup
[2.587s] [ext: omni.kit.window.property-1.12.1] startup
[2.589s] [ext: omni.kit.window.content_browser-3.1.3] startup
[2.596s] [ext: omni.kit.graph.usd.commands-1.3.1] startup
[2.597s] [ext: omni.kit.property.usd-4.5.12] startup
[2.604s] [ext: omni.graph.ui_nodes-1.50.5] startup
[2.606s] [ext: omni.videoencoding-0.1.2] startup
[2.607s] [ext: omni.kit.window.material_graph-1.9.1] startup
[2.616s] [ext: omni.warp-1.8.2] startup
[2.620s] [ext: isaacsim.core.api-4.8.0] startup
[2.661s] [ext: omni.graph.scriptnode-1.50.0] startup
[2.664s] [ext: isaacsim.test.docstring-1.1.0] startup
[2.670s] [ext: isaacsim.core.experimental.utils-0.3.0] startup
[2.677s] [ext: omni.replicator.core-1.12.27] startup
2026-09-09T11:50:48Z [2,686ms] [Warning] [pxr.Semantics] pxr.Semantics is deprecated - please use Semantics instead
2026-09-09T11:50:48Z [2,798ms] [Warning] [omni.graph.core.plugin] Found duplicate of category 'Replicator' - was 'Annotators', adding 'Fabric Reader'
2026-09-09T11:50:48Z [2,798ms] [Warning] [omni.graph.core.plugin] Category 'Replicator' not accepted on node type 'omni.replicator.core.FabricReader' in extension 'omni.replicator.core'
2026-09-09T11:50:48Z [2,799ms] [Warning] [omni.replicator.core.scripts.extension] No material configuration file, adding configuration to material settings directly.
[2.808s] [ext: isaacsim.core.experimental.prims-0.8.1] startup
[2.839s] [ext: omni.kit.window.extensions-1.4.27] startup
[2.849s] [ext: isaacsim.core.experimental.objects-0.4.0] startup
[2.863s] [ext: omni.ui_query-1.1.8] startup
[2.866s] [ext: omni.kit.manipulator.viewport-107.0.1] startup
[2.868s] [ext: isaacsim.robot.surface_gripper-3.3.1] startup
[2.874s] [ext: omni.kit.ui_test-1.3.7] startup
[2.879s] [ext: omni.graph.visualization.nodes-2.1.3] startup
[2.896s] [ext: isaacsim.robot_motion.lula-4.0.8] startup
[2.904s] [ext: isaacsim.core.nodes-3.4.3] startup
[2.911s] [ext: isaacsim.gui.components-1.2.1] startup
[2.919s] [ext: isaacsim.robot_motion.motion_generation-8.0.26] startup
[2.929s] [ext: isaacsim.robot.manipulators-3.3.6] startup
[2.936s] [ext: isaacsim.core.experimental.materials-0.4.0] startup
[2.944s] [ext: isaacsim.robot.manipulators.examples-1.1.2] startup
[2.951s] [ext: isaacsim.cortex.framework-1.0.12] startup
[2.958s] [ext: isaacsim.cortex.behaviors-2.0.14] startup
[2.964s] [ext: omni.isaac.cortex.sample_behaviors-2.0.5] startup
2026-09-09T11:50:48Z [2,960ms] [Warning] [omni.isaac.cortex] omni.isaac.cortex has been deprecated in favor of isaacsim.cortex.framework. Please update your code accordingly.
2026-09-09T11:50:48Z [2,960ms] [Warning] [omni.isaac.cortex.sample_behaviors] omni.isaac.cortex.sample_behaviors has been deprecated in favor of isaacsim.cortex.behaviors. Please update your code accordingly.
[2.966s] [ext: omni.kit.widget.zoombar-1.0.6] startup
[2.970s] [ext: isaacsim.gui.content_browser-0.1.11] startup
[2.975s] [ext: omni.kit.browser.core-2.3.13] startup
[2.982s] [ext: omni.kit.widget.stage_icons-1.0.8] startup
[2.992s] [ext: omni.kit.widget.prompt-1.0.7] startup
[3.010s] [ext: omni.kit.usd.collect-2.4.5] startup
[3.019s] [ext: omni.kit.browser.folder.core-1.10.9] startup
[3.067s] [ext: omni.kit.window.stage-2.6.1] startup
[3.123s] [ext: omni.kit.usdz_export-1.0.9] startup
[3.145s] [ext: omni.kit.tool.collect-2.2.18] startup
[3.168s] [ext: omni.kit.menu.stage-1.2.7] startup
[3.172s] [ext: omni.kit.tool.asset_importer-4.3.2] startup
[3.258s] [ext: isaacsim.robot.wheeled_robots-4.0.24] startup
[3.302s] [ext: isaacsim.examples.browser-0.2.1] startup
[3.306s] [ext: isaacsim.asset.importer.urdf-2.4.30] startup
[3.392s] [ext: omni.isaac.wheeled_robots-3.0.7] startup
2026-09-09T11:50:48Z [3,387ms] [Warning] [omni.isaac.wheeled_robots] omni.isaac.wheeled_robots has been deprecated in favor of isaacsim.robot.wheeled_robots. Please update your code accordingly.
2026-09-09T11:50:48Z [3,387ms] [Warning] [omni.isaac.wheeled_robots.controllers] omni.isaac.wheeled_robots has been deprecated in favor of isaacsim.robot.wheeled_robots. Please update your code accordingly.
2026-09-09T11:50:48Z [3,387ms] [Warning] [omni.isaac.wheeled_robots.controllers.ackermann_controller] omni.isaac.wheeled_robots has been deprecated in favor of isaacsim.robot.wheeled_robots. Please update your code accordingly.
2026-09-09T11:50:48Z [3,387ms] [Warning] [omni.isaac.wheeled_robots.controllers.differential_controller] omni.isaac.wheeled_robots has been deprecated in favor of isaacsim.robot.wheeled_robots. Please update your code accordingly.
2026-09-09T11:50:48Z [3,388ms] [Warning] [omni.isaac.wheeled_robots.controllers.holonomic_controller] omni.isaac.wheeled_robots has been deprecated in favor of isaacsim.robot.wheeled_robots. Please update your code accordingly.
2026-09-09T11:50:48Z [3,388ms] [Warning] [omni.isaac.wheeled_robots.controllers.quintic_path_planner] omni.isaac.wheeled_robots has been deprecated in favor of isaacsim.robot.wheeled_robots. Please update your code accordingly.
2026-09-09T11:50:48Z [3,389ms] [Warning] [omni.isaac.wheeled_robots.controllers.stanley_control] omni.isaac.wheeled_robots has been deprecated in favor of isaacsim.robot.wheeled_robots. Please update your code accordingly.
2026-09-09T11:50:48Z [3,389ms] [Warning] [omni.isaac.wheeled_robots.controllers.wheel_base_pose_controller] omni.isaac.wheeled_robots has been deprecated in favor of isaacsim.robot.wheeled_robots. Please update your code accordingly.
2026-09-09T11:50:48Z [3,391ms] [Warning] [omni.isaac.wheeled_robots.impl] omni.isaac.wheeled_robots has been deprecated in favor of isaacsim.robot.wheeled_robots. Please update your code accordingly.
2026-09-09T11:50:48Z [3,391ms] [Warning] [omni.isaac.wheeled_robots.robots] omni.isaac.wheeled_robots has been deprecated in favor of isaacsim.robot.wheeled_robots. Please update your code accordingly.
2026-09-09T11:50:48Z [3,391ms] [Warning] [omni.isaac.wheeled_robots.robots.holonomic_robot_usd_setup] omni.isaac.wheeled_robots has been deprecated in favor of isaacsim.robot.wheeled_robots. Please update your code accordingly.
2026-09-09T11:50:48Z [3,391ms] [Warning] [omni.isaac.wheeled_robots.robots.wheeled_robot] omni.isaac.wheeled_robots has been deprecated in favor of isaacsim.robot.wheeled_robots. Please update your code accordingly.
[3.398s] [ext: isaacsim.simulation_app-2.12.2] startup
[3.399s] [ext: omni.isaac.franka-1.0.7] startup
2026-09-09T11:50:48Z [3,393ms] [Warning] [omni.isaac.franka] omni.isaac.franka has been deprecated in favor of isaacsim.robot.manipulators.examples.franka. Please update your code accordingly.
2026-09-09T11:50:48Z [3,394ms] [Warning] [omni.isaac.franka.franka] omni.isaac.franka has been deprecated in favor of isaacsim.robot.manipulators.examples.franka. Please update your code accordingly.
2026-09-09T11:50:48Z [3,407ms] [Warning] [omni.isaac.franka.kinematics_solver] omni.isaac.franka has been deprecated in favor of isaacsim.robot.manipulators.examples.franka. Please update your code accordingly.
[3.413s] [ext: omni.isaac.kit-2.0.6] startup
2026-09-09T11:50:48Z [3,409ms] [Warning] [omni.isaac.kit] omni.isaac.kit has been deprecated in favor of isaacsim.simulation_app. Please update your code accordingly.
[3.415s] [ext: omni.kit.selection-0.1.6] startup
[3.416s] [ext: omni.isaac.lula-4.0.6] startup
2026-09-09T11:50:48Z [3,410ms] [Warning] [omni.isaac.lula] omni.isaac.lula has been deprecated in favor of isaacsim.robot_motion.lula. Please update your code accordingly.
[3.417s] [ext: isaacsim.robot_motion.lula_test_widget-1.0.12] startup
[3.418s] [ext: isaacsim.asset.browser-1.3.23] startup
[3.460s] [ext: omni.kit.viewport.actions-107.0.2] startup
[3.464s] [ext: isaacsim.gui.menu-2.4.4] startup
[3.467s] [ext: omni.isaac.manipulators-3.0.7] startup
2026-09-09T11:50:48Z [3,462ms] [Warning] [omni.isaac.manipulators] omni.isaac.manipulators has been deprecated in favor of isaacsim.robot.manipulators. Please update your code accordingly.
2026-09-09T11:50:48Z [3,462ms] [Warning] [omni.isaac.manipulators.controllers] omni.isaac.manipulators has been deprecated in favor of isaacsim.robot.manipulators. Please update your code accordingly.
2026-09-09T11:50:48Z [3,462ms] [Warning] [omni.isaac.manipulators.controllers.pick_place_controller] omni.isaac.manipulators has been deprecated in favor of isaacsim.robot.manipulators. Please update your code accordingly.
2026-09-09T11:50:48Z [3,463ms] [Warning] [omni.isaac.manipulators.controllers.stacking_controller] omni.isaac.manipulators has been deprecated in favor of isaacsim.robot.manipulators. Please update your code accordingly.
2026-09-09T11:50:48Z [3,463ms] [Warning] [omni.isaac.manipulators.grippers] omni.isaac.manipulators has been deprecated in favor of isaacsim.robot.manipulators. Please update your code accordingly.
2026-09-09T11:50:48Z [3,464ms] [Warning] [omni.isaac.manipulators.grippers.gripper] omni.isaac.manipulators has been deprecated in favor of isaacsim.robot.manipulators. Please update your code accordingly.
2026-09-09T11:50:48Z [3,464ms] [Warning] [omni.isaac.manipulators.grippers.parallel_gripper] omni.isaac.manipulators has been deprecated in favor of isaacsim.robot.manipulators. Please update your code accordingly.
2026-09-09T11:50:48Z [3,464ms] [Warning] [omni.isaac.manipulators.grippers.surface_gripper] omni.isaac.manipulators has been deprecated in favor of isaacsim.robot.manipulators. Please update your code accordingly.
2026-09-09T11:50:48Z [3,464ms] [Warning] [omni.isaac.manipulators.manipulators] omni.isaac.manipulators has been deprecated in favor of isaacsim.robot.manipulators. Please update your code accordingly.
2026-09-09T11:50:48Z [3,464ms] [Warning] [omni.isaac.manipulators.manipulators.single_manipulator] omni.isaac.manipulators has been deprecated in favor of isaacsim.robot.manipulators. Please update your code accordingly.
[3.470s] [ext: omni.isaac.lula_test_widget-1.0.6] startup
2026-09-09T11:50:48Z [3,465ms] [Warning] [omni.isaac.lula_test_widget] omni.isaac.lula_test_widget has been deprecated in favor of isaacsim.robot_motion.lula_test_widget. Please update your code accordingly.
[3.472s] [ext: omni.isaac.asset_browser-1.0.6] startup
2026-09-09T11:50:48Z [3,467ms] [Warning] [omni.isaac.asset_browser] omni.isaac.asset_browser has been deprecated in favor of isaacsim.asset.browser. Please update your code accordingly.
[3.473s] [ext: omni.kit.viewport.menubar.display-107.0.3] startup
[3.477s] [ext: omni.isaac.menu-1.0.6] startup
2026-09-09T11:50:48Z [3,471ms] [Warning] [omni.isaac.menu] omni.isaac.menu has been deprecated in favor of isaacsim.gui.menu. Please update your code accordingly.
[3.477s] [ext: omni.isaac.motion_generation-8.0.7] startup
2026-09-09T11:50:48Z [3,472ms] [Warning] [omni.isaac.motion_generation] omni.isaac.motion_generation has been deprecated in favor of isaacsim.robot_motion.motion_generation. Please update your code accordingly.
2026-09-09T11:50:48Z [3,472ms] [Warning] [omni.isaac.motion_generation.articulation_kinematics_solver] omni.isaac.motion_generation has been deprecated in favor of isaacsim.robot_motion.motion_generation. Please update your code accordingly.
2026-09-09T11:50:48Z [3,473ms] [Warning] [omni.isaac.motion_generation.articulation_motion_policy] omni.isaac.motion_generation has been deprecated in favor of isaacsim.robot_motion.motion_generation. Please update your code accordingly.
2026-09-09T11:50:48Z [3,473ms] [Warning] [omni.isaac.motion_generation.articulation_trajectory] omni.isaac.motion_generation has been deprecated in favor of isaacsim.robot_motion.motion_generation. Please update your code accordingly.
2026-09-09T11:50:48Z [3,473ms] [Warning] [omni.isaac.motion_generation.kinematics_interface] omni.isaac.motion_generation has been deprecated in favor of isaacsim.robot_motion.motion_generation. Please update your code accordingly.
2026-09-09T11:50:48Z [3,473ms] [Warning] [omni.isaac.motion_generation.lula] omni.isaac.motion_generation has been deprecated in favor of isaacsim.robot_motion.motion_generation. Please update your code accordingly.
2026-09-09T11:50:48Z [3,473ms] [Warning] [omni.isaac.motion_generation.lula.kinematics] omni.isaac.motion_generation has been deprecated in favor of isaacsim.robot_motion.motion_generation. Please update your code accordingly.
2026-09-09T11:50:48Z [3,473ms] [Warning] [omni.isaac.motion_generation.lula.motion_policies] omni.isaac.motion_generation has been deprecated in favor of isaacsim.robot_motion.motion_generation. Please update your code accordingly.
2026-09-09T11:50:48Z [3,474ms] [Warning] [omni.isaac.motion_generation.lula.path_planners] omni.isaac.motion_generation has been deprecated in favor of isaacsim.robot_motion.motion_generation. Please update your code accordingly.
2026-09-09T11:50:48Z [3,474ms] [Warning] [omni.isaac.motion_generation.lula.trajectory_generator] omni.isaac.motion_generation has been deprecated in favor of isaacsim.robot_motion.motion_generation. Please update your code accordingly.
2026-09-09T11:50:48Z [3,474ms] [Warning] [omni.isaac.motion_generation.motion_policy_controller] omni.isaac.motion_generation has been deprecated in favor of isaacsim.robot_motion.motion_generation. Please update your code accordingly.
2026-09-09T11:50:48Z [3,474ms] [Warning] [omni.isaac.motion_generation.motion_policy_interface] omni.isaac.motion_generation has been deprecated in favor of isaacsim.robot_motion.motion_generation. Please update your code accordingly.
2026-09-09T11:50:48Z [3,474ms] [Warning] [omni.isaac.motion_generation.path_planner_visualizer] omni.isaac.motion_generation has been deprecated in favor of isaacsim.robot_motion.motion_generation. Please update your code accordingly.
2026-09-09T11:50:48Z [3,474ms] [Warning] [omni.isaac.motion_generation.path_planning_interface] omni.isaac.motion_generation has been deprecated in favor of isaacsim.robot_motion.motion_generation. Please update your code accordingly.
2026-09-09T11:50:48Z [3,474ms] [Warning] [omni.isaac.motion_generation.trajectory] omni.isaac.motion_generation has been deprecated in favor of isaacsim.robot_motion.motion_generation. Please update your code accordingly.
2026-09-09T11:50:48Z [3,474ms] [Warning] [omni.isaac.motion_generation.world_interface] omni.isaac.motion_generation has been deprecated in favor of isaacsim.robot_motion.motion_generation. Please update your code accordingly.
[3.480s] [ext: omni.isaac.assets_check-0.3.13] startup
2026-09-09T11:50:48Z [3,475ms] [Warning] [omni.isaac.assets_check] omni.isaac.assets_check has been deprecated in favor of isaacsim.asset.browser. Please update your code accordingly.
[3.481s] [ext: isaacsim.gui.sensors.icon-2.0.3] startup
[3.490s] [ext: isaacsim.asset.importer.mjcf-2.5.13] startup
[3.493s] [ext: omni.sensors.nv.common-3.0.0] startup
[3.499s] [ext: isaacsim.sensors.physics-0.4.3] startup
[3.510s] [ext: omni.sensors.net-1.0.0] startup
[3.512s] [ext: omni.isaac.nucleus-1.0.6] startup
2026-09-09T11:50:48Z [3,506ms] [Warning] [omni.isaac.nucleus] omni.isaac.nucleus has been deprecated in favor of isaacsim.storage.native. Please update your code accordingly.
2026-09-09T11:50:48Z [3,506ms] [Warning] [omni.isaac.nucleus.nucleus] omni.isaac.nucleus.nucleus has been deprecated in favor of isaacsim.storage.native. Please update your code accordingly.
[3.513s] [ext: omni.sensors.nv.materials-2.0.0] startup
[3.516s] [ext: isaacsim.robot.policy.examples-4.1.11] startup
[3.518s] [ext: omni.sensors.nv.wpm-3.0.0] startup
[3.519s] [ext: omni.sensors.nv.lidar-3.0.0] startup
[3.523s] [ext: isaacsim.util.debug_draw-3.1.0] startup
[3.525s] [ext: omni.sensors.nv.radar-3.0.0] startup
[3.527s] [ext: omni.sensors.nv.ids-2.0.0] startup
[3.528s] [ext: isaacsim.core.cloner-1.4.10] startup
[3.529s] [ext: isaacsim.sensors.physx-2.3.2] startup
[3.532s] [ext: isaacsim.sensors.rtx-15.8.4] startup
[3.537s] [ext: isaacsim.sensors.camera-1.3.6] startup
[3.544s] [ext: omni.isaac.quadruped-3.0.7] startup
2026-09-09T11:50:48Z [3,539ms] [Warning] [omni.isaac.quadruped] omni.isaac.quadruped has been deprecated in favor of isaacsim.robot.policy.examples. Please update your code accordingly.
[3.546s] [ext: omni.isaac.cloner-1.0.7] startup
2026-09-09T11:50:48Z [3,541ms] [Warning] [omni.isaac.cloner] omni.isaac.cloner has been deprecated in favor of isaacsim.core.cloner. Please update your code accordingly.
[3.548s] [ext: omni.isaac.range_sensor-4.0.6] startup
2026-09-09T11:50:48Z [3,543ms] [Warning] [omni.isaac.range_sensor] omni.isaac.range_sensor has been deprecated in favor of isaacsim.sensors.physx. Please update your code accordingly.
2026-09-09T11:50:48Z [3,544ms] [Warning] [omni.isaac.range_sensor.commands] omni.isaac.range_sensor.commands has been deprecated in favor of isaacsim.sensors.physx.commands. Please update your code accordingly.
[3.551s] [ext: omni.isaac.sensor-13.0.7] startup
2026-09-09T11:50:48Z [3,546ms] [Warning] [omni.isaac.sensor] omni.isaac.sensor has been deprecated in favor of isaacsim.sensors.camera, isaacsim.sensors.physics, isaacsim.sensors.physx, and isaacsim.sensors.rtx. Please update your code accordingly.
2026-09-09T11:50:48Z [3,547ms] [Warning] [omni.isaac.sensor.camera] omni.isaac.sensor.camera has been deprecated in favor of isaacsim.sensors.camera.camera. Please update your code accordingly.
2026-09-09T11:50:48Z [3,547ms] [Warning] [omni.isaac.sensor.camera_view] omni.isaac.sensor.camera_view has been deprecated in favor of isaacsim.sensors.camera.camera_view. Please update your code accordingly.
2026-09-09T11:50:48Z [3,547ms] [Warning] [omni.isaac.sensor.commands] omni.isaac.sensor.commands has been deprecated in favor of isaacsim.sensors.physics.commands, isaacsim.sensors.physx.commands, and isaacsim.sensors.rtx.commands. Please update your code accordingly.
2026-09-09T11:50:48Z [3,547ms] [Warning] [omni.isaac.sensor.contact_sensor] omni.isaac.sensor.contact_sensor has been deprecated in favor of isaacsim.sensors.physics.contact_sensor. Please update your code accordingly.
2026-09-09T11:50:48Z [3,547ms] [Warning] [omni.isaac.sensor.imu_sensor] omni.isaac.sensor.imu_sensor has been deprecated in favor of isaacsim.sensors.physics.imu_sensor. Please update your code accordingly.
2026-09-09T11:50:48Z [3,547ms] [Warning] [omni.isaac.sensor.lidar_rtx] omni.isaac.sensor.lidar_rtx has been deprecated in favor of isaacsim.sensors.rtx.lidar_rtx. Please update your code accordingly.
2026-09-09T11:50:48Z [3,547ms] [Warning] [omni.isaac.sensor.rotating_lidar_physX] omni.isaac.sensor.imu_sensor has been deprecated in favor of isaacsim.sensors.physix.rotating_lidar_physX. Please update your code accordingly.
2026-09-09T11:50:48Z [3,548ms] [Warning] [omni.isaac.sensor.scripts.samples.contact_sensor] omni.isaac.sensor.scripts.samples.contact_sensor has been deprecated in favor of isaacsim.sensors.physics.scripts.samples.contact_sensor. Please update your code accordingly.
2026-09-09T11:50:48Z [3,548ms] [Warning] [omni.isaac.sensor.scripts.samples.imu_sensor] omni.isaac.sensor.scripts.samples.imu_sensor has been deprecated in favor of isaacsim.sensors.physics.scripts.samples.imu_sensor. Please update your code accordingly.
2026-09-09T11:50:48Z [3,548ms] [Warning] [omni.isaac.sensor.scripts.samples.lightbeam_sensor] omni.isaac.sensor.scripts.samples.lightbeam_sensor has been deprecated in favor of isaacsim.sensors.physx.scripts.samples.lightbeam_sensor. Please update your code accordingly.
[3.554s] [ext: omni.kit.menu.create-2.0.1] startup
[3.556s] [ext: omni.kit.widget.toolbar-2.0.1] startup
[3.565s] [ext: omni.kit.manipulator.transform-107.0.0] startup
[3.568s] [ext: omni.isaac.core-4.0.7] startup
2026-09-09T11:50:48Z [3,563ms] [Warning] [omni.isaac.core.physics_context.physics_context] omni.isaac.core.physics_context.physics_context has been deprecated in favor of isaacsim.core.api.physics_context.physics_context. Please update your code accordingly.
2026-09-09T11:50:48Z [3,563ms] [Warning] [omni.isaac.core.simulation_context.simulation_context] omni.isaac.core.simulation_context.simulation_context has been deprecated in favor of isaacsim.core.api.simulation_context.simulation_context. Please update your code accordingly.
2026-09-09T11:50:48Z [3,563ms] [Warning] [omni.isaac.core.world.world] omni.isaac.core.world.world has been deprecated in favor of isaacsim.core.api.world.world. Please update your code accordingly.
2026-09-09T11:50:48Z [3,563ms] [Warning] [omni.isaac.core] omni.isaac.core has been deprecated in favor of isaacsim.core.api. Please update your code accordingly.
[3.569s] [ext: omni.kit.scripting-107.3.2] startup
[3.573s] [ext: omni.kit.manipulator.tool.snap-1.5.13] startup
[3.577s] [ext: omni.kit.manipulator.selector-1.1.3] startup
[3.578s] [ext: isaacsim.app.about-2.0.11] startup
[3.583s] [ext: isaacsim.replicator.behavior-1.1.16] startup
[3.583s] [ext: omni.kit.viewport.manipulator.transform-107.0.4] startup
[3.585s] [ext: omni.isaac.window.about-2.0.7] startup
2026-09-09T11:50:48Z [3,580ms] [Warning] [omni.isaac.window.about] omni.isaac.window.about has been deprecated in favor of isaacsim.app.about. Please update your code accordingly.
2026-09-09T11:50:48Z [3,580ms] [Warning] [omni.isaac.window.about.about] omni.isaac.window.about.about has been deprecated in favor of isaacsim.app.about.about. Please update your code accordingly.
[3.586s] [ext: omni.fabric.commands-1.1.6] startup
[3.588s] [ext: omni.kit.manipulator.prim.core-107.0.8] startup
[3.592s] [ext: omni.kit.property.audio-1.0.16] startup
[3.594s] [ext: omni.kit.property.camera-1.0.10] startup
[3.595s] [ext: omni.kit.property.geometry-2.0.4] startup
[3.597s] [ext: omni.hydra.scene_api-0.1.2] startup
[3.600s] [ext: omni.kit.property.light-1.0.12] startup
[3.607s] [ext: omni.kit.manipulator.prim.fabric-107.0.4] startup
[3.608s] [ext: omni.kit.manipulator.prim.usd-107.0.3] startup
[3.609s] [ext: omni.kit.property.material-1.11.9] startup
[3.613s] [ext: omni.kit.property.render-1.2.1] startup
[3.614s] [ext: omni.kit.property.transform-1.5.13] startup
[3.617s] [ext: isaacsim.gui.property-1.1.3] startup
[3.618s] [ext: omni.kit.manipulator.camera-106.0.4] startup
[3.620s] [ext: omni.kit.manipulator.prim-107.0.0] startup
[3.621s] [ext: omni.isaac.surface_gripper-2.0.6] startup
2026-09-09T11:50:48Z [3,615ms] [Warning] [omni.isaac.surface_gripper] omni.isaac.surface_gripper has been deprecated in favor of isaacsim.robot.surface_gripper. Please update your code accordingly.
[3.621s] [ext: omni.kit.manipulator.selection-106.0.1] startup
[3.623s] [ext: omni.kit.property.bundle-1.4.1] startup
[3.624s] [ext: omni.kit.property.isaac-1.0.6] startup
2026-09-09T11:50:48Z [3,619ms] [Warning] [omni.kit.property.isaac] omni.kit.property.isaac has been deprecated in favor of isaacsim.gui.property. Please update your code accordingly.
2026-09-09T11:50:48Z [3,619ms] [Warning] [omni.kit.property.isaac.widgets] omni.kit.property.isaac.widgets has been deprecated in favor of isaacsim.gui.property.widgets. Please update your code accordingly.
[3.625s] [ext: omni.isaac.universal_robots-1.0.6] startup
2026-09-09T11:50:48Z [3,619ms] [Warning] [omni.isaac.universal_robots] omni.isaac.universal_robots has been deprecated in favor of isaacsim.robot.manipulators.examples.universal_robots. Please update your code accordingly.
2026-09-09T11:50:48Z [3,619ms] [Warning] [omni.isaac.universal_robots.kinematics_solver] omni.isaac.franka has been deprecated in favor of isaacsim.robot.manipulators.examples.universal_robots. Please update your code accordingly.
2026-09-09T11:50:48Z [3,620ms] [Warning] [omni.isaac.universal_robots.ur10] omni.isaac.franka has been deprecated in favor of isaacsim.robot.manipulators.examples.universal_robots. Please update your code accordingly.
[3.626s] [ext: omni.isaac.core_nodes-2.0.6] startup
2026-09-09T11:50:48Z [3,622ms] [Warning] [omni.isaac.core_nodes] omni.isaac.core_nodes has been deprecated in favor of isaacsim.core.nodes. Please update your code accordingly.
[3.628s] [ext: omni.kit.viewport.menubar.camera-107.0.6] startup
[3.634s] [ext: omni.kit.viewport.menubar.lighting-107.3.1] startup
[3.636s] [ext: isaacsim.replicator.writers-1.0.17] startup
[3.646s] [ext: omni.kit.viewport.menubar.render-107.0.10] startup
[3.651s] [ext: omni.kit.viewport.menubar.settings-107.0.3] startup
[3.658s] [ext: omni.kit.window.console-1.1.4] startup
[3.660s] [ext: isaacsim.replicator.domain_randomization-1.0.16] startup
[3.662s] [ext: isaacsim.replicator.examples-1.3.6] startup
[3.664s] [ext: omni.ocio-0.1.1] startup
[3.666s] [ext: omni.rtx.window.settings-0.6.19] startup
[3.678s] [ext: omni.kit.window.status_bar-0.1.9] startup
[3.683s] [ext: omni.kit.window.toolbar-2.0.0] startup
[3.685s] [ext: omni.replicator.isaac-2.0.8] startup
2026-09-09T11:50:49Z [3,680ms] [Warning] [omni.replicator.isaac] omni.replicator.isaac has been deprecated in favor of isaacsim.replicator.domain_randomization, isaacsim.replicator.examples, isaacsim.replicator.writers. Please update your code accordingly.
[3.686s] [ext: omni.replicator.replicator_yaml-2.0.11] startup
[3.697s] [ext: omni.rtx.settings.core-0.6.5] startup
[3.701s] [ext: omni.usd.metrics.assembler.ui-107.3.1] startup
[3.708s] [ext: omni.isaac.utils-2.0.6] startup
[3.709s] [ext: semantics.schema.editor-2.0.2] startup
[3.712s] [ext: omni.kit.ui.actions-1.0.5] startup
[3.714s] [ext: semantics.schema.property-2.0.1] startup
[3.715s] [ext: omni.isaac.version-2.0.7] startup
2026-09-09T11:50:49Z [3,709ms] [Warning] [omni.isaac.version] omni.isaac.version has been deprecated in favor of isaacsim.core.version. Please update your code accordingly.
[3.715s] [ext: omni.isaac.cortex-1.0.5] startup
[3.716s] [ext: omni.anim.curve.core-1.3.1] startup
[3.723s] [ext: isaacsim.core.throttling-2.2.2] startup
[3.725s] [ext: omni.kit.menu.common-2.0.1] startup
[3.727s] [ext: isaacsim.exp.base-5.1.0] startup
[3.727s] [ext: isaacsim.exp.base.python-5.1.0] startup
[3.728s] Simulation App Starting
2026-09-09T11:50:49Z [3,838ms] [Warning] [omni.fabric.plugin] Warning: attribute viewportHandle not found for bucket id 9

[3.862s] app ready
Starting kit application with the following args:  ['/home/hoyunkim/isaacsim/exts/isaacsim.simulation_app/isaacsim/simulation_app/simulation_app.py', '/home/hoyunkim/isaacsim/apps/isaacsim.exp.base.python.kit', '--/app/tokens/exe-path=/home/hoyunkim/isaacsim/kit', '--/persistent/app/viewport/displayOptions=3094', '--/rtx/materialDb/syncLoads=True', '--/rtx/hydra/materialSyncLoads=True', '--/omni.kit.plugin/syncUsdLoads=True', '--/app/renderer/resolution/width=1280', '--/app/renderer/resolution/height=720', '--/app/window/width=1440', '--/app/window/height=900', '--/renderer/multiGpu/enabled=True', '--/app/fastShutdown=False', '--/app/installSignalHandlers=0', '--ext-folder', '/home/hoyunkim/isaacsim/exts', '--ext-folder', '/home/hoyunkim/isaacsim/apps', '--/physics/cudaDevice=0', '--/plugins/carb.tasking.plugin/threadCount=16', '--/plugins/omni.tbb.globalcontrol/maxThreadCount=16', '--portable', '--no-window', '--/app/window/hideUi=1']
Passing the following args to the base kit application:  ['--headless', '--world', 'verification/runtime_fix_20260909/velocity1.usda', '--duration', '40', '--physics-trace', '--report', 'verification/runtime_fix_20260909/velocity1.json']
Warp 1.8.2 initialized:
   CUDA Toolkit 12.8, Driver 13.0
   Devices:
     "cpu"      : "x86_64"
     "cuda:0"   : "NVIDIA GeForce RTX 5070 Ti" (15 GiB, sm_120, mempool enabled)
   Kernel cache:
     /home/hoyunkim/.cache/warp/1.8.2
Warp DeprecationWarning: The `warp.sim` module is deprecated and will be removed in v1.10. Please transition to using the forthcoming Newton library instead.
AMR_READY: RGB, depth, scans, joints and odometry are live. /cmd_vel enabled.
[5.610s] Simulation App Startup Complete
[5.620s] [ext: isaacsim.ros2.bridge-4.12.4] startup
[5.648s] Attempting to load system rclpy
[5.648s] Could not import system rclpy: No module named 'rclpy'
[5.648s] Attempting to load internal rclpy for ROS Distro: jazzy
[5.659s] rclpy loaded
2026-09-09T11:50:51Z [6,545ms] [Warning] [rtx.postprocessing.plugin] DLSS increasing input dimensions: Render resolution of (320, 180) is below minimal input resolution of 300.
2026-09-09T11:50:51Z [6,619ms] [Warning] [omni.syntheticdata.plugin] OgnSdPostRenderVarToHost : rendervar copy from texture directly to host buffer is counter-performant. Please use copy from texture to device buffer first.
AMR sim=9.8s ready=True cmd_count=0 camera_frames=[146, 146] scans={'front_right': 98, 'rear_left': 98}
AMR sim=19.7s ready=True cmd_count=0 camera_frames=[295, 295] scans={'front_right': 197, 'rear_left': 197}
AMR sim=29.7s ready=True cmd_count=0 camera_frames=[444, 444] scans={'front_right': 296, 'rear_left': 296}
AMR sim=39.6s ready=True cmd_count=0 camera_frames=[593, 593] scans={'front_right': 396, 'rear_left': 396}
Runtime report: verification/runtime_fix_20260909/velocity1.json
2026-09-09T11:51:32Z [46,926ms] [Warning] [isaacsim.core.simulation_manager.plugin] No adjacent samples found for interpolation at time 1229/30
2026-09-09T11:51:32Z [46,926ms] [Warning] [isaacsim.core.simulation_manager.plugin] No adjacent samples found for interpolation at time 1229/30
[47.018s] Simulation App Shutting Down
[47.019s] [ext: isaacsim.exp.base.python-5.1.0] shutdown
[47.019s] [ext: isaacsim.exp.base-5.1.0] shutdown
[47.019s] [ext: omni.isaac.window.about-2.0.7] shutdown
[47.155s] [ext: isaacsim.app.about-2.0.11] shutdown
[47.328s] [ext: omni.isaac.asset_browser-1.0.6] shutdown
[47.463s] [ext: omni.isaac.assets_check-0.3.13] shutdown
[47.599s] [ext: isaacsim.asset.browser-1.3.23] shutdown
[47.801s] [ext: isaacsim.asset.importer.mjcf-2.5.13] shutdown
[48.170s] [ext: isaacsim.asset.importer.urdf-2.4.30] shutdown
[48.545s] [ext: omni.isaac.menu-1.0.6] shutdown
[48.684s] [ext: isaacsim.gui.menu-2.4.4] shutdown
[49.537s] [ext: omni.replicator.isaac-2.0.8] shutdown
[49.669s] [ext: isaacsim.replicator.domain_randomization-1.0.16] shutdown
[49.802s] [ext: isaacsim.replicator.examples-1.3.6] shutdown
[49.933s] [ext: isaacsim.replicator.writers-1.0.17] shutdown
[50.064s] [ext: omni.isaac.cortex.sample_behaviors-2.0.5] shutdown
[50.194s] [ext: isaacsim.cortex.behaviors-2.0.14] shutdown
[50.323s] [ext: omni.isaac.cortex-1.0.5] shutdown
[50.452s] [ext: isaacsim.cortex.framework-1.0.12] shutdown
[50.584s] [ext: omni.isaac.franka-1.0.7] shutdown
[50.714s] [ext: omni.isaac.universal_robots-1.0.6] shutdown
[50.846s] [ext: isaacsim.robot.manipulators.examples-1.1.2] shutdown
[50.977s] [ext: omni.isaac.manipulators-3.0.7] shutdown
[51.112s] [ext: isaacsim.robot.manipulators-3.3.6] shutdown
[51.243s] [ext: omni.isaac.quadruped-3.0.7] shutdown
[51.372s] [ext: isaacsim.robot.policy.examples-4.1.11] shutdown
[51.499s] [ext: omni.isaac.wheeled_robots-3.0.7] shutdown
[51.625s] [ext: isaacsim.robot.wheeled_robots-4.0.24] shutdown
[51.753s] [ext: omni.isaac.lula_test_widget-1.0.6] shutdown
[51.877s] [ext: isaacsim.robot_motion.lula_test_widget-1.0.12] shutdown
[52.277s] [ext: omni.isaac.motion_generation-8.0.7] shutdown
[52.406s] [ext: isaacsim.robot_motion.motion_generation-8.0.26] shutdown
[52.532s] [ext: omni.isaac.sensor-13.0.7] shutdown
[52.657s] [ext: isaacsim.ros2.bridge-4.12.4] shutdown
[53.481s] [ext: isaacsim.sensors.physics-0.4.3] shutdown
[53.831s] [ext: omni.isaac.range_sensor-4.0.6] shutdown
[53.947s] [ext: isaacsim.sensors.physx-2.3.2] shutdown
[54.065s] [ext: isaacsim.sensors.rtx-15.8.4] shutdown
[54.412s] [ext: omni.isaac.core-4.0.7] shutdown
[54.528s] [ext: isaacsim.sensors.camera-1.3.6] shutdown
[54.644s] [ext: omni.isaac.core_nodes-2.0.6] shutdown
[54.761s] [ext: isaacsim.core.nodes-3.4.3] shutdown
[54.932s] [ext: omni.isaac.surface_gripper-2.0.6] shutdown
[55.282s] [ext: isaacsim.robot.surface_gripper-3.3.1] shutdown
[55.625s] [ext: isaacsim.core.api-4.8.0] shutdown
[55.736s] [ext: omni.isaac.cloner-1.0.7] shutdown
[55.847s] [ext: isaacsim.core.cloner-1.4.10] shutdown
[55.960s] [ext: isaacsim.core.experimental.materials-0.4.0] shutdown
[56.073s] [ext: isaacsim.core.experimental.objects-0.4.0] shutdown
[56.185s] [ext: isaacsim.core.experimental.prims-0.8.1] shutdown
[56.300s] [ext: isaacsim.core.experimental.utils-0.3.0] shutdown
[56.411s] [ext: isaacsim.core.prims-0.6.1] shutdown
[56.522s] [ext: isaacsim.core.simulation_manager-1.4.4] shutdown
[56.636s] [ext: isaacsim.gui.sensors.icon-2.0.3] shutdown
[56.746s] [ext: omni.isaac.utils-2.0.6] shutdown
[56.853s] [ext: isaacsim.core.utils-3.5.1] shutdown
[56.964s] [ext: isaacsim.replicator.behavior-1.1.16] shutdown
[57.074s] [ext: omni.isaac.nucleus-1.0.6] shutdown
[57.183s] [ext: isaacsim.storage.native-1.5.1] shutdown
[57.290s] [ext: omni.isaac.version-2.0.7] shutdown
[57.396s] [ext: isaacsim.core.version-2.0.6] shutdown
[57.504s] [ext: omni.kit.property.isaac-1.0.6] shutdown
[57.612s] [ext: isaacsim.util.debug_draw-3.1.0] shutdown
[57.721s] [ext: omni.isaac.kit-2.0.6] shutdown
[57.827s] [ext: omni.isaac.lula-4.0.6] shutdown
[57.938s] [ext: isaacsim.gui.property-1.1.3] shutdown
[58.049s] [ext: isaacsim.test.docstring-1.1.0] shutdown
[58.158s] [ext: isaacsim.core.deprecation_manager-0.2.7] shutdown
[58.264s] [ext: isaacsim.core.throttling-2.2.2] shutdown
[58.371s] [ext: isaacsim.examples.browser-0.2.1] shutdown
[58.542s] [ext: isaacsim.gui.components-1.2.1] shutdown
[58.648s] [ext: isaacsim.gui.content_browser-0.1.11] shutdown
[58.755s] [ext: isaacsim.robot.schema-3.6.0] shutdown
[58.966s] [ext: isaacsim.robot_motion.lula-4.0.8] shutdown
[59.179s] [ext: isaacsim.simulation_app-2.12.2] shutdown
[59.284s] [ext: omni.isaac.ml_archive-3.0.4] shutdown
[59.470s] [ext: omni.isaac.core_archive-3.0.0] shutdown
[59.644s] [ext: omni.kit.property.bundle-1.4.1] shutdown
[59.731s] [ext: omni.kit.property.geometry-2.0.4] shutdown
[59.818s] [ext: omni.kit.property.material-1.11.9] shutdown
[59.904s] [ext: omni.kit.property.transform-1.5.13] shutdown
[59.989s] [ext: semantics.schema.property-2.0.1] shutdown
[60.306s] [ext: omni.replicator.replicator_yaml-2.0.11] shutdown
[60.684s] [ext: omni.replicator.core-1.12.27] shutdown
[60.794s] [ext: omni.graph.scriptnode-1.50.0] shutdown
[60.868s] [ext: omni.kit.property.audio-1.0.16] shutdown
[60.943s] [ext: omni.kit.property.camera-1.0.10] shutdown
[61.017s] [ext: omni.kit.property.light-1.0.12] shutdown
[61.093s] [ext: omni.kit.property.render-1.2.1] shutdown
[61.168s] [ext: omni.kit.scripting-107.3.2] shutdown
[61.244s] [ext: omni.warp-1.8.2] shutdown
[61.383s] [ext: omni.kit.property.usd-4.5.12] shutdown
[61.457s] [ext: omni.kit.window.console-1.1.4] shutdown
[61.554s] [ext: omni.kit.menu.stage-1.2.7] shutdown
[61.627s] [ext: omni.kit.tool.asset_importer-4.3.2] shutdown
[61.762s] [ext: omni.kit.tool.collect-2.2.18] shutdown
[61.898s] [ext: omni.kit.window.content_browser-3.1.3] shutdown
[61.995s] [ext: omni.kit.window.extensions-1.4.27] shutdown
[62.090s] [ext: omni.graph.action-1.130.0] shutdown
[62.160s] [ext: omni.graph.action_nodes-1.50.4] shutdown
[62.232s] [ext: omni.kit.browser.folder.core-1.10.9] shutdown
[62.301s] [ext: omni.kit.window.content_browser_registry-0.0.6] shutdown
[62.371s] [ext: omni.kit.usdz_export-1.0.9] shutdown
[62.444s] [ext: omni.kit.window.material_graph-1.9.1] shutdown
[62.587s] [ext: omni.kit.window.stage-2.6.1] shutdown
[62.680s] [ext: omni.kit.widget.stage-3.1.4] shutdown
[62.746s] [ext: omni.kit.window.file-2.0.5] shutdown
[62.813s] [ext: omni.rtx.settings.core-0.6.5] shutdown
[62.882s] [ext: omni.rtx.window.settings-0.6.19] shutdown
[62.974s] [ext: omni.kit.window.file_exporter-1.0.33] shutdown
[63.079s] [ext: omni.kit.browser.core-2.3.13] shutdown
[63.144s] [ext: omni.usd.metrics.assembler.ui-107.3.1] shutdown
[63.211s] [ext: omni.kit.viewport.menubar.display-107.0.3] shutdown
[63.276s] [ext: omni.kit.viewport.actions-107.0.2] shutdown
[63.347s] [ext: omni.graph.ui_nodes-1.50.5] shutdown
[63.414s] [ext: omni.graph.visualization.nodes-2.1.3] shutdown
[63.481s] [ext: omni.kit.manipulator.prim-107.0.0] shutdown
[63.482s] [ext: omni.kit.manipulator.prim.fabric-107.0.4] shutdown
[63.546s] [ext: omni.kit.manipulator.prim.usd-107.0.3] shutdown
[63.610s] [ext: omni.kit.manipulator.prim.core-107.0.8] shutdown
[63.611s] [ext: omni.kit.viewport.manipulator.transform-107.0.4] shutdown
[63.674s] [ext: omni.kit.manipulator.tool.snap-1.5.13] shutdown
[63.738s] [ext: omni.syntheticdata-0.6.13] shutdown
[63.802s] [ext: omni.kit.viewport.menubar.lighting-107.3.1] shutdown
[63.863s] [ext: omni.kit.viewport.utility-1.1.2] shutdown
[63.924s] [ext: omni.kit.viewport.window-107.2.0] shutdown
[64.034s] [ext: omni.kit.material.library-2.0.7] shutdown
[64.118s] [ext: omni.kit.window.file_importer-1.1.18] shutdown
[64.216s] [ext: omni.kit.window.filepicker-2.13.4] shutdown
[64.278s] [ext: omni.kit.clipboard-1.0.5] shutdown
[64.341s] [ext: omni.graph.nodes-1.170.10] shutdown
[64.404s] [ext: omni.graph.image.nodes-1.3.1] shutdown
[64.405s] [ext: omni.graph.image.core-0.6.1] shutdown
[64.406s] [ext: omni.sensors.nv.ids-2.0.0] shutdown
[64.465s] [ext: omni.sensors.nv.lidar-3.0.0] shutdown
[64.525s] [ext: omni.sensors.nv.radar-3.0.0] shutdown
[64.586s] [ext: omni.sensors.nv.materials-2.0.0] shutdown
[64.648s] [ext: omni.sensors.nv.wpm-3.0.0] shutdown
[64.649s] [ext: omni.sensors.nv.common-3.0.0] shutdown
[64.710s] [ext: omni.anim.curve.core-1.3.1] shutdown
[64.999s] [ext: omni.graph-1.141.2] shutdown
[65.098s] [ext: omni.graph.action_core-1.1.7] shutdown
[65.155s] [ext: omni.graph.core-2.184.5] shutdown
[65.155s] [ext: omni.kit.widget.material_preview-1.0.16] shutdown
[65.210s] [ext: omni.kit.widget.viewport-107.1.3] shutdown
[65.268s] [ext: omni.kit.hydra_texture-1.4.6] shutdown
[65.323s] [ext: omni.kit.graph.editor.core-1.5.3] shutdown
[65.382s] [ext: omni.kit.graph.delegate.default-1.2.3] shutdown
[65.437s] [ext: omni.kit.widget.filebrowser-2.12.3] shutdown
[65.492s] [ext: omni.kit.window.toolbar-2.0.0] shutdown
[65.573s] [ext: omni.kit.widget.toolbar-2.0.1] shutdown
[65.630s] [ext: omni.kit.menu.common-2.0.1] shutdown
[65.723s] [ext: omni.kit.manipulator.transform-107.0.0] shutdown
[65.777s] [ext: omni.kit.viewport.menubar.camera-107.0.6] shutdown
[65.830s] [ext: omni.kit.viewport.menubar.render-107.0.10] shutdown
[65.882s] [ext: omni.kit.viewport.menubar.settings-107.0.3] shutdown
[65.936s] [ext: omni.kit.viewport.menubar.core-107.2.1] shutdown
[65.990s] [ext: omni.kit.window.preferences-1.8.0] shutdown
[66.057s] [ext: omni.kit.window.property-1.12.1] shutdown
[66.123s] [ext: omni.fabric.commands-1.1.6] shutdown
[66.173s] [ext: omni.kit.stage_templates-2.0.0] shutdown
[66.268s] [ext: omni.kit.primitive.mesh-1.0.17] shutdown
[66.332s] [ext: omni.kit.menu.create-2.0.1] shutdown
[66.397s] [ext: semantics.schema.editor-2.0.2] shutdown
[66.709s] [ext: omni.kit.menu.utils-2.0.5] shutdown
[66.761s] [ext: omni.kit.ui_test-1.3.7] shutdown
[66.810s] [ext: omni.kit.widget.settings-1.2.6] shutdown
[66.861s] [ext: omni.kit.window.drop_support-1.0.5] shutdown
[66.910s] [ext: omni.kit.window.status_bar-0.1.9] shutdown
[66.962s] [ext: omni.ui_query-1.1.8] shutdown
[67.012s] [ext: omni.kit.ui.actions-1.0.5] shutdown
[67.060s] [ext: omni.kit.context_menu-1.8.6] shutdown
[67.107s] [ext: omni.kit.widget.context_menu-1.2.5] shutdown
[67.155s] [ext: omni.kit.menu.core-1.1.2] shutdown
[67.203s] [ext: omni.kit.viewport.registry-104.0.6] shutdown
[67.250s] [ext: omni.kit.widget.browser_bar-2.0.10] shutdown
[67.297s] [ext: omni.kit.widget.graph-2.0.0] shutdown
[67.343s] [ext: omni.kit.widget.options_button-1.0.3] shutdown
[67.391s] [ext: omni.kit.widget.path_field-2.0.11] shutdown
[67.438s] [ext: omni.isaac.dynamic_control-2.0.7] shutdown
[67.718s] [ext: omni.physics.stageupdate-107.3.26] shutdown
[67.764s] [ext: omni.kit.notification_manager-1.0.10] shutdown
[67.811s] [ext: omni.kit.widget.prompt-1.0.7] shutdown
[67.858s] [ext: omni.kit.widget.searchable_combobox-1.0.6] shutdown
[67.903s] [ext: omni.kit.widget.filter-1.1.4] shutdown
[67.949s] [ext: omni.kit.widget.zoombar-1.0.6] shutdown
[67.995s] [ext: omni.kit.widget.searchfield-1.1.8] shutdown
[68.041s] [ext: omni.kit.hotkeys.core-1.3.10] shutdown
[68.086s] [ext: omni.kit.selection-0.1.6] shutdown
[68.133s] [ext: omni.hydra.engine.stats-1.0.3] shutdown
[68.179s] [ext: omni.kit.asset_converter-5.0.17] shutdown
[68.224s] [ext: omni.kit.property.adapter.fabric-1.0.3] shutdown
[68.269s] [ext: omni.kit.property.adapter.usd-1.0.2] shutdown
[68.312s] [ext: omni.kit.property.adapter.core-1.0.2] shutdown
[68.396s] [ext: omni.kit.manipulator.selector-1.1.3] shutdown
[68.439s] [ext: omni.kit.viewport.legacy_gizmos-1.0.19] shutdown
[68.485s] [ext: omni.kit.raycast.query-1.1.0] shutdown
[68.529s] [ext: omni.kit.usd.layers-2.2.11] shutdown
[68.572s] [ext: omni.kit.viewport.scene_camera_model-1.0.6] shutdown
[68.615s] [ext: omni.physx.tensors-107.3.26] shutdown
[68.616s] [ext: omni.kit.stage_template.core-1.1.22] shutdown
[68.659s] [ext: omni.kit.helper.file_utils-0.1.9] shutdown
[68.702s] [ext: omni.kit.usd.collect-2.4.5] shutdown
[68.745s] [ext: omni.hydra.scene_api-0.1.2] shutdown
[68.788s] [ext: omni.kit.graph.usd.commands-1.3.1] shutdown
[68.830s] [ext: omni.kit.manipulator.camera-106.0.4] shutdown
[68.872s] [ext: omni.usd-1.13.10] shutdown
[69.274s] [ext: omni.kit.widget.nucleus_connector-2.0.1] shutdown
[69.355s] [ext: omni.kit.widget.options_menu-1.1.6] shutdown
[69.398s] [ext: omni.kit.window.popup_dialog-2.0.24] shutdown
[69.439s] [ext: omni.kit.manipulator.viewport-107.0.1] shutdown
[69.482s] [ext: omni.kit.manipulator.selection-106.0.1] shutdown
[69.523s] [ext: omni.ui.scene-1.11.5] shutdown
[69.565s] [ext: omni.kit.uiapp-0.0.0] shutdown
[69.565s] [ext: omni.kit.mainwindow-1.0.3] shutdown
[69.607s] [ext: omni.kit.widget.highlight_label-1.0.3] shutdown
[69.648s] [ext: omni.ui-2.27.1] shutdown
[69.690s] [ext: omni.kit.renderer.imgui-2.0.5] shutdown
[69.736s] [ext: omni.kit.renderer.capture-0.0.0] shutdown
[69.778s] [ext: omni.kit.renderer.core-1.1.0] shutdown
[69.825s] [ext: omni.appwindow-1.1.10] shutdown
[69.865s] [ext: omni.graph.tools-1.79.2] shutdown
[69.906s] [ext: omni.kit.test-2.0.1] shutdown
[69.944s] [ext: omni.kit.loop-isaac-1.3.7] shutdown
[69.980s] [ext: omni.pip.cloud-1.4.3] shutdown
[70.050s] [ext: omni.pip.compute-1.6.3] shutdown
[70.136s] [ext: omni.usd.schema.isaac-3.0.5] shutdown
[70.136s] [ext: omni.kit.audiodeviceenum-1.0.2] shutdown
[70.162s] [ext: omni.uiaudio-1.0.0] shutdown
[70.190s] [ext: carb.audio-0.1.0] shutdown
[70.217s] [ext: omni.kit.renderer.init-0.0.0] shutdown
[70.217s] [ext: carb.windowing.plugins-1.0.0] shutdown
[70.218s] [ext: omni.hydra.usdrt_delegate-7.5.1] shutdown
[70.246s] [ext: omni.activity.core-1.0.3] shutdown
[70.273s] [ext: omni.anim.graph.schema-107.3.3] shutdown
[70.300s] [ext: omni.anim.navigation.schema-107.3.3] shutdown
[70.328s] [ext: omni.physics.physx-107.3.26] shutdown
[70.357s] [ext: omni.physx-107.3.26] shutdown
[70.394s] [ext: omni.physx.cooking-107.3.26] shutdown
[70.423s] [ext: omni.convexdecomposition-107.3.26] shutdown
[70.451s] [ext: omni.ocio-0.1.1] shutdown
[70.478s] [ext: omni.hydra.rtx-1.0.0] shutdown
[70.482s] [ext: omni.hydra.scene_delegate-0.3.4] shutdown
[70.483s] [ext: omni.index-1.0.1] shutdown
[70.483s] [ext: omni.kit.usd.mdl-1.1.5] shutdown
[70.535s] [ext: omni.usd.schema.omni_lens_distortion-0.0.0] shutdown
[70.561s] [ext: omni.usd.schema.omni_sensors-0.0.0] shutdown
[70.588s] [ext: omni.usd.schema.render_settings.rtx-0.0.0] shutdown
[70.613s] [ext: omni.usd.core-1.5.3] shutdown
[70.614s] [ext: omni.usd.schema.omnigraph-1.0.0] shutdown
[70.641s] [ext: omni.usd.schema.omniscripting-1.0.0] shutdown
[70.666s] [ext: omni.kit.usd_undo-0.1.8] shutdown
[70.692s] [ext: omni.usd.schema.geospatial-0.0.0] shutdown
[70.718s] [ext: omni.usd.metrics.assembler.physics-107.3.26] shutdown
[70.744s] [ext: omni.usd.metrics.assembler-107.3.1] shutdown
[70.771s] [ext: omni.usd.schema.metrics.assembler-107.3.1] shutdown
[70.796s] [ext: omni.physics.tensors-107.3.26] shutdown
[70.821s] [ext: omni.usdphysics-107.3.26] shutdown
[70.847s] [ext: omni.usd.schema.physx-107.3.26] shutdown
[70.872s] [ext: omni.usd_resolver-1.0.0] shutdown
[70.898s] [ext: omni.kit.exec.core-0.13.4] shutdown
[70.923s] [ext: omni.usd.schema.anim-0.0.0] shutdown
[70.948s] [ext: omni.usd.schema.semantics-0.0.0] shutdown
[70.973s] [ext: omni.usd.schema.audio-0.0.0] shutdown
[70.997s] [ext: omni.usd.schema.flow-107.1.1] shutdown
[71.023s] [ext: usdrt.scenegraph-7.6.1] shutdown
[71.046s] [ext: omni.usd.libs-1.0.1] shutdown
[71.075s] [ext: omni.gpucompute.plugins-0.0.0] shutdown
[71.075s] [ext: omni.physx.foundation-107.3.26] shutdown
[71.097s] [ext: omni.resourcemonitor-107.0.1] shutdown
[71.119s] [ext: omni.gpu_foundation-0.0.0] shutdown
[71.141s] [ext: omni.videoencoding-0.1.2] shutdown
[71.162s] [ext: omni.volume-0.5.2] shutdown
[71.186s] [ext: omni.assets.plugins-0.0.0] shutdown
[71.186s] [ext: omni.ujitso.client-0.0.0] shutdown
[71.186s] [ext: omni.ujitso.default-1.0.0] shutdown
[71.207s] [ext: omni.datastore-0.0.0] shutdown
[71.207s] [ext: omni.hsscclient-1.1.2] shutdown
[71.228s] [ext: omni.blobkey-1.1.2] shutdown
[71.228s] [ext: omni.mdl.neuraylib-0.2.12] shutdown
[71.247s] [ext: omni.mdl-56.0.3] shutdown
[71.268s] [ext: omni.client-1.3.0] shutdown
[71.269s] [ext: omni.gpu_foundation.shadercache.vulkan-1.0.0] shutdown
[71.289s] [ext: omni.graph.exec-0.9.6] shutdown
[71.290s] [ext: omni.hydra.rtx.shadercache.vulkan-1.0.0] shutdown
[71.310s] [ext: omni.index.libs-380600.8087.0] shutdown
[71.310s] [ext: omni.inspect-1.0.2] shutdown
[71.330s] [ext: omni.iray.libs-0.0.0] shutdown
[71.330s] [ext: omni.kit.commands-1.4.10] shutdown
[71.351s] [ext: omni.kit.actions.core-1.0.0] shutdown
[71.374s] [ext: omni.kit.numpy.common-0.1.3] shutdown
[71.394s] [ext: omni.kit.telemetry-0.5.2] shutdown
[71.414s] [ext: omni.warp.core-1.8.2] shutdown
[71.433s] [ext: omni.kit.pip_archive-0.0.0] shutdown
[71.461s] [ext: omni.kit.pipapi-0.0.0] shutdown
[71.472s] [ext: omni.kit.widget.stage_icons-1.0.8] shutdown
[71.525s] [ext: omni.localcache-107.3.26] shutdown
[71.545s] [ext: omni.kvdb-107.3.26] shutdown
[71.564s] [ext: omni.usd.config-1.0.6] shutdown
[71.581s] [ext: omni.materialx.libs-1.0.7] shutdown
[71.599s] [ext: omni.metrics.core-0.0.3] shutdown
[71.599s] [ext: omni.physics-107.3.26] shutdown
[71.617s] [ext: omni.sensors.net-1.0.0] shutdown
[72.516s] [ext: omni.stats-1.0.1] shutdown
[72.533s] [ext: omni.timeline-1.0.14] shutdown
[72.550s] [ext: omni.client.lib-1.1.0] shutdown
[72.567s] [ext: omni.kit.async_engine-0.0.3] shutdown
Runtime report: verification/runtime_fix_20260909/velocity1.json
Fatal Python error: Segmentation fault

Current thread 0x00007f5eb7ac0fc0 (most recent call first):
  Garbage-collecting
  <no Python frame>
/home/hoyunkim/isaacsim/python.sh: line 73: 4099688 Segmentation fault      (core dumped) $python_exe "${filtered_args[@]}" $args
There was an error running python
