running develop
running egg_info
creating amr_tools.egg-info
writing amr_tools.egg-info/PKG-INFO
writing dependency_links to amr_tools.egg-info/dependency_links.txt
writing entry points to amr_tools.egg-info/entry_points.txt
writing requirements to amr_tools.egg-info/requires.txt
writing top-level names to amr_tools.egg-info/top_level.txt
writing manifest file 'amr_tools.egg-info/SOURCES.txt'
reading manifest file 'amr_tools.egg-info/SOURCES.txt'
writing manifest file 'amr_tools.egg-info/SOURCES.txt'
running build_ext
Creating /home/hoyunkim/amr_isaac51/ros2_ws/install/amr_tools/lib/python3.12/site-packages/amr-tools.egg-link (link to .)
Installing monitor script to /home/hoyunkim/amr_isaac51/ros2_ws/install/amr_tools/lib/amr_tools
Installing smoke script to /home/hoyunkim/amr_isaac51/ros2_ws/install/amr_tools/lib/amr_tools
Installing teleop script to /home/hoyunkim/amr_isaac51/ros2_ws/install/amr_tools/lib/amr_tools

Installed /home/hoyunkim/amr_isaac51/ros2_ws/build/amr_tools
running symlink_data
creating /home/hoyunkim/amr_isaac51/ros2_ws/install/amr_tools/share/ament_index
creating /home/hoyunkim/amr_isaac51/ros2_ws/install/amr_tools/share/ament_index/resource_index
creating /home/hoyunkim/amr_isaac51/ros2_ws/install/amr_tools/share/ament_index/resource_index/packages
symbolically linking /home/hoyunkim/amr_isaac51/ros2_ws/build/amr_tools/resource/amr_tools -> /home/hoyunkim/amr_isaac51/ros2_ws/install/amr_tools/share/ament_index/resource_index/packages
symbolically linking /home/hoyunkim/amr_isaac51/ros2_ws/build/amr_tools/package.xml -> /home/hoyunkim/amr_isaac51/ros2_ws/install/amr_tools/share/amr_tools
creating /home/hoyunkim/amr_isaac51/ros2_ws/install/amr_tools/share/amr_tools/launch
symbolically linking /home/hoyunkim/amr_isaac51/ros2_ws/build/amr_tools/launch/view.launch.py -> /home/hoyunkim/amr_isaac51/ros2_ws/install/amr_tools/share/amr_tools/launch
creating /home/hoyunkim/amr_isaac51/ros2_ws/install/amr_tools/share/amr_tools/rviz
symbolically linking /home/hoyunkim/amr_isaac51/ros2_ws/build/amr_tools/rviz/amr.rviz -> /home/hoyunkim/amr_isaac51/ros2_ws/install/amr_tools/share/amr_tools/rviz
