[0.475s] Invoking command in '/home/hoyunkim/amr_isaac51/ros2_ws/build/amr_tools': DEBUGINFOD_URLS=https://debuginfod.ubuntu.com PYTHONPATH=/home/hoyunkim/amr_isaac51/ros2_ws/build/amr_tools/prefix_override:/usr/lib/python3/dist-packages/colcon_core/task/python/colcon_distutils_commands:/home/hoyunkim/amr_isaac51/ros2_ws/install/amr_tools/lib/python3.12/site-packages:${PYTHONPATH} /usr/bin/python3 -W ignore:setup.py install is deprecated -W ignore:easy_install command is deprecated setup.py develop --editable --build-directory /home/hoyunkim/amr_isaac51/ros2_ws/build/amr_tools/build --no-deps symlink_data
[0.610s] running develop
[0.688s] running egg_info
[0.688s] creating amr_tools.egg-info
[0.696s] writing amr_tools.egg-info/PKG-INFO
[0.697s] writing dependency_links to amr_tools.egg-info/dependency_links.txt
[0.697s] writing entry points to amr_tools.egg-info/entry_points.txt
[0.697s] writing requirements to amr_tools.egg-info/requires.txt
[0.697s] writing top-level names to amr_tools.egg-info/top_level.txt
[0.697s] writing manifest file 'amr_tools.egg-info/SOURCES.txt'
[0.713s] reading manifest file 'amr_tools.egg-info/SOURCES.txt'
[0.713s] writing manifest file 'amr_tools.egg-info/SOURCES.txt'
[0.721s] running build_ext
[0.721s] Creating /home/hoyunkim/amr_isaac51/ros2_ws/install/amr_tools/lib/python3.12/site-packages/amr-tools.egg-link (link to .)
[0.722s] Installing monitor script to /home/hoyunkim/amr_isaac51/ros2_ws/install/amr_tools/lib/amr_tools
[0.722s] Installing smoke script to /home/hoyunkim/amr_isaac51/ros2_ws/install/amr_tools/lib/amr_tools
[0.722s] Installing teleop script to /home/hoyunkim/amr_isaac51/ros2_ws/install/amr_tools/lib/amr_tools
[0.722s] 
[0.722s] Installed /home/hoyunkim/amr_isaac51/ros2_ws/build/amr_tools
[0.722s] running symlink_data
[0.722s] creating /home/hoyunkim/amr_isaac51/ros2_ws/install/amr_tools/share/ament_index
[0.722s] creating /home/hoyunkim/amr_isaac51/ros2_ws/install/amr_tools/share/ament_index/resource_index
[0.722s] creating /home/hoyunkim/amr_isaac51/ros2_ws/install/amr_tools/share/ament_index/resource_index/packages
[0.722s] symbolically linking /home/hoyunkim/amr_isaac51/ros2_ws/build/amr_tools/resource/amr_tools -> /home/hoyunkim/amr_isaac51/ros2_ws/install/amr_tools/share/ament_index/resource_index/packages
[0.722s] symbolically linking /home/hoyunkim/amr_isaac51/ros2_ws/build/amr_tools/package.xml -> /home/hoyunkim/amr_isaac51/ros2_ws/install/amr_tools/share/amr_tools
[0.722s] creating /home/hoyunkim/amr_isaac51/ros2_ws/install/amr_tools/share/amr_tools/launch
[0.722s] symbolically linking /home/hoyunkim/amr_isaac51/ros2_ws/build/amr_tools/launch/view.launch.py -> /home/hoyunkim/amr_isaac51/ros2_ws/install/amr_tools/share/amr_tools/launch
[0.722s] creating /home/hoyunkim/amr_isaac51/ros2_ws/install/amr_tools/share/amr_tools/rviz
[0.722s] symbolically linking /home/hoyunkim/amr_isaac51/ros2_ws/build/amr_tools/rviz/amr.rviz -> /home/hoyunkim/amr_isaac51/ros2_ws/install/amr_tools/share/amr_tools/rviz
[0.737s] Invoked command in '/home/hoyunkim/amr_isaac51/ros2_ws/build/amr_tools' returned '0': DEBUGINFOD_URLS=https://debuginfod.ubuntu.com PYTHONPATH=/home/hoyunkim/amr_isaac51/ros2_ws/build/amr_tools/prefix_override:/usr/lib/python3/dist-packages/colcon_core/task/python/colcon_distutils_commands:/home/hoyunkim/amr_isaac51/ros2_ws/install/amr_tools/lib/python3.12/site-packages:${PYTHONPATH} /usr/bin/python3 -W ignore:setup.py install is deprecated -W ignore:easy_install command is deprecated setup.py develop --editable --build-directory /home/hoyunkim/amr_isaac51/ros2_ws/build/amr_tools/build --no-deps symlink_data
